<html>
<body>
<pre>
<h1>µVision Build Log</h1>
<h2>Tool Versions:</h2>
IDE-Version: ¦ÌVision V5.35.0.0
Copyright (C) 2021 ARM Ltd and ARM Germany GmbH. All rights reserved.
License Information:  ,  , LIC=X96CK-ZEKZR-013P1-CK7UJ-P01QW-NMN2A
 
Tool Versions:
Toolchain:       MDK-ARM Plus  Version: 5.35.0.2
Toolchain Path:  E:\Keil_v5\ARM\ARMCC\Bin
C Compiler:      Armcc.exe V5.06 update 7 (build 960)
Assembler:       Armasm.exe V5.06 update 7 (build 960)
Linker/Locator:  ArmLink.exe V5.06 update 7 (build 960)
Library Manager: ArmAr.exe V5.06 update 7 (build 960)
Hex Converter:   FromElf.exe V5.06 update 7 (build 960)
CPU DLL:         SARMCM3.DLL V5.35.0.2
Dialog DLL:      DCM.DLL V1.17.3.0
Target DLL:      STLink\ST-LINKIII-KEIL_SWO.dll V3.0.9.0
Dialog DLL:      TCM.DLL V1.53.0.0
 
<h2>Project:</h2>
D:\PKU\SmartPublicBathroom\Project\1_ShowerTerminal\Software\2_Project\Project\ShowerTerminal.uvprojx
Project File Date:  05/29/2022

<h2>Output:</h2>
*** Using Compiler 'V5.06 update 7 (build 960)', folder: 'E:\Keil_v5\ARM\ARMCC\Bin'
Build target 'F401RE'
compiling main.c...
..\User\main.c(122): warning:  #167-D: argument of type "uint8_t *" is incompatible with parameter of type "char *restrict"
          sprintf(Content, "%d\r\n", status);
..\User\main.c(126): warning:  #167-D: argument of type "char *" is incompatible with parameter of type "uint8_t *"
          Communicate_ZigBeeRX(Receive_Buffer);
..\User\main.c(131): warning:  #167-D: argument of type "char *" is incompatible with parameter of type "uint8_t *"
          Display_ShowString(0, 0, Receive_Buffer, 0xFF, FONTSIZE_8);
..\User\main.c(88): warning:  #177-D: variable "Transmit_Buffer"  was declared but never referenced
      char Transmit_Buffer[] = "Hello world!";
..\User\main.c: 4 warnings, 0 errors
linking...
Program Size: Code=6968 RO-data=2764 RW-data=56 ZI-data=1560  
FromELF: creating hex file...
".\Output\STM32F401RE.axf" - 0 Error(s), 4 Warning(s).

<h2>Software Packages used:</h2>

Package Vendor: Keil
                http://www.keil.com/pack/Keil.STM32F4xx_DFP.2.15.0.pack
                Keil.STM32F4xx_DFP.2.15.0
                STMicroelectronics STM32F4 Series Device Support, Drivers and Examples

<h2>Collection of Component include folders:</h2>
  E:\Keil_v5\Arm\Packs\Keil\STM32F4xx_DFP\2.15.0\Drivers\CMSIS\Device\ST\STM32F4xx\Include

<h2>Collection of Component Files used:</h2>
Build Time Elapsed:  00:00:01
</pre>
</body>
</html>
