<html>
<body>
<pre>
<h1>µVision Build Log</h1>
<h2>Tool Versions:</h2>
IDE-Version: ¦ÌVision V5.35.0.0
Copyright (C) 2021 ARM Ltd and ARM Germany GmbH. All rights reserved.
License Information:  ,  , LIC=X96CK-ZEKZR-013P1-CK7UJ-P01QW-NMN2A
 
Tool Versions:
Toolchain:       MDK-ARM Plus  Version: 5.35.0.2
Toolchain Path:  E:\Keil_v5\ARM\ARMCC\Bin
C Compiler:      Armcc.exe V5.06 update 7 (build 960)
Assembler:       Armasm.exe V5.06 update 7 (build 960)
Linker/Locator:  ArmLink.exe V5.06 update 7 (build 960)
Library Manager: ArmAr.exe V5.06 update 7 (build 960)
Hex Converter:   FromElf.exe V5.06 update 7 (build 960)
CPU DLL:         SARMCM3.DLL V5.35.0.2
Dialog DLL:      DCM.DLL V1.17.3.0
Target DLL:      STLink\ST-LINKIII-KEIL_SWO.dll V3.0.9.0
Dialog DLL:      TCM.DLL V1.53.0.0
 
<h2>Project:</h2>
D:\PKU\SmartPublicBathroom\Project\1_ShowerTerminal\Software\2_Project\Project\ShowerTerminal.uvprojx
Project File Date:  06/01/2022

<h2>Output:</h2>
*** Using Compiler 'V5.06 update 7 (build 960)', folder: 'E:\Keil_v5\ARM\ARMCC\Bin'
Build target 'F401RE'
compiling UserLibrary.c...
..\..\1_Library\UserLibrary.c(207): warning:  #167-D: argument of type "uint8_t *" is incompatible with parameter of type "char *restrict"
                  sprintf(ACK, "$%cA$", ShowerTerminalSerial);
..\..\1_Library\UserLibrary.c(213): warning:  #167-D: argument of type "uint8_t *" is incompatible with parameter of type "char *restrict"
                  sprintf(NAK, "$%cN$", ShowerTerminalSerial);
..\..\1_Library\UserLibrary.c(422): warning:  #167-D: argument of type "uint8_t *" is incompatible with parameter of type "char *restrict"
          sprintf(Content, "Temp: %.2f", Terminal_Information.WaterTemperature);
..\..\1_Library\UserLibrary.c(426): warning:  #167-D: argument of type "uint8_t *" is incompatible with parameter of type "char *restrict"
          sprintf(Content, "Flow: %.2f", Terminal_Information.WaterFlow);
..\..\1_Library\UserLibrary.c(430): warning:  #167-D: argument of type "uint8_t *" is incompatible with parameter of type "char *restrict"
          sprintf(Content, "Remain: %.2f", remain);
..\..\1_Library\UserLibrary.c(443): warning:  #167-D: argument of type "uint8_t *" is incompatible with parameter of type "char *restrict"
          sprintf(Content, "Water Stop!");
..\..\1_Library\UserLibrary.c(462): warning:  #167-D: argument of type "uint8_t *" is incompatible with parameter of type "char *restrict"
          sprintf(Content, "Time Up!");
..\..\1_Library\UserLibrary.c(469): warning:  #167-D: argument of type "uint8_t *" is incompatible with parameter of type "char *restrict"
          sprintf(Content, "Time Up Soon!");
..\..\1_Library\UserLibrary.c(480): warning:  #167-D: argument of type "uint8_t *" is incompatible with parameter of type "char *restrict"
      sprintf(Content, "No Appointment!");
..\..\1_Library\UserLibrary.c(517): warning:  #167-D: argument of type "uint8_t *" is incompatible with parameter of type "char *restrict"
      sprintf(Content, "Cost: %.2f", cost);
..\..\1_Library\UserLibrary.c(542): warning:  #167-D: argument of type "uint8_t *" is incompatible with parameter of type "char *restrict"
      sprintf(Content, "Swipe Card!");
..\..\1_Library\UserLibrary.c(554): warning:  #167-D: argument of type "uint8_t *" is incompatible with parameter of type "char *restrict"
      sprintf(Content, "Object Left!");
..\..\1_Library\UserLibrary.c(564): warning:  #167-D: argument of type "uint8_t *" is incompatible with parameter of type "char *restrict"
          sprintf(Content, "Reserved!");
..\..\1_Library\UserLibrary.c(568): warning:  #167-D: argument of type "uint8_t *" is incompatible with parameter of type "char *restrict"
          sprintf(Content, "Idle...");
..\..\1_Library\UserLibrary.c(637): warning:  #167-D: argument of type "uint8_t *" is incompatible with parameter of type "char *restrict"
      sprintf(Content, "%02d%02d%02d %02d:%02d ", Terminal_Information.CurrentDate.RTC_Year,
..\..\1_Library\UserLibrary.c(645): warning:  #167-D: argument of type "uint8_t *" is incompatible with parameter of type "char *restrict"
          sprintf(Content, "WaterON");
..\..\1_Library\UserLibrary.c(649): warning:  #167-D: argument of type "uint8_t *" is incompatible with parameter of type "char *restrict"
          sprintf(Content, "NoWater");
..\..\1_Library\UserLibrary.c(654): warning:  #167-D: argument of type "uint8_t *" is incompatible with parameter of type "const char *"
      uint8_t FrontSpace = (16 - strlen(MainContent)) / 2;
..\..\1_Library\UserLibrary.c(659): warning:  #167-D: argument of type "uint8_t *" is incompatible with parameter of type "const char *"
      Display_ShowString(FrontSpace * 8, 1, MainContent, strlen(MainContent), FONTSIZE_16);
..\..\1_Library\UserLibrary.c(660): warning:  #167-D: argument of type "uint8_t *" is incompatible with parameter of type "const char *"
      for (int i = FrontSpace + strlen(MainContent); i < 16; i++)
..\..\1_Library\UserLibrary.c(668): warning:  #167-D: argument of type "uint8_t *" is incompatible with parameter of type "char *restrict"
          sprintf(Content, "Valve ON ");
..\..\1_Library\UserLibrary.c(672): warning:  #167-D: argument of type "uint8_t *" is incompatible with parameter of type "char *restrict"
          sprintf(Content, "Valve OFF ");
..\..\1_Library\UserLibrary.c(676): warning:  #167-D: argument of type "uint8_t *" is incompatible with parameter of type "char *restrict"
      sprintf(Content, "%011d", Terminal_Information.UserSerial);
..\..\1_Library\UserLibrary.c: 23 warnings, 0 errors
linking...
Program Size: Code=21012 RO-data=2532 RW-data=80 ZI-data=1864  
FromELF: creating hex file...
".\Output\STM32F401RE.axf" - 0 Error(s), 23 Warning(s).

<h2>Software Packages used:</h2>

Package Vendor: Keil
                http://www.keil.com/pack/Keil.STM32F4xx_DFP.2.15.0.pack
                Keil.STM32F4xx_DFP.2.15.0
                STMicroelectronics STM32F4 Series Device Support, Drivers and Examples

<h2>Collection of Component include folders:</h2>
  E:\Keil_v5\Arm\Packs\Keil\STM32F4xx_DFP\2.15.0\Drivers\CMSIS\Device\ST\STM32F4xx\Include

<h2>Collection of Component Files used:</h2>
Build Time Elapsed:  00:00:02
</pre>
</body>
</html>
