<html>
<body>
<pre>
<h1>µVision Build Log</h1>
<h2>Tool Versions:</h2>
IDE-Version: ¦ÌVision V5.35.0.0
Copyright (C) 2021 ARM Ltd and ARM Germany GmbH. All rights reserved.
License Information:  ,  , LIC=X96CK-ZEKZR-013P1-CK7UJ-P01QW-NMN2A
 
Tool Versions:
Toolchain:       MDK-ARM Plus  Version: 5.35.0.2
Toolchain Path:  E:\Keil_v5\ARM\ARMCC\Bin
C Compiler:      Armcc.exe V5.06 update 7 (build 960)
Assembler:       Armasm.exe V5.06 update 7 (build 960)
Linker/Locator:  ArmLink.exe V5.06 update 7 (build 960)
Library Manager: ArmAr.exe V5.06 update 7 (build 960)
Hex Converter:   FromElf.exe V5.06 update 7 (build 960)
CPU DLL:         SARMCM3.DLL V5.35.0.2
Dialog DLL:      DCM.DLL V1.17.3.0
Target DLL:      STLink\ST-LINKIII-KEIL_SWO.dll V3.0.9.0
Dialog DLL:      TCM.DLL V1.53.0.0
 
<h2>Project:</h2>
D:\PKU\SmartPublicBathroom\Project\2_ShowerHost\Software\2_Project\Project\ShowerHost.uvprojx
Project File Date:  05/30/2022

<h2>Output:</h2>
*** Using Compiler 'V5.06 update 7 (build 960)', folder: 'E:\Keil_v5\ARM\ARMCC\Bin'
Rebuild target 'F401RE'
assembling startup_stm32f401xx.s...
compiling stm32f4xx_cec.c...
compiling misc.c...
compiling system_stm32f4xx.c...
compiling stm32f4xx_crc.c...
compiling stm32f4xx_it.c...
compiling stm32f4xx_adc.c...
compiling stm32f4xx_can.c...
compiling stm32f4xx_dbgmcu.c...
compiling stm32f4xx_cryp_tdes.c...
compiling stm32f4xx_cryp_des.c...
compiling stm32f4xx_dac.c...
compiling stm32f4xx_dcmi.c...
compiling stm32f4xx_cryp.c...
compiling stm32f4xx_cryp_aes.c...
compiling stm32f4xx_dsi.c...
compiling stm32f4xx_dfsdm.c...
compiling stm32f4xx_exti.c...
compiling stm32f4xx_dma.c...
compiling stm32f4xx_flash_ramfunc.c...
compiling stm32f4xx_dma2d.c...
compiling stm32f4xx_flash.c...
compiling stm32f4xx_fmpi2c.c...
compiling stm32f4xx_gpio.c...
compiling stm32f4xx_hash_md5.c...
compiling stm32f4xx_hash.c...
compiling stm32f4xx_hash_sha1.c...
compiling stm32f4xx_i2c.c...
compiling stm32f4xx_iwdg.c...
compiling stm32f4xx_pwr.c...
compiling stm32f4xx_ltdc.c...
compiling stm32f4xx_qspi.c...
compiling stm32f4xx_rng.c...
compiling stm32f4xx_lptim.c...
compiling stm32f4xx_sai.c...
compiling stm32f4xx_rtc.c...
compiling stm32f4xx_spi.c...
compiling stm32f4xx_spdifrx.c...
compiling stm32f4xx_rcc.c...
compiling stm32f4xx_sdio.c...
compiling stm32f4xx_syscfg.c...
compiling stm32f4xx_usart.c...
compiling stm32f4xx_tim.c...
compiling stm32f4xx_wwdg.c...
compiling main.c...
compiling LightSensor.c...
compiling SignalOutput.c...
compiling TemperatureHumiditySensor.c...
..\..\1_Library\TemperatureHumiditySensor.c(275): warning:  #1035-D: single-precision operand implicitly converted to double-precision
      if (Humidity > 99.9)
..\..\1_Library\TemperatureHumiditySensor.c: 1 warning, 0 errors
compiling Button.c...
compiling Delay.c...
compiling ZigBee.c...
compiling Communicate.c...
..\..\1_Library\Communicate.c(94): warning:  #167-D: argument of type "uint8_t *" is incompatible with parameter of type "char *restrict"
      strcpy(ZigBee_TXBuffer, ZigBee_Recovery);
..\..\1_Library\Communicate.c(95): warning:  #167-D: argument of type "uint8_t *" is incompatible with parameter of type "const char *"
      ZigBee_TransmitString(strlen(ZigBee_TXBuffer), Communicate_TimeOut);
..\..\1_Library\Communicate.c(114): warning:  #167-D: argument of type "uint8_t *" is incompatible with parameter of type "char *restrict"
      strcpy(WiFi_TXBuffer, "<->");
..\..\1_Library\Communicate.c(115): warning:  #167-D: argument of type "uint8_t *" is incompatible with parameter of type "const char *"
      WiFi_TransmitString(strlen(WiFi_TXBuffer), Communicate_TimeOut);
..\..\1_Library\Communicate.c(118): warning:  #167-D: argument of type "uint8_t *" is incompatible with parameter of type "const char *"
      WiFi_TransmitString(strlen(WiFi_TXBuffer), Communicate_TimeOut);
..\..\1_Library\Communicate.c(123): warning:  #167-D: argument of type "uint8_t *" is incompatible with parameter of type "char *restrict"
      strcpy(WiFi_TXBuffer, WiFi_Recovery);
..\..\1_Library\Communicate.c(124): warning:  #167-D: argument of type "uint8_t *" is incompatible with parameter of type "const char *"
      WiFi_TransmitString(strlen(WiFi_TXBuffer), Communicate_TimeOut);
..\..\1_Library\Communicate.c(153): warning:  #167-D: argument of type "uint8_t *" is incompatible with parameter of type "char *restrict"
      sprintf(Command, "%s%d\r\n", ZigBee_Type, DeviceType);
..\..\1_Library\Communicate.c(154): warning:  #167-D: argument of type "uint8_t *" is incompatible with parameter of type "char *restrict"
      strcpy(ZigBee_TXBuffer, Command);
..\..\1_Library\Communicate.c(154): warning:  #167-D: argument of type "uint8_t *" is incompatible with parameter of type "const char *restrict"
      strcpy(ZigBee_TXBuffer, Command);
..\..\1_Library\Communicate.c(155): warning:  #167-D: argument of type "uint8_t *" is incompatible with parameter of type "const char *"
      ZigBee_TransmitString(strlen(ZigBee_TXBuffer), Communicate_TimeOut);
..\..\1_Library\Communicate.c(162): warning:  #167-D: argument of type "uint8_t *" is incompatible with parameter of type "char *restrict"
      sprintf(Command, "%s%d\r\n", ZigBee_SetChannel, ZigBee_Channel);
..\..\1_Library\Communicate.c(163): warning:  #167-D: argument of type "uint8_t *" is incompatible with parameter of type "char *restrict"
      strcpy(ZigBee_TXBuffer, Command);
..\..\1_Library\Communicate.c(163): warning:  #167-D: argument of type "uint8_t *" is incompatible with parameter of type "const char *restrict"
      strcpy(ZigBee_TXBuffer, Command);
..\..\1_Library\Communicate.c(164): warning:  #167-D: argument of type "uint8_t *" is incompatible with parameter of type "const char *"
      ZigBee_TransmitString(strlen(ZigBee_TXBuffer), Communicate_TimeOut);
..\..\1_Library\Communicate.c(171): warning:  #167-D: argument of type "uint8_t *" is incompatible with parameter of type "char *restrict"
      sprintf(Command, "%s%04X\r\n", ZigBee_SetPANID, ZigBee_PANID);
..\..\1_Library\Communicate.c(172): warning:  #167-D: argument of type "uint8_t *" is incompatible with parameter of type "char *restrict"
      strcpy(ZigBee_TXBuffer, Command);
..\..\1_Library\Communicate.c(172): warning:  #167-D: argument of type "uint8_t *" is incompatible with parameter of type "const char *restrict"
      strcpy(ZigBee_TXBuffer, Command);
..\..\1_Library\Communicate.c(173): warning:  #167-D: argument of type "uint8_t *" is incompatible with parameter of type "const char *"
      ZigBee_TransmitString(strlen(ZigBee_TXBuffer), Communicate_TimeOut);
..\..\1_Library\Communicate.c(180): warning:  #167-D: argument of type "uint8_t *" is incompatible with parameter of type "char *restrict"
      sprintf(Command, "%s%04X\r\n", ZigBee_SetGroupID, ZigBee_GroupID);
..\..\1_Library\Communicate.c(181): warning:  #167-D: argument of type "uint8_t *" is incompatible with parameter of type "char *restrict"
      strcpy(ZigBee_TXBuffer, Command);
..\..\1_Library\Communicate.c(181): warning:  #167-D: argument of type "uint8_t *" is incompatible with parameter of type "const char *restrict"
      strcpy(ZigBee_TXBuffer, Command);
..\..\1_Library\Communicate.c(182): warning:  #167-D: argument of type "uint8_t *" is incompatible with parameter of type "const char *"
      ZigBee_TransmitString(strlen(ZigBee_TXBuffer), Communicate_TimeOut);
..\..\1_Library\Communicate.c(189): warning:  #167-D: argument of type "uint8_t *" is incompatible with parameter of type "char *restrict"
      sprintf(Command, "%s%02X%02X\r\n", ZigBee_UserID, DeviceType, ID);
..\..\1_Library\Communicate.c(190): warning:  #167-D: argument of type "uint8_t *" is incompatible with parameter of type "char *restrict"
      strcpy(ZigBee_TXBuffer, Command);
..\..\1_Library\Communicate.c(190): warning:  #167-D: argument of type "uint8_t *" is incompatible with parameter of type "const char *restrict"
      strcpy(ZigBee_TXBuffer, Command);
..\..\1_Library\Communicate.c(191): warning:  #167-D: argument of type "uint8_t *" is incompatible with parameter of type "const char *"
      ZigBee_TransmitString(strlen(ZigBee_TXBuffer), Communicate_TimeOut);
..\..\1_Library\Communicate.c(198): warning:  #167-D: argument of type "uint8_t *" is incompatible with parameter of type "char *restrict"
      sprintf(Command, "%s%d\r\n", ZigBee_DataFormat, DataFormat);
..\..\1_Library\Communicate.c(199): warning:  #167-D: argument of type "uint8_t *" is incompatible with parameter of type "char *restrict"
      strcpy(ZigBee_TXBuffer, Command);
..\..\1_Library\Communicate.c(199): warning:  #167-D: argument of type "uint8_t *" is incompatible with parameter of type "const char *restrict"
      strcpy(ZigBee_TXBuffer, Command);
..\..\1_Library\Communicate.c(200): warning:  #167-D: argument of type "uint8_t *" is incompatible with parameter of type "const char *"
      ZigBee_TransmitString(strlen(ZigBee_TXBuffer), Communicate_TimeOut);
..\..\1_Library\Communicate.c(207): warning:  #167-D: argument of type "uint8_t *" is incompatible with parameter of type "char *restrict"
      strcpy(ZigBee_TXBuffer, ZigBee_DeviceReset);
..\..\1_Library\Communicate.c(208): warning:  #167-D: argument of type "uint8_t *" is incompatible with parameter of type "const char *"
      ZigBee_TransmitString(strlen(ZigBee_TXBuffer), Communicate_TimeOut);
..\..\1_Library\Communicate.c(216): warning:  #167-D: argument of type "uint8_t *" is incompatible with parameter of type "char *restrict"
      strcpy(ZigBee_TXBuffer, "AT+ZIGB_STATUS=?\r\n");
..\..\1_Library\Communicate.c(217): warning:  #167-D: argument of type "uint8_t *" is incompatible with parameter of type "const char *"
      ZigBee_TransmitString(strlen(ZigBee_TXBuffer), Communicate_TimeOut);
..\..\1_Library\Communicate.c(239): warning:  #167-D: argument of type "uint8_t *" is incompatible with parameter of type "char *restrict"
      sprintf(Command, "%s%02X%02X\r\n", ZigBee_Addressing, DeviceType, ID);
..\..\1_Library\Communicate.c(240): warning:  #167-D: argument of type "uint8_t *" is incompatible with parameter of type "char *restrict"
      strcpy(ZigBee_TXBuffer, Command);
..\..\1_Library\Communicate.c(240): warning:  #167-D: argument of type "uint8_t *" is incompatible with parameter of type "const char *restrict"
      strcpy(ZigBee_TXBuffer, Command);
..\..\1_Library\Communicate.c(241): warning:  #167-D: argument of type "uint8_t *" is incompatible with parameter of type "const char *"
      ZigBee_TransmitString(strlen(ZigBee_TXBuffer), Communicate_TimeOut);
..\..\1_Library\Communicate.c(248): warning:  #167-D: argument of type "uint8_t *" is incompatible with parameter of type "char *restrict"
      sprintf(Command, "%s03,%02X%02X,", ZigBee_Send, DeviceType, ID);
..\..\1_Library\Communicate.c(296): warning:  #167-D: argument of type "uint8_t *" is incompatible with parameter of type "const char *"
          else if (strstr(ReceivedData, "OK") != NULL)
..\..\1_Library\Communicate.c(316): warning:  #167-D: argument of type "uint8_t *" is incompatible with parameter of type "char *restrict"
      strcpy(WiFi_TXBuffer, WiFi_EchoDisable);
..\..\1_Library\Communicate.c(317): warning:  #167-D: argument of type "uint8_t *" is incompatible with parameter of type "const char *"
      WiFi_TransmitString(strlen(WiFi_TXBuffer), Communicate_TimeOut);
..\..\1_Library\Communicate.c(324): warning:  #167-D: argument of type "uint8_t *" is incompatible with parameter of type "char *restrict"
      sprintf(Command, "%s%s,%s,%s,OPEN\r\n", WiFi_WiFiConfig, WiFiMode, WiFi_Name, WiFi_Password);
..\..\1_Library\Communicate.c(325): warning:  #167-D: argument of type "uint8_t *" is incompatible with parameter of type "char *restrict"
      strcpy(WiFi_TXBuffer, Command);
..\..\1_Library\Communicate.c(325): warning:  #167-D: argument of type "uint8_t *" is incompatible with parameter of type "const char *restrict"
      strcpy(WiFi_TXBuffer, Command);
..\..\1_Library\Communicate.c(326): warning:  #167-D: argument of type "uint8_t *" is incompatible with parameter of type "const char *"
      WiFi_TransmitString(strlen(WiFi_TXBuffer), Communicate_TimeOut);
..\..\1_Library\Communicate.c(333): warning:  #167-D: argument of type "uint8_t *" is incompatible with parameter of type "char *restrict"
      sprintf(Command, "%s%s\r\n", WiFi_Socket1EN, WiFi_Disable); // Disable
..\..\1_Library\Communicate.c(334): warning:  #167-D: argument of type "uint8_t *" is incompatible with parameter of type "char *restrict"
      strcpy(WiFi_TXBuffer, Command);
..\..\1_Library\Communicate.c(334): warning:  #167-D: argument of type "uint8_t *" is incompatible with parameter of type "const char *restrict"
      strcpy(WiFi_TXBuffer, Command);
..\..\1_Library\Communicate.c(335): warning:  #167-D: argument of type "uint8_t *" is incompatible with parameter of type "const char *"
      WiFi_TransmitString(strlen(WiFi_TXBuffer), Communicate_TimeOut);
..\..\1_Library\Communicate.c(341): warning:  #167-D: argument of type "uint8_t *" is incompatible with parameter of type "char *restrict"
      sprintf(Command, "%s%s,%s,%d\r\n", WiFi_Socket1Config, // Config
..\..\1_Library\Communicate.c(343): warning:  #167-D: argument of type "uint8_t *" is incompatible with parameter of type "char *restrict"
      strcpy(WiFi_TXBuffer, Command);
..\..\1_Library\Communicate.c(343): warning:  #167-D: argument of type "uint8_t *" is incompatible with parameter of type "const char *restrict"
      strcpy(WiFi_TXBuffer, Command);
..\..\1_Library\Communicate.c(344): warning:  #167-D: argument of type "uint8_t *" is incompatible with parameter of type "const char *"
      WiFi_TransmitString(strlen(WiFi_TXBuffer), Communicate_TimeOut);
..\..\1_Library\Communicate.c(350): warning:  #167-D: argument of type "uint8_t *" is incompatible with parameter of type "char *restrict"
      sprintf(Command, "%s%s\r\n", WiFi_Socket1EN, WiFi_Enable); // Enable
..\..\1_Library\Communicate.c(351): warning:  #167-D: argument of type "uint8_t *" is incompatible with parameter of type "char *restrict"
      strcpy(WiFi_TXBuffer, Command);
..\..\1_Library\Communicate.c(351): warning:  #167-D: argument of type "uint8_t *" is incompatible with parameter of type "const char *restrict"
      strcpy(WiFi_TXBuffer, Command);
..\..\1_Library\Communicate.c(352): warning:  #167-D: argument of type "uint8_t *" is incompatible with parameter of type "const char *"
      WiFi_TransmitString(strlen(WiFi_TXBuffer), Communicate_TimeOut);
..\..\1_Library\Communicate.c(359): warning:  #167-D: argument of type "uint8_t *" is incompatible with parameter of type "char *restrict"
      sprintf(Command, "%s%d,%s\r\n", WiFi_Socket1Heart, 0, "123456");
..\..\1_Library\Communicate.c(360): warning:  #167-D: argument of type "uint8_t *" is incompatible with parameter of type "char *restrict"
      strcpy(WiFi_TXBuffer, Command);
..\..\1_Library\Communicate.c(360): warning:  #167-D: argument of type "uint8_t *" is incompatible with parameter of type "const char *restrict"
      strcpy(WiFi_TXBuffer, Command);
..\..\1_Library\Communicate.c(361): warning:  #167-D: argument of type "uint8_t *" is incompatible with parameter of type "const char *"
      WiFi_TransmitString(strlen(WiFi_TXBuffer), Communicate_TimeOut);
..\..\1_Library\Communicate.c(368): warning:  #167-D: argument of type "uint8_t *" is incompatible with parameter of type "char *restrict"
      sprintf(Command, "%s%s\r\n", WiFi_WorkMode, WiFi_WorkModeTransparent);
..\..\1_Library\Communicate.c(369): warning:  #167-D: argument of type "uint8_t *" is incompatible with parameter of type "char *restrict"
      strcpy(WiFi_TXBuffer, Command);
..\..\1_Library\Communicate.c(369): warning:  #167-D: argument of type "uint8_t *" is incompatible with parameter of type "const char *restrict"
      strcpy(WiFi_TXBuffer, Command);
..\..\1_Library\Communicate.c(370): warning:  #167-D: argument of type "uint8_t *" is incompatible with parameter of type "const char *"
      WiFi_TransmitString(strlen(WiFi_TXBuffer), Communicate_TimeOut);
..\..\1_Library\Communicate.c(377): warning:  #167-D: argument of type "uint8_t *" is incompatible with parameter of type "char *restrict"
      strcpy(WiFi_TXBuffer, WiFi_DeviceReset);
..\..\1_Library\Communicate.c(378): warning:  #167-D: argument of type "uint8_t *" is incompatible with parameter of type "const char *"
      WiFi_TransmitString(strlen(WiFi_TXBuffer), Communicate_TimeOut);
..\..\1_Library\Communicate.c(395): warning:  #940-D: missing return statement at end of non-void function "Communicate_WiFiTX" 
  }
..\..\1_Library\Communicate.c(430): warning:  #167-D: argument of type "uint8_t *" is incompatible with parameter of type "const char *"
          else if (strstr(ReceivedData, "OK") != NULL)
..\..\1_Library\Communicate.c: 71 warnings, 0 errors
compiling WiFi.c...
compiling UserLibrary.c...
..\..\1_Library\UserLibrary.c(264): warning:  #167-D: argument of type "uint8_t *" is incompatible with parameter of type "char *restrict"
                      sprintf(ACK, "$%cA$", ShowerHostSerial);
..\..\1_Library\UserLibrary.c(273): warning:  #167-D: argument of type "uint8_t *" is incompatible with parameter of type "char *restrict"
                  sprintf(NAK, "$%cN$", ShowerHostSerial);
..\..\1_Library\UserLibrary.c(303): warning:  #174-D: expression has no effect
                          ReceivedOnceFromTerminalFlag[CurrentTerminalSerial] == 1; // Avoid repeat
..\..\1_Library\UserLibrary.c(306): warning:  #167-D: argument of type "uint8_t *" is incompatible with parameter of type "char *restrict"
                          sprintf(ACK, "$%cA$", CurrentTerminalSerial);
..\..\1_Library\UserLibrary.c(562): warning:  #167-D: argument of type "uint8_t *" is incompatible with parameter of type "char *restrict"
      sprintf(Content, "%02d%02d%02d %02d:%02d ", Host_Information.CurrentDate.RTC_Year,
..\..\1_Library\UserLibrary.c(570): warning:  #167-D: argument of type "uint8_t *" is incompatible with parameter of type "char *restrict"
          sprintf(Content, "WaterON");
..\..\1_Library\UserLibrary.c(574): warning:  #167-D: argument of type "uint8_t *" is incompatible with parameter of type "char *restrict"
          sprintf(Content, "NoWater");
..\..\1_Library\UserLibrary.c(579): warning:  #167-D: argument of type "uint8_t *" is incompatible with parameter of type "char *restrict"
      sprintf(Content, "   ");
..\..\1_Library\UserLibrary.c(581): warning:  #167-D: argument of type "uint8_t *" is incompatible with parameter of type "char *restrict"
      sprintf(Content, "NEED HELP!   ");
..\..\1_Library\UserLibrary.c(587): warning:  #167-D: argument of type "uint8_t *" is incompatible with parameter of type "char *restrict"
          sprintf(Content, "Fan ON ", Host_Information.Humidity);
..\..\1_Library\UserLibrary.c(587): warning:  #225-D: the format string ends before this argument
          sprintf(Content, "Fan ON ", Host_Information.Humidity);
..\..\1_Library\UserLibrary.c(591): warning:  #167-D: argument of type "uint8_t *" is incompatible with parameter of type "char *restrict"
          sprintf(Content, "Fan OFF", Host_Information.Humidity);
..\..\1_Library\UserLibrary.c(591): warning:  #225-D: the format string ends before this argument
          sprintf(Content, "Fan OFF", Host_Information.Humidity);
..\..\1_Library\UserLibrary.c(596): warning:  #167-D: argument of type "uint8_t *" is incompatible with parameter of type "char *restrict"
          sprintf(Content, "Light ON ", Host_Information.Humidity);
..\..\1_Library\UserLibrary.c(596): warning:  #225-D: the format string ends before this argument
          sprintf(Content, "Light ON ", Host_Information.Humidity);
..\..\1_Library\UserLibrary.c(600): warning:  #167-D: argument of type "uint8_t *" is incompatible with parameter of type "char *restrict"
          sprintf(Content, "Light OFF", Host_Information.Humidity);
..\..\1_Library\UserLibrary.c(600): warning:  #225-D: the format string ends before this argument
          sprintf(Content, "Light OFF", Host_Information.Humidity);
..\..\1_Library\UserLibrary.c(603): warning:  #167-D: argument of type "uint8_t *" is incompatible with parameter of type "char *restrict"
      sprintf(Content, "%d", Host_Information.TerminalNumber);
..\..\1_Library\UserLibrary.c(613): warning:  #167-D: argument of type "uint8_t *" is incompatible with parameter of type "char *restrict"
      sprintf(Content, "%02d%02d%02d %02d:%02d ", Host_Information.CurrentDate.RTC_Year,
..\..\1_Library\UserLibrary.c(621): warning:  #167-D: argument of type "uint8_t *" is incompatible with parameter of type "char *restrict"
          sprintf(Content, "WaterON");
..\..\1_Library\UserLibrary.c(625): warning:  #167-D: argument of type "uint8_t *" is incompatible with parameter of type "char *restrict"
          sprintf(Content, "NoWater");
..\..\1_Library\UserLibrary.c(630): warning:  #167-D: argument of type "uint8_t *" is incompatible with parameter of type "char *restrict"
      sprintf(Content, "  ");
..\..\1_Library\UserLibrary.c(632): warning:  #167-D: argument of type "uint8_t *" is incompatible with parameter of type "char *restrict"
      sprintf(Content, "Device Failure!");
..\..\1_Library\UserLibrary.c(638): warning:  #167-D: argument of type "uint8_t *" is incompatible with parameter of type "char *restrict"
          sprintf(Content, "Fan ON ", Host_Information.Humidity);
..\..\1_Library\UserLibrary.c(638): warning:  #225-D: the format string ends before this argument
          sprintf(Content, "Fan ON ", Host_Information.Humidity);
..\..\1_Library\UserLibrary.c(642): warning:  #167-D: argument of type "uint8_t *" is incompatible with parameter of type "char *restrict"
          sprintf(Content, "Fan OFF", Host_Information.Humidity);
..\..\1_Library\UserLibrary.c(642): warning:  #225-D: the format string ends before this argument
          sprintf(Content, "Fan OFF", Host_Information.Humidity);
..\..\1_Library\UserLibrary.c(647): warning:  #167-D: argument of type "uint8_t *" is incompatible with parameter of type "char *restrict"
          sprintf(Content, "Light ON ", Host_Information.Humidity);
..\..\1_Library\UserLibrary.c(647): warning:  #225-D: the format string ends before this argument
          sprintf(Content, "Light ON ", Host_Information.Humidity);
..\..\1_Library\UserLibrary.c(651): warning:  #167-D: argument of type "uint8_t *" is incompatible with parameter of type "char *restrict"
          sprintf(Content, "Light OFF", Host_Information.Humidity);
..\..\1_Library\UserLibrary.c(651): warning:  #225-D: the format string ends before this argument
          sprintf(Content, "Light OFF", Host_Information.Humidity);
..\..\1_Library\UserLibrary.c(654): warning:  #167-D: argument of type "uint8_t *" is incompatible with parameter of type "char *restrict"
      sprintf(Content, "%d", Host_Information.TerminalNumber);
..\..\1_Library\UserLibrary.c(665): warning:  #167-D: argument of type "uint8_t *" is incompatible with parameter of type "char *restrict"
      sprintf(Content, "%02d%02d%02d %02d:%02d ", Host_Information.CurrentDate.RTC_Year,
..\..\1_Library\UserLibrary.c(673): warning:  #167-D: argument of type "uint8_t *" is incompatible with parameter of type "char *restrict"
          sprintf(Content, "WaterON");
..\..\1_Library\UserLibrary.c(677): warning:  #167-D: argument of type "uint8_t *" is incompatible with parameter of type "char *restrict"
          sprintf(Content, "NoWater");
..\..\1_Library\UserLibrary.c(682): warning:  #167-D: argument of type "uint8_t *" is incompatible with parameter of type "char *restrict"
      sprintf(Content, "   ");
..\..\1_Library\UserLibrary.c(686): warning:  #167-D: argument of type "uint8_t *" is incompatible with parameter of type "char *restrict"
          sprintf(Content, "Temp: %.2f  ", Host_Information.Temperature);
..\..\1_Library\UserLibrary.c(690): warning:  #167-D: argument of type "uint8_t *" is incompatible with parameter of type "char *restrict"
          sprintf(Content, "Hum: %.2f   ", Host_Information.Humidity);
..\..\1_Library\UserLibrary.c(697): warning:  #167-D: argument of type "uint8_t *" is incompatible with parameter of type "char *restrict"
          sprintf(Content, "Fan ON ", Host_Information.Humidity);
..\..\1_Library\UserLibrary.c(697): warning:  #225-D: the format string ends before this argument
          sprintf(Content, "Fan ON ", Host_Information.Humidity);
..\..\1_Library\UserLibrary.c(701): warning:  #167-D: argument of type "uint8_t *" is incompatible with parameter of type "char *restrict"
          sprintf(Content, "Fan OFF", Host_Information.Humidity);
..\..\1_Library\UserLibrary.c(701): warning:  #225-D: the format string ends before this argument
          sprintf(Content, "Fan OFF", Host_Information.Humidity);
..\..\1_Library\UserLibrary.c(706): warning:  #167-D: argument of type "uint8_t *" is incompatible with parameter of type "char *restrict"
          sprintf(Content, "Light ON ", Host_Information.Humidity);
..\..\1_Library\UserLibrary.c(706): warning:  #225-D: the format string ends before this argument
          sprintf(Content, "Light ON ", Host_Information.Humidity);
..\..\1_Library\UserLibrary.c(710): warning:  #167-D: argument of type "uint8_t *" is incompatible with parameter of type "char *restrict"
          sprintf(Content, "Light OFF", Host_Information.Humidity);
..\..\1_Library\UserLibrary.c(710): warning:  #225-D: the format string ends before this argument
          sprintf(Content, "Light OFF", Host_Information.Humidity);
..\..\1_Library\UserLibrary.c(713): warning:  #167-D: argument of type "uint8_t *" is incompatible with parameter of type "char *restrict"
      sprintf(Content, "%d", Host_Information.TerminalNumber);
..\..\1_Library\UserLibrary.c: 47 warnings, 0 errors
compiling Display.c...
compiling Information.c...
compiling Audio.c...
linking...
Program Size: Code=19450 RO-data=2534 RW-data=176 ZI-data=23600  
FromELF: creating hex file...
".\Output\STM32F401RE.axf" - 0 Error(s), 119 Warning(s).

<h2>Software Packages used:</h2>

Package Vendor: Keil
                http://www.keil.com/pack/Keil.STM32F4xx_DFP.2.15.0.pack
                Keil.STM32F4xx_DFP.2.15.0
                STMicroelectronics STM32F4 Series Device Support, Drivers and Examples

<h2>Collection of Component include folders:</h2>
  E:\Keil_v5\Arm\Packs\Keil\STM32F4xx_DFP\2.15.0\Drivers\CMSIS\Device\ST\STM32F4xx\Include

<h2>Collection of Component Files used:</h2>
Build Time Elapsed:  00:00:17
</pre>
</body>
</html>
