Component: ARM Compiler 5.06 update 7 (build 960) Tool: armlink [4d3601]

==============================================================================

Section Cross References

    system_stm32f4xx.o(i.SystemCoreClockUpdate) refers to system_stm32f4xx.o(.data) for SystemCoreClock
    system_stm32f4xx.o(i.SystemInit) refers to system_stm32f4xx.o(i.SetSysClock) for SetSysClock
    startup_stm32f401xx.o(RESET) refers to startup_stm32f401xx.o(STACK) for __initial_sp
    startup_stm32f401xx.o(RESET) refers to startup_stm32f401xx.o(.text) for Reset_Handler
    startup_stm32f401xx.o(RESET) refers to stm32f4xx_it.o(i.NMI_Handler) for NMI_Handler
    startup_stm32f401xx.o(RESET) refers to stm32f4xx_it.o(i.HardFault_Handler) for HardFault_Handler
    startup_stm32f401xx.o(RESET) refers to stm32f4xx_it.o(i.MemManage_Handler) for MemManage_Handler
    startup_stm32f401xx.o(RESET) refers to stm32f4xx_it.o(i.BusFault_Handler) for BusFault_Handler
    startup_stm32f401xx.o(RESET) refers to stm32f4xx_it.o(i.UsageFault_Handler) for UsageFault_Handler
    startup_stm32f401xx.o(RESET) refers to stm32f4xx_it.o(i.SVC_Handler) for SVC_Handler
    startup_stm32f401xx.o(RESET) refers to stm32f4xx_it.o(i.DebugMon_Handler) for DebugMon_Handler
    startup_stm32f401xx.o(RESET) refers to stm32f4xx_it.o(i.PendSV_Handler) for PendSV_Handler
    startup_stm32f401xx.o(RESET) refers to stm32f4xx_it.o(i.SysTick_Handler) for SysTick_Handler
    startup_stm32f401xx.o(RESET) refers to infraredhuman.o(i.EXTI2_IRQHandler) for EXTI2_IRQHandler
    startup_stm32f401xx.o(RESET) refers to infraredobject.o(i.ADC_IRQHandler) for ADC_IRQHandler
    startup_stm32f401xx.o(RESET) refers to button.o(i.EXTI9_5_IRQHandler) for EXTI9_5_IRQHandler
    startup_stm32f401xx.o(RESET) refers to button.o(i.TIM3_IRQHandler) for TIM3_IRQHandler
    startup_stm32f401xx.o(RESET) refers to button.o(i.TIM4_IRQHandler) for TIM4_IRQHandler
    startup_stm32f401xx.o(RESET) refers to zigbee.o(i.USART1_IRQHandler) for USART1_IRQHandler
    startup_stm32f401xx.o(RESET) refers to zigbee.o(i.DMA2_Stream5_IRQHandler) for DMA2_Stream5_IRQHandler
    startup_stm32f401xx.o(RESET) refers to zigbee.o(i.DMA2_Stream7_IRQHandler) for DMA2_Stream7_IRQHandler
    startup_stm32f401xx.o(.text) refers to system_stm32f4xx.o(i.SystemInit) for SystemInit
    startup_stm32f401xx.o(.text) refers to entry.o(.ARM.Collect$$$$00000000) for __main
    stm32f4xx_adc.o(i.ADC_DeInit) refers to stm32f4xx_rcc.o(i.RCC_APB2PeriphResetCmd) for RCC_APB2PeriphResetCmd
    stm32f4xx_can.o(i.CAN_DeInit) refers to stm32f4xx_rcc.o(i.RCC_APB1PeriphResetCmd) for RCC_APB1PeriphResetCmd
    stm32f4xx_can.o(i.CAN_GetITStatus) refers to stm32f4xx_can.o(i.CheckITStatus) for CheckITStatus
    stm32f4xx_cryp.o(i.CRYP_DeInit) refers to stm32f4xx_rcc.o(i.RCC_AHB2PeriphResetCmd) for RCC_AHB2PeriphResetCmd
    stm32f4xx_cryp_aes.o(i.CRYP_AES_CBC) refers to stm32f4xx_cryp.o(i.CRYP_KeyStructInit) for CRYP_KeyStructInit
    stm32f4xx_cryp_aes.o(i.CRYP_AES_CBC) refers to stm32f4xx_cryp.o(i.CRYP_FIFOFlush) for CRYP_FIFOFlush
    stm32f4xx_cryp_aes.o(i.CRYP_AES_CBC) refers to stm32f4xx_cryp.o(i.CRYP_Init) for CRYP_Init
    stm32f4xx_cryp_aes.o(i.CRYP_AES_CBC) refers to stm32f4xx_cryp.o(i.CRYP_KeyInit) for CRYP_KeyInit
    stm32f4xx_cryp_aes.o(i.CRYP_AES_CBC) refers to stm32f4xx_cryp.o(i.CRYP_Cmd) for CRYP_Cmd
    stm32f4xx_cryp_aes.o(i.CRYP_AES_CBC) refers to stm32f4xx_cryp.o(i.CRYP_GetFlagStatus) for CRYP_GetFlagStatus
    stm32f4xx_cryp_aes.o(i.CRYP_AES_CBC) refers to stm32f4xx_cryp.o(i.CRYP_IVInit) for CRYP_IVInit
    stm32f4xx_cryp_aes.o(i.CRYP_AES_CBC) refers to stm32f4xx_cryp.o(i.CRYP_GetCmdStatus) for CRYP_GetCmdStatus
    stm32f4xx_cryp_aes.o(i.CRYP_AES_CBC) refers to stm32f4xx_cryp.o(i.CRYP_DataIn) for CRYP_DataIn
    stm32f4xx_cryp_aes.o(i.CRYP_AES_CBC) refers to stm32f4xx_cryp.o(i.CRYP_DataOut) for CRYP_DataOut
    stm32f4xx_cryp_aes.o(i.CRYP_AES_CCM) refers to stm32f4xx_cryp.o(i.CRYP_KeyStructInit) for CRYP_KeyStructInit
    stm32f4xx_cryp_aes.o(i.CRYP_AES_CCM) refers to stm32f4xx_cryp.o(i.CRYP_FIFOFlush) for CRYP_FIFOFlush
    stm32f4xx_cryp_aes.o(i.CRYP_AES_CCM) refers to stm32f4xx_cryp.o(i.CRYP_KeyInit) for CRYP_KeyInit
    stm32f4xx_cryp_aes.o(i.CRYP_AES_CCM) refers to stm32f4xx_cryp.o(i.CRYP_IVInit) for CRYP_IVInit
    stm32f4xx_cryp_aes.o(i.CRYP_AES_CCM) refers to stm32f4xx_cryp.o(i.CRYP_Init) for CRYP_Init
    stm32f4xx_cryp_aes.o(i.CRYP_AES_CCM) refers to stm32f4xx_cryp.o(i.CRYP_PhaseConfig) for CRYP_PhaseConfig
    stm32f4xx_cryp_aes.o(i.CRYP_AES_CCM) refers to stm32f4xx_cryp.o(i.CRYP_DataIn) for CRYP_DataIn
    stm32f4xx_cryp_aes.o(i.CRYP_AES_CCM) refers to stm32f4xx_cryp.o(i.CRYP_Cmd) for CRYP_Cmd
    stm32f4xx_cryp_aes.o(i.CRYP_AES_CCM) refers to stm32f4xx_cryp.o(i.CRYP_GetCmdStatus) for CRYP_GetCmdStatus
    stm32f4xx_cryp_aes.o(i.CRYP_AES_CCM) refers to stm32f4xx_cryp.o(i.CRYP_GetFlagStatus) for CRYP_GetFlagStatus
[...]
    i.Sensor_ReadBit                         0x08003380   Section        0  temperaturesensor.o(i.Sensor_ReadBit)
    i.Sensor_ReadByte                        0x080033c4   Section        0  temperaturesensor.o(i.Sensor_ReadByte)
    i.Sensor_Reset                           0x080033e4   Section        0  temperaturesensor.o(i.Sensor_Reset)
    i.Sensor_WriteBit                        0x08003410   Section        0  temperaturesensor.o(i.Sensor_WriteBit)
    i.Sensor_WriteByte                       0x0800345c   Section        0  temperaturesensor.o(i.Sensor_WriteByte)
    i.SetSysClock                            0x08003478   Section        0  system_stm32f4xx.o(i.SetSysClock)
    SetSysClock                              0x08003479   Thumb Code   216  system_stm32f4xx.o(i.SetSysClock)
    i.ShowerTerminal_CardDetect              0x08003560   Section        0  userlibrary.o(i.ShowerTerminal_CardDetect)
    i.ShowerTerminal_CardFirstRead           0x0800358c   Section        0  userlibrary.o(i.ShowerTerminal_CardFirstRead)
    i.ShowerTerminal_CardFirstReadProcess    0x080035a4   Section        0  userlibrary.o(i.ShowerTerminal_CardFirstReadProcess)
    i.ShowerTerminal_CardObjectLeft          0x08003638   Section        0  userlibrary.o(i.ShowerTerminal_CardObjectLeft)
    i.ShowerTerminal_CardTake                0x08003680   Section        0  userlibrary.o(i.ShowerTerminal_CardTake)
    i.ShowerTerminal_CardTakeProcess         0x0800369c   Section        0  userlibrary.o(i.ShowerTerminal_CardTakeProcess)
    i.ShowerTerminal_DisplayContent          0x080037c0   Section        0  userlibrary.o(i.ShowerTerminal_DisplayContent)
    i.ShowerTerminal_GetHelpState            0x08003928   Section        0  userlibrary.o(i.ShowerTerminal_GetHelpState)
    i.ShowerTerminal_GetRepairState          0x08003944   Section        0  userlibrary.o(i.ShowerTerminal_GetRepairState)
    i.ShowerTerminal_GetZigBeeData           0x0800395c   Section        0  userlibrary.o(i.ShowerTerminal_GetZigBeeData)
    i.ShowerTerminal_HumanDetect             0x08003ae4   Section        0  userlibrary.o(i.ShowerTerminal_HumanDetect)
    i.ShowerTerminal_IdleState               0x08003af4   Section        0  userlibrary.o(i.ShowerTerminal_IdleState)
    i.ShowerTerminal_InUseProcess            0x08003b40   Section        0  userlibrary.o(i.ShowerTerminal_InUseProcess)
    i.ShowerTerminal_Init                    0x08003c54   Section        0  userlibrary.o(i.ShowerTerminal_Init)
    i.ShowerTerminal_InitInformation         0x08003d0c   Section        0  userlibrary.o(i.ShowerTerminal_InitInformation)
    i.ShowerTerminal_NearReservationEnd      0x08003d60   Section        0  userlibrary.o(i.ShowerTerminal_NearReservationEnd)
    i.ShowerTerminal_NoReservationProcess    0x08003e34   Section        0  userlibrary.o(i.ShowerTerminal_NoReservationProcess)
    i.ShowerTerminal_NotUseProcess           0x08003e68   Section        0  userlibrary.o(i.ShowerTerminal_NotUseProcess)
    i.ShowerTerminal_ObjectDetect            0x08003e98   Section        0  userlibrary.o(i.ShowerTerminal_ObjectDetect)
    i.ShowerTerminal_ObjectLeftCheck         0x08003ea8   Section        0  userlibrary.o(i.ShowerTerminal_ObjectLeftCheck)
    i.ShowerTerminal_ReservationCheck        0x08003ec4   Section        0  userlibrary.o(i.ShowerTerminal_ReservationCheck)
    i.ShowerTerminal_SendZigBeeData          0x08003eec   Section        0  userlibrary.o(i.ShowerTerminal_SendZigBeeData)
    i.ShowerTerminal_SetDevice               0x08003ff4   Section        0  userlibrary.o(i.ShowerTerminal_SetDevice)
    i.ShowerTerminal_SetHelpState            0x08004004   Section        0  userlibrary.o(i.ShowerTerminal_SetHelpState)
    i.ShowerTerminal_SetRepairState          0x0800401c   Section        0  userlibrary.o(i.ShowerTerminal_SetRepairState)
    i.ShowerTerminal_TakeObjectProcess       0x08004034   Section        0  userlibrary.o(i.ShowerTerminal_TakeObjectProcess)
    i.ShowerTerminal_WaterStopRemind         0x08004064   Section        0  userlibrary.o(i.ShowerTerminal_WaterStopRemind)
    i.ShowerTerminal_ZigBeeCheck             0x080040a4   Section        0  userlibrary.o(i.ShowerTerminal_ZigBeeCheck)
    i.SysTick_Handler                        0x08004100   Section        0  stm32f4xx_it.o(i.SysTick_Handler)
    i.SystemInit                             0x08004104   Section        0  system_stm32f4xx.o(i.SystemInit)
    i.TI1_Config                             0x0800416c   Section        0  stm32f4xx_tim.o(i.TI1_Config)
    TI1_Config                               0x0800416d   Thumb Code    58  stm32f4xx_tim.o(i.TI1_Config)
    i.TI2_Config                             0x080041a6   Section        0  stm32f4xx_tim.o(i.TI2_Config)
    TI2_Config                               0x080041a7   Thumb Code    80  stm32f4xx_tim.o(i.TI2_Config)
    i.TIM3_IRQHandler                        0x080041f8   Section        0  button.o(i.TIM3_IRQHandler)
    i.TIM3_Init                              0x0800426c   Section        0  button.o(i.TIM3_Init)
    i.TIM4_IRQHandler                        0x080042c0   Section        0  button.o(i.TIM4_IRQHandler)
    i.TIM4_Init                              0x0800432c   Section        0  button.o(i.TIM4_Init)
    i.TIM5_Init                              0x08004380   Section        0  infraredhuman.o(i.TIM5_Init)
    i.TIM_ClearITPendingBit                  0x080043b0   Section        0  stm32f4xx_tim.o(i.TIM_ClearITPendingBit)
    i.TIM_Cmd                                0x080043b6   Section        0  stm32f4xx_tim.o(i.TIM_Cmd)
    i.TIM_CtrlPWMOutputs                     0x080043ce   Section        0  stm32f4xx_tim.o(i.TIM_CtrlPWMOutputs)
    i.TIM_GetCounter                         0x080043ec   Section        0  stm32f4xx_tim.o(i.TIM_GetCounter)
    i.TIM_GetITStatus                        0x080043f2   Section        0  stm32f4xx_tim.o(i.TIM_GetITStatus)
    i.TIM_ITConfig                           0x08004414   Section        0  stm32f4xx_tim.o(i.TIM_ITConfig)
    i.TIM_OC1Init                            0x08004428   Section        0  stm32f4xx_tim.o(i.TIM_OC1Init)
    i.TIM_OC1PreloadConfig                   0x080044a4   Section        0  stm32f4xx_tim.o(i.TIM_OC1PreloadConfig)
    i.TIM_SelectInputTrigger                 0x080044b6   Section        0  stm32f4xx_tim.o(i.TIM_SelectInputTrigger)
    i.TIM_SetCounter                         0x080044c8   Section        0  stm32f4xx_tim.o(i.TIM_SetCounter)
    i.TIM_TIxExternalClockConfig             0x080044cc   Section        0  stm32f4xx_tim.o(i.TIM_TIxExternalClockConfig)
    i.TIM_TimeBaseInit                       0x0800450c   Section        0  stm32f4xx_tim.o(i.TIM_TimeBaseInit)
    i.TemperatureSensor_Init                 0x08004590   Section        0  temperaturesensor.o(i.TemperatureSensor_Init)
    i.USART1_DMAReceiveInit                  0x080045d4   Section        0  zigbee.o(i.USART1_DMAReceiveInit)
    i.USART1_DMATransmitInit                 0x0800467c   Section        0  zigbee.o(i.USART1_DMATransmitInit)
    i.USART1_IRQHandler                      0x08004710   Section        0  zigbee.o(i.USART1_IRQHandler)
    i.USART1_Init                            0x08004750   Section        0  zigbee.o(i.USART1_Init)
    i.USART_Cmd                              0x080047d0   Section        0  stm32f4xx_usart.o(i.USART_Cmd)
    i.USART_DMACmd                           0x080047e8   Section        0  stm32f4xx_usart.o(i.USART_DMACmd)
    i.USART_GetITStatus                      0x080047fa   Section        0  stm32f4xx_usart.o(i.USART_GetITStatus)
    i.USART_ITConfig                         0x0800484e   Section        0  stm32f4xx_usart.o(i.USART_ITConfig)
    i.USART_Init                             0x08004898   Section        0  stm32f4xx_usart.o(i.USART_Init)
    i.USART_ReceiveData                      0x0800496c   Section        0  stm32f4xx_usart.o(i.USART_ReceiveData)
    i.Uint32toInt8                           0x08004976   Section        0  userlibrary.o(i.Uint32toInt8)
    i.UsageFault_Handler                     0x0800498a   Section        0  stm32f4xx_it.o(i.UsageFault_Handler)
    i.Valve_GetState                         0x08004990   Section        0  valve.o(i.Valve_GetState)
    i.Valve_Init                             0x0800499c   Section        0  valve.o(i.Valve_Init)
    i.Valve_Start                            0x080049d0   Section        0  valve.o(i.Valve_Start)
    i.Valve_Stop                             0x080049ec   Section        0  valve.o(i.Valve_Stop)
    i.ZigBee_Init                            0x08004a08   Section        0  zigbee.o(i.ZigBee_Init)
    i.ZigBee_ReceiveString                   0x08004a88   Section        0  zigbee.o(i.ZigBee_ReceiveString)
    i.ZigBee_TransmitString                  0x08004acc   Section        0  zigbee.o(i.ZigBee_TransmitString)
    i.__0sprintf                             0x08004b24   Section        0  printfa.o(i.__0sprintf)
    i.__scatterload_copy                     0x08004b4c   Section       14  handlers.o(i.__scatterload_copy)
    i.__scatterload_null                     0x08004b5a   Section        2  handlers.o(i.__scatterload_null)
    i.__scatterload_zeroinit                 0x08004b5c   Section       14  handlers.o(i.__scatterload_zeroinit)
    i._fp_digits                             0x08004b6c   Section        0  printfa.o(i._fp_digits)
    _fp_digits                               0x08004b6d   Thumb Code   366  printfa.o(i._fp_digits)
    i._printf_core                           0x08004cf0   Section        0  printfa.o(i._printf_core)
    _printf_core                             0x08004cf1   Thumb Code  1704  printfa.o(i._printf_core)
    i._printf_post_padding                   0x080053a4   Section        0  printfa.o(i._printf_post_padding)
    _printf_post_padding                     0x080053a5   Thumb Code    36  printfa.o(i._printf_post_padding)
    i._printf_pre_padding                    0x080053c8   Section        0  printfa.o(i._printf_pre_padding)
    _printf_pre_padding                      0x080053c9   Thumb Code    46  printfa.o(i._printf_pre_padding)
    i._sputc                                 0x080053f6   Section        0  printfa.o(i._sputc)
    _sputc                                   0x080053f7   Thumb Code    10  printfa.o(i._sputc)
    i.main                                   0x08005400   Section        0  main.o(i.main)
    .constdata                               0x080054c8   Section     2072  display.o(.constdata)
    .constdata                               0x08005ce0   Section       12  mktime.o(.constdata)
    monlen                                   0x08005ce0   Data          12  mktime.o(.constdata)
    .constdata                               0x08005cec   Section       12  localtime_i.o(.constdata)
    monlen                                   0x08005cec   Data          12  localtime_i.o(.constdata)
    .data                                    0x20000000   Section       20  system_stm32f4xx.o(.data)
    .data                                    0x20000014   Section       16  stm32f4xx_rcc.o(.data)
    APBAHBPrescTable                         0x20000014   Data          16  stm32f4xx_rcc.o(.data)
    .data                                    0x20000024   Section        1  valve.o(.data)
    .data                                    0x20000026   Section        3  infraredobject.o(.data)
    num                                      0x20000028   Data           1  infraredobject.o(.data)
    .data                                    0x20000029   Section        6  infraredhuman.o(.data)
    num                                      0x2000002c   Data           1  infraredhuman.o(.data)
    data_buffer                              0x2000002d   Data           1  infraredhuman.o(.data)
    receive_start                            0x2000002e   Data           1  infraredhuman.o(.data)
    .data                                    0x2000002f   Section       10  nfc.o(.data)
    .data                                    0x2000003a   Section        6  communicate.o(.data)
    .data                                    0x20000040   Section        8  zigbee.o(.data)
    .data                                    0x20000048   Section       21  userlibrary.o(.data)
    cnt                                      0x2000005b   Data           1  userlibrary.o(.data)
    cnt                                      0x2000005c   Data           1  userlibrary.o(.data)
    .bss                                     0x20000060   Section       20  infraredobject.o(.bss)
    .bss                                     0x20000074   Section     2048  communicate.o(.bss)
    .bss                                     0x20000874   Section     1024  zigbee.o(.bss)
    .bss                                     0x20000c74   Section     2096  userlibrary.o(.bss)
    STACK                                    0x200014a8   Section     1024  startup_stm32f401xx.o(STACK)

    Global Symbols

    Symbol Name                              Value     Ov Type        Size  Object(Section)

    BuildAttributes$$THM_ISAv4$E$P$D$K$B$S$7EM$VFPi3$EXTD16$VFPS$VFMA$PE$A:L22UL41UL21$X:L11$S22US41US21$IEEE1$IW$USESV6$~STKCKD$USESV7$~SHL$OTIME$ROPI$EBA8$MICROLIB$REQ8$PRES8$EABIv2 0x00000000   Number         0  anon$$obj.o ABSOLUTE
    __ARM_use_no_argv                        0x00000000   Number         0  main.o ABSOLUTE
    _printf_a                                0x00000000   Number         0  stubs.o ABSOLUTE
    _printf_c                                0x00000000   Number         0  stubs.o ABSOLUTE
    _printf_charcount                        0x00000000   Number         0  stubs.o ABSOLUTE
    _printf_d                                0x00000000   Number         0  stubs.o ABSOLUTE
    _printf_e                                0x00000000   Number         0  stubs.o ABSOLUTE
    _printf_f                                0x00000000   Number         0  stubs.o ABSOLUTE
    _printf_flags                            0x00000000   Number         0  stubs.o ABSOLUTE
    _printf_fp_dec                           0x00000000   Number         0  stubs.o ABSOLUTE
    _printf_fp_hex                           0x00000000   Number         0  stubs.o ABSOLUTE
    _printf_g                                0x00000000   Number         0  stubs.o ABSOLUTE
    _printf_i                                0x00000000   Number         0  stubs.o ABSOLUTE
    _printf_int_dec                          0x00000000   Number         0  stubs.o ABSOLUTE
    _printf_l                                0x00000000   Number         0  stubs.o ABSOLUTE
    _printf_lc                               0x00000000   Number         0  stubs.o ABSOLUTE
    _printf_ll                               0x00000000   Number         0  stubs.o ABSOLUTE
    _printf_lld                              0x00000000   Number         0  stubs.o ABSOLUTE
    _printf_lli                              0x00000000   Number         0  stubs.o ABSOLUTE
    _printf_llo                              0x00000000   Number         0  stubs.o ABSOLUTE
    _printf_llu                              0x00000000   Number         0  stubs.o ABSOLUTE
    _printf_llx                              0x00000000   Number         0  stubs.o ABSOLUTE
    _printf_longlong_dec                     0x00000000   Number         0  stubs.o ABSOLUTE
    _printf_longlong_hex                     0x00000000   Number         0  stubs.o ABSOLUTE
    _printf_longlong_oct                     0x00000000   Number         0  stubs.o ABSOLUTE
    _printf_ls                               0x00000000   Number         0  stubs.o ABSOLUTE
    _printf_mbtowc                           0x00000000   Number         0  stubs.o ABSOLUTE
    _printf_n                                0x00000000   Number         0  stubs.o ABSOLUTE
    _printf_o                                0x00000000   Number         0  stubs.o ABSOLUTE
    _printf_p                                0x00000000   Number         0  stubs.o ABSOLUTE
    _printf_percent                          0x00000000   Number         0  stubs.o ABSOLUTE
    _printf_pre_padding                      0x00000000   Number         0  stubs.o ABSOLUTE
    _printf_return_value                     0x00000000   Number         0  stubs.o ABSOLUTE
    _printf_s                                0x00000000   Number         0  stubs.o ABSOLUTE
    _printf_sizespec                         0x00000000   Number         0  stubs.o ABSOLUTE
    _printf_str                              0x00000000   Number         0  stubs.o ABSOLUTE
    _printf_truncate_signed                  0x00000000   Number         0  stubs.o ABSOLUTE
    _printf_truncate_unsigned                0x00000000   Number         0  stubs.o ABSOLUTE
    _printf_u                                0x00000000   Number         0  stubs.o ABSOLUTE
    _printf_wc                               0x00000000   Number         0  stubs.o ABSOLUTE
    _printf_wctomb                           0x00000000   Number         0  stubs.o ABSOLUTE
    _printf_widthprec                        0x00000000   Number         0  stubs.o ABSOLUTE
    _printf_x                                0x00000000   Number         0  stubs.o ABSOLUTE
    __arm_fini_                               - Undefined Weak Reference
    __cpp_initialize__aeabi_                  - Undefined Weak Reference
    __cxa_finalize                            - Undefined Weak Reference
    __decompress                              - Undefined Weak Reference
    _clock_init                               - Undefined Weak Reference
    _microlib_exit                            - Undefined Weak Reference
    __Vectors_Size                           0x00000194   Number         0  startup_stm32f401xx.o ABSOLUTE
    __Vectors                                0x08000000   Data           4  startup_stm32f401xx.o(RESET)
    __Vectors_End                            0x08000194   Data           0  startup_stm32f401xx.o(RESET)
    __main                                   0x08000195   Thumb Code     0  entry.o(.ARM.Collect$$$$00000000)
    _main_stk                                0x08000195   Thumb Code     0  entry2.o(.ARM.Collect$$$$00000001)
    _main_scatterload                        0x08000199   Thumb Code     0  entry5.o(.ARM.Collect$$$$00000004)
    __main_after_scatterload                 0x0800019d   Thumb Code     0  entry5.o(.ARM.Collect$$$$00000004)
    _main_clock                              0x0800019d   Thumb Code     0  entry7b.o(.ARM.Collect$$$$00000008)
    _main_cpp_init                           0x0800019d   Thumb Code     0  entry8b.o(.ARM.Collect$$$$0000000A)
    _main_init                               0x0800019d   Thumb Code     0  entry9a.o(.ARM.Collect$$$$0000000B)
    __rt_lib_shutdown_fini                   0x080001a5   Thumb Code     0  entry12b.o(.ARM.Collect$$$$0000000E)
    __rt_final_cpp                           0x080001a9   Thumb Code     0  entry10a.o(.ARM.Collect$$$$0000000F)
    __rt_final_exit                          0x080001a9   Thumb Code     0  entry11a.o(.ARM.Collect$$$$00000011)
    Reset_Handler                            0x080001ad   Thumb Code     8  startup_stm32f401xx.o(.text)
    DMA1_Stream0_IRQHandler                  0x080001c7   Thumb Code     0  startup_stm32f401xx.o(.text)
    DMA1_Stream1_IRQHandler                  0x080001c7   Thumb Code     0  startup_stm32f401xx.o(.text)
    DMA1_Stream2_IRQHandler                  0x080001c7   Thumb Code     0  startup_stm32f401xx.o(.text)
    DMA1_Stream3_IRQHandler                  0x080001c7   Thumb Code     0  startup_stm32f401xx.o(.text)
    DMA1_Stream4_IRQHandler                  0x080001c7   Thumb Code     0  startup_stm32f401xx.o(.text)
    DMA1_Stream5_IRQHandler                  0x080001c7   Thumb Code     0  startup_stm32f401xx.o(.text)
    DMA1_Stream6_IRQHandler                  0x080001c7   Thumb Code     0  startup_stm32f401xx.o(.text)
    DMA1_Stream7_IRQHandler                  0x080001c7   Thumb Code     0  startup_stm32f401xx.o(.text)
    DMA2_Stream0_IRQHandler                  0x080001c7   Thumb Code     0  startup_stm32f401xx.o(.text)
    DMA2_Stream1_IRQHandler                  0x080001c7   Thumb Code     0  startup_stm32f401xx.o(.text)
    DMA2_Stream2_IRQHandler                  0x080001c7   Thumb Code     0  startup_stm32f401xx.o(.text)
    DMA2_Stream3_IRQHandler                  0x080001c7   Thumb Code     0  startup_stm32f401xx.o(.text)
    DMA2_Stream4_IRQHandler                  0x080001c7   Thumb Code     0  startup_stm32f401xx.o(.text)
    DMA2_Stream6_IRQHandler                  0x080001c7   Thumb Code     0  startup_stm32f401xx.o(.text)
    EXTI0_IRQHandler                         0x080001c7   Thumb Code     0  startup_stm32f401xx.o(.text)
    EXTI15_10_IRQHandler                     0x080001c7   Thumb Code     0  startup_stm32f401xx.o(.text)
    EXTI1_IRQHandler                         0x080001c7   Thumb Code     0  startup_stm32f401xx.o(.text)
    EXTI3_IRQHandler                         0x080001c7   Thumb Code     0  startup_stm32f401xx.o(.text)
    EXTI4_IRQHandler                         0x080001c7   Thumb Code     0  startup_stm32f401xx.o(.text)
    FLASH_IRQHandler                         0x080001c7   Thumb Code     0  startup_stm32f401xx.o(.text)
    FPU_IRQHandler                           0x080001c7   Thumb Code     0  startup_stm32f401xx.o(.text)
    I2C1_ER_IRQHandler                       0x080001c7   Thumb Code     0  startup_stm32f401xx.o(.text)
    I2C1_EV_IRQHandler                       0x080001c7   Thumb Code     0  startup_stm32f401xx.o(.text)
    I2C2_ER_IRQHandler                       0x080001c7   Thumb Code     0  startup_stm32f401xx.o(.text)
    I2C2_EV_IRQHandler                       0x080001c7   Thumb Code     0  startup_stm32f401xx.o(.text)
    I2C3_ER_IRQHandler                       0x080001c7   Thumb Code     0  startup_stm32f401xx.o(.text)
    I2C3_EV_IRQHandler                       0x080001c7   Thumb Code     0  startup_stm32f401xx.o(.text)
    OTG_FS_IRQHandler                        0x080001c7   Thumb Code     0  startup_stm32f401xx.o(.text)
    OTG_FS_WKUP_IRQHandler                   0x080001c7   Thumb Code     0  startup_stm32f401xx.o(.text)
    PVD_IRQHandler                           0x080001c7   Thumb Code     0  startup_stm32f401xx.o(.text)
    RCC_IRQHandler                           0x080001c7   Thumb Code     0  startup_stm32f401xx.o(.text)
    RTC_Alarm_IRQHandler                     0x080001c7   Thumb Code     0  startup_stm32f401xx.o(.text)
    RTC_WKUP_IRQHandler                      0x080001c7   Thumb Code     0  startup_stm32f401xx.o(.text)
    SDIO_IRQHandler                          0x080001c7   Thumb Code     0  startup_stm32f401xx.o(.text)
    SPI1_IRQHandler                          0x080001c7   Thumb Code     0  startup_stm32f401xx.o(.text)
    SPI2_IRQHandler                          0x080001c7   Thumb Code     0  startup_stm32f401xx.o(.text)
    SPI3_IRQHandler                          0x080001c7   Thumb Code     0  startup_stm32f401xx.o(.text)
    SPI4_IRQHandler                          0x080001c7   Thumb Code     0  startup_stm32f401xx.o(.text)
    TAMP_STAMP_IRQHandler                    0x080001c7   Thumb Code     0  startup_stm32f401xx.o(.text)
    TIM1_BRK_TIM9_IRQHandler                 0x080001c7   Thumb Code     0  startup_stm32f401xx.o(.text)
    TIM1_CC_IRQHandler                       0x080001c7   Thumb Code     0  startup_stm32f401xx.o(.text)
    TIM1_TRG_COM_TIM11_IRQHandler            0x080001c7   Thumb Code     0  startup_stm32f401xx.o(.text)
    TIM1_UP_TIM10_IRQHandler                 0x080001c7   Thumb Code     0  startup_stm32f401xx.o(.text)
    TIM2_IRQHandler                          0x080001c7   Thumb Code     0  startup_stm32f401xx.o(.text)
    TIM5_IRQHandler                          0x080001c7   Thumb Code     0  startup_stm32f401xx.o(.text)
    USART2_IRQHandler                        0x080001c7   Thumb Code     0  startup_stm32f401xx.o(.text)
    USART6_IRQHandler                        0x080001c7   Thumb Code     0  startup_stm32f401xx.o(.text)
    WWDG_IRQHandler                          0x080001c7   Thumb Code     0  startup_stm32f401xx.o(.text)
    mktime                                   0x080001d1   Thumb Code   150  mktime.o(.text)
    __aeabi_memcpy                           0x08000279   Thumb Code    36  memcpya.o(.text)
    __aeabi_memcpy4                          0x08000279   Thumb Code     0  memcpya.o(.text)
    __aeabi_memcpy8                          0x08000279   Thumb Code     0  memcpya.o(.text)
    strstr                                   0x0800029d   Thumb Code    36  strstr.o(.text)
    strlen                                   0x080002c1   Thumb Code    14  strlen.o(.text)
    strcpy                                   0x080002cf   Thumb Code    18  strcpy.o(.text)
    __aeabi_dmul                             0x080002e1   Thumb Code   228  dmul.o(.text)
    __aeabi_f2d                              0x080003c5   Thumb Code    38  f2d.o(.text)
    __aeabi_d2f                              0x080003eb   Thumb Code    56  d2f.o(.text)
    __aeabi_uidiv                            0x08000423   Thumb Code     0  uidiv.o(.text)
    __aeabi_uidivmod                         0x08000423   Thumb Code    44  uidiv.o(.text)
    __aeabi_uldivmod                         0x0800044f   Thumb Code    98  uldiv.o(.text)
    _localtime                               0x080004b1   Thumb Code   134  localtime_i.o(.text)
    __I$use$fp                               0x0800053d   Thumb Code     0  iusefp.o(.text)
    _float_round                             0x0800053d   Thumb Code    18  fepilogue.o(.text)
    _float_epilogue                          0x0800054f   Thumb Code    92  fepilogue.o(.text)
    _double_round                            0x080005ab   Thumb Code    30  depilogue.o(.text)
    _double_epilogue                         0x080005c9   Thumb Code   156  depilogue.o(.text)
    __aeabi_dadd                             0x08000665   Thumb Code   322  dadd.o(.text)
    __aeabi_dsub                             0x080007a7   Thumb Code     6  dadd.o(.text)
    __aeabi_drsub                            0x080007ad   Thumb Code     6  dadd.o(.text)
    __aeabi_ddiv                             0x080007b3   Thumb Code   222  ddiv.o(.text)
    __aeabi_d2ulz                            0x08000891   Thumb Code    48  dfixul.o(.text)
    __aeabi_cdrcmple                         0x080008c1   Thumb Code    48  cdrcmple.o(.text)
    __scatterload                            0x080008f1   Thumb Code    28  init.o(.text)
    __scatterload_rt2                        0x080008f1   Thumb Code     0  init.o(.text)
    __aeabi_llsl                             0x08000915   Thumb Code    30  llshl.o(.text)
    _ll_shift_l                              0x08000915   Thumb Code     0  llshl.o(.text)
    __aeabi_llsr                             0x08000933   Thumb Code    32  llushr.o(.text)
    _ll_ushift_r                             0x08000933   Thumb Code     0  llushr.o(.text)
    __aeabi_lasr                             0x08000953   Thumb Code    36  llsshr.o(.text)
    _ll_sshift_r                             0x08000953   Thumb Code     0  llsshr.o(.text)
    ADC_ClearITPendingBit                    0x08000977   Thumb Code    10  stm32f4xx_adc.o(i.ADC_ClearITPendingBit)
    ADC_Cmd                                  0x08000981   Thumb Code    22  stm32f4xx_adc.o(i.ADC_Cmd)
    ADC_CommonInit                           0x08000999   Thumb Code    34  stm32f4xx_adc.o(i.ADC_CommonInit)
    ADC_DeInit                               0x080009c9   Thumb Code    22  stm32f4xx_adc.o(i.ADC_DeInit)
    ADC_GetConversionValue                   0x080009df   Thumb Code     8  stm32f4xx_adc.o(i.ADC_GetConversionValue)
    ADC_GetITStatus                          0x080009e7   Thumb Code    38  stm32f4xx_adc.o(i.ADC_GetITStatus)
    ADC_IRQHandler                           0x08000a0d   Thumb Code    64  infraredobject.o(i.ADC_IRQHandler)
    ADC_ITConfig                             0x08000a59   Thumb Code    32  stm32f4xx_adc.o(i.ADC_ITConfig)
    ADC_Init                                 0x08000a79   Thumb Code    74  stm32f4xx_adc.o(i.ADC_Init)
    ADC_RegularChannelConfig                 0x08000acd   Thumb Code   184  stm32f4xx_adc.o(i.ADC_RegularChannelConfig)
    ADC_SoftwareStartConv                    0x08000b85   Thumb Code    10  stm32f4xx_adc.o(i.ADC_SoftwareStartConv)
    Audio_Play                               0x08000b8f   Thumb Code    12  audio.o(i.Audio_Play)
    Audio_Transmit16Bits                     0x08000b9b   Thumb Code    34  audio.o(i.Audio_Transmit16Bits)
    Audio_TransmitByte                       0x08000bbd   Thumb Code   108  audio.o(i.Audio_TransmitByte)
    Audio_Volume                             0x08000c2d   Thumb Code    18  audio.o(i.Audio_Volume)
    BusFault_Handler                         0x08000c3f   Thumb Code     4  stm32f4xx_it.o(i.BusFault_Handler)
    Button_Init                              0x08000c45   Thumb Code   198  button.o(i.Button_Init)
    CalculateCRC                             0x08000d11   Thumb Code   108  nfc.o(i.CalculateCRC)
    Communicate_Init                         0x08000d7d   Thumb Code   114  communicate.o(i.Communicate_Init)
    Communicate_ZigBeeCheck                  0x08000e1d   Thumb Code    56  communicate.o(i.Communicate_ZigBeeCheck)
    Communicate_ZigBeeConfig                 0x08000e59   Thumb Code   378  communicate.o(i.Communicate_ZigBeeConfig)
    Communicate_ZigBeeRX                     0x08001089   Thumb Code    32  communicate.o(i.Communicate_ZigBeeRX)
    Communicate_ZigBeeTX                     0x080010ad   Thumb Code   150  communicate.o(i.Communicate_ZigBeeTX)
    DMA2_Stream5_IRQHandler                  0x08001189   Thumb Code    68  zigbee.o(i.DMA2_Stream5_IRQHandler)
    DMA2_Stream7_IRQHandler                  0x080011e5   Thumb Code    28  zigbee.o(i.DMA2_Stream7_IRQHandler)
    DMA_ClearITPendingBit                    0x0800120d   Thumb Code    38  stm32f4xx_dma.o(i.DMA_ClearITPendingBit)
    DMA_Cmd                                  0x08001241   Thumb Code    22  stm32f4xx_dma.o(i.DMA_Cmd)
    DMA_GetCurrDataCounter                   0x08001257   Thumb Code     8  stm32f4xx_dma.o(i.DMA_GetCurrDataCounter)
    DMA_GetITStatus                          0x08001261   Thumb Code    82  stm32f4xx_dma.o(i.DMA_GetITStatus)
    DMA_ITConfig                             0x080012c5   Thumb Code    58  stm32f4xx_dma.o(i.DMA_ITConfig)
    DMA_Init                                 0x08001301   Thumb Code    82  stm32f4xx_dma.o(i.DMA_Init)
    DMA_SetCurrDataCounter                   0x08001359   Thumb Code     4  stm32f4xx_dma.o(i.DMA_SetCurrDataCounter)
    DebugMon_Handler                         0x0800135d   Thumb Code     2  stm32f4xx_it.o(i.DebugMon_Handler)
    Delay_ms                                 0x08001361   Thumb Code    68  delay.o(i.Delay_ms)
    Delay_s                                  0x080013a9   Thumb Code    24  delay.o(i.Delay_s)
    Delay_us                                 0x080013c1   Thumb Code    66  delay.o(i.Delay_us)
    Display_Clear                            0x0800140d   Thumb Code    64  display.o(i.Display_Clear)
    Display_HardwareInit                     0x0800144d   Thumb Code    96  display.o(i.Display_HardwareInit)
    Display_Init                             0x080014b1   Thumb Code   224  display.o(i.Display_Init)
    Display_SetPosition                      0x08001591   Thumb Code    42  display.o(i.Display_SetPosition)
    Display_ShowChar                         0x080015bd   Thumb Code   178  display.o(i.Display_ShowChar)
    Display_ShowString                       0x08001679   Thumb Code   126  display.o(i.Display_ShowString)
    EXTI2_IRQHandler                         0x080016f9   Thumb Code   238  infraredhuman.o(i.EXTI2_IRQHandler)
    EXTI9_5_IRQHandler                       0x08001801   Thumb Code    48  button.o(i.EXTI9_5_IRQHandler)
    EXTI_ClearITPendingBit                   0x08001839   Thumb Code     6  stm32f4xx_exti.o(i.EXTI_ClearITPendingBit)
    EXTI_GetITStatus                         0x08001845   Thumb Code    20  stm32f4xx_exti.o(i.EXTI_GetITStatus)
    EXTI_Init                                0x0800185d   Thumb Code   142  stm32f4xx_exti.o(i.EXTI_Init)
    FlowMeter_Clear                          0x080018f1   Thumb Code    10  flowmeter.o(i.FlowMeter_Clear)
    FlowMeter_GetValueL                      0x080018fd   Thumb Code    24  flowmeter.o(i.FlowMeter_GetValueL)
    FlowMeter_GetValueR                      0x08001919   Thumb Code     8  flowmeter.o(i.FlowMeter_GetValueR)
    FlowMeter_Init                           0x08001921   Thumb Code   110  flowmeter.o(i.FlowMeter_Init)
    FlowMeter_Start                          0x08001995   Thumb Code    20  flowmeter.o(i.FlowMeter_Start)
    FlowMeter_Stop                           0x080019a9   Thumb Code    14  flowmeter.o(i.FlowMeter_Stop)
    GPIO_Init                                0x080019b7   Thumb Code   144  stm32f4xx_gpio.o(i.GPIO_Init)
    GPIO_PinAFConfig                         0x08001a47   Thumb Code    70  stm32f4xx_gpio.o(i.GPIO_PinAFConfig)
    GPIO_ReadInputDataBit                    0x08001a8d   Thumb Code    18  stm32f4xx_gpio.o(i.GPIO_ReadInputDataBit)
    GPIO_ResetBits                           0x08001a9f   Thumb Code     4  stm32f4xx_gpio.o(i.GPIO_ResetBits)
    GPIO_SetBits                             0x08001aa3   Thumb Code     4  stm32f4xx_gpio.o(i.GPIO_SetBits)
    HardFault_Handler                        0x08001aa7   Thumb Code     4  stm32f4xx_it.o(i.HardFault_Handler)
    I2C_CheckACK                             0x08001aad   Thumb Code    74  display.o(i.I2C_CheckACK)
    I2C_Start                                0x08001afd   Thumb Code    48  display.o(i.I2C_Start)
    I2C_Stop                                 0x08001b31   Thumb Code    48  display.o(i.I2C_Stop)
    I2C_TransmitByte                         0x08001b65   Thumb Code    88  display.o(i.I2C_TransmitByte)
    I2C_TransmitDataCommand                  0x08001bc1   Thumb Code    76  display.o(i.I2C_TransmitDataCommand)
    Information_GetDateTime                  0x08001c0d   Thumb Code    24  information.o(i.Information_GetDateTime)
    Information_GetTimeStamp                 0x08001c25   Thumb Code    66  information.o(i.Information_GetTimeStamp)
    Information_InitializeRTC                0x08001c67   Thumb Code   160  information.o(i.Information_InitializeRTC)
    Information_SetDateTime                  0x08001d07   Thumb Code    44  information.o(i.Information_SetDateTime)
    InfraredHumanRX_Init                     0x08001d35   Thumb Code   114  infraredhuman.o(i.InfraredHumanRX_Init)
    InfraredHumanTX_Init                     0x08001dad   Thumb Code   166  infraredhuman.o(i.InfraredHumanTX_Init)
    InfraredHuman_Check                      0x08001e5d   Thumb Code    46  infraredhuman.o(i.InfraredHuman_Check)
    InfraredHuman_GetState                   0x08001e91   Thumb Code    22  infraredhuman.o(i.InfraredHuman_GetState)
    InfraredHuman_GetValue                   0x08001ead   Thumb Code    86  infraredhuman.o(i.InfraredHuman_GetValue)
    InfraredHuman_Init                       0x08001f05   Thumb Code    22  infraredhuman.o(i.InfraredHuman_Init)
    InfraredHuman_Receive                    0x08001f21   Thumb Code    16  infraredhuman.o(i.InfraredHuman_Receive)
    InfraredHuman_Transmit                   0x08001f39   Thumb Code    90  infraredhuman.o(i.InfraredHuman_Transmit)
    InfraredHuman_TransmitPulse              0x08001f99   Thumb Code    28  infraredhuman.o(i.InfraredHuman_TransmitPulse)
    InfraredObjectRX_Init                    0x08001fb9   Thumb Code   162  infraredobject.o(i.InfraredObjectRX_Init)
    InfraredObjectTX_Init                    0x08002065   Thumb Code    48  infraredobject.o(i.InfraredObjectTX_Init)
    InfraredObject_GetState                  0x08002099   Thumb Code    22  infraredobject.o(i.InfraredObject_GetState)
    InfraredObject_GetValue                  0x080020b5   Thumb Code    96  infraredobject.o(i.InfraredObject_GetValue)
    InfraredObject_Init                      0x08002121   Thumb Code    18  infraredobject.o(i.InfraredObject_Init)
    Int32toInt8                              0x08002139   Thumb Code    20  userlibrary.o(i.Int32toInt8)
    Int8toInt32                              0x0800214d   Thumb Code    22  userlibrary.o(i.Int8toInt32)
    Int8toUint32                             0x08002163   Thumb Code    22  userlibrary.o(i.Int8toUint32)
    M500PcdConfigISOType                     0x08002179   Thumb Code    92  nfc.o(i.M500PcdConfigISOType)
    MFRC_CmdFrame                            0x080021d5   Thumb Code   308  nfc.o(i.MFRC_CmdFrame)
    MFRC_ReadReg                             0x08002309   Thumb Code    52  nfc.o(i.MFRC_ReadReg)
    MFRC_ResetBits                           0x08002341   Thumb Code    26  nfc.o(i.MFRC_ResetBits)
    MFRC_SetBits                             0x0800235b   Thumb Code    26  nfc.o(i.MFRC_SetBits)
    MFRC_WriteReg                            0x08002375   Thumb Code    46  nfc.o(i.MFRC_WriteReg)
    MemManage_Handler                        0x080023a9   Thumb Code     4  stm32f4xx_it.o(i.MemManage_Handler)
    NFC_Init                                 0x080023ad   Thumb Code    52  nfc.o(i.NFC_Init)
    NFC_PinInit                              0x080023e9   Thumb Code   388  nfc.o(i.NFC_PinInit)
    NFC_ReadData                             0x08002579   Thumb Code    92  nfc.o(i.NFC_ReadData)
    NFC_SetCheckCardNumber                   0x080025d5   Thumb Code   112  nfc.o(i.NFC_SetCheckCardNumber)
    NFC_SetCheckUserNumber                   0x08002651   Thumb Code   112  nfc.o(i.NFC_SetCheckUserNumber)
    NFC_WriteData                            0x080026cd   Thumb Code    92  nfc.o(i.NFC_WriteData)
    NMI_Handler                              0x08002729   Thumb Code     2  stm32f4xx_it.o(i.NMI_Handler)
    NVIC_Init                                0x0800272d   Thumb Code   106  misc.o(i.NVIC_Init)
    PCD_AntennaOff                           0x080027a5   Thumb Code    12  nfc.o(i.PCD_AntennaOff)
    PCD_AntennaOn                            0x080027b1   Thumb Code    26  nfc.o(i.PCD_AntennaOn)
    PCD_Anticoll                             0x080027cb   Thumb Code   112  nfc.o(i.PCD_Anticoll)
    PCD_AuthState                            0x0800283b   Thumb Code   110  nfc.o(i.PCD_AuthState)
    PCD_Halt                                 0x080028a9   Thumb Code    52  nfc.o(i.PCD_Halt)
    PCD_Read                                 0x080028dd   Thumb Code    86  nfc.o(i.PCD_Read)
    PCD_Request                              0x08002933   Thumb Code    86  nfc.o(i.PCD_Request)
    PCD_Reset                                0x08002989   Thumb Code   142  nfc.o(i.PCD_Reset)
    PCD_Select                               0x08002a1d   Thumb Code   116  nfc.o(i.PCD_Select)
    PCD_Write                                0x08002a91   Thumb Code   150  nfc.o(i.PCD_Write)
    PWR_BackupAccessCmd                      0x08002b29   Thumb Code     6  stm32f4xx_pwr.o(i.PWR_BackupAccessCmd)
    PendSV_Handler                           0x08002b35   Thumb Code     2  stm32f4xx_it.o(i.PendSV_Handler)
    Pin_Input                                0x08002b39   Thumb Code    36  temperaturesensor.o(i.Pin_Input)
    Pin_Output                               0x08002b61   Thumb Code    48  temperaturesensor.o(i.Pin_Output)
    RCC_AHB1PeriphClockCmd                   0x08002b95   Thumb Code    26  stm32f4xx_rcc.o(i.RCC_AHB1PeriphClockCmd)
    RCC_APB1PeriphClockCmd                   0x08002bb5   Thumb Code    26  stm32f4xx_rcc.o(i.RCC_APB1PeriphClockCmd)
    RCC_APB2PeriphClockCmd                   0x08002bd5   Thumb Code    26  stm32f4xx_rcc.o(i.RCC_APB2PeriphClockCmd)
    RCC_APB2PeriphResetCmd                   0x08002bf5   Thumb Code    26  stm32f4xx_rcc.o(i.RCC_APB2PeriphResetCmd)
    RCC_GetClocksFreq                        0x08002c15   Thumb Code   214  stm32f4xx_rcc.o(i.RCC_GetClocksFreq)
    RCC_GetFlagStatus                        0x08002cfd   Thumb Code    60  stm32f4xx_rcc.o(i.RCC_GetFlagStatus)
    RCC_LSEConfig                            0x08002d3d   Thumb Code    40  stm32f4xx_rcc.o(i.RCC_LSEConfig)
    RCC_RTCCLKCmd                            0x08002d69   Thumb Code     6  stm32f4xx_rcc.o(i.RCC_RTCCLKCmd)
    RCC_RTCCLKConfig                         0x08002d75   Thumb Code    50  stm32f4xx_rcc.o(i.RCC_RTCCLKConfig)
    RTC_EnterInitMode                        0x08002de5   Thumb Code    76  stm32f4xx_rtc.o(i.RTC_EnterInitMode)
    RTC_ExitInitMode                         0x08002e35   Thumb Code    14  stm32f4xx_rtc.o(i.RTC_ExitInitMode)
    RTC_GetDate                              0x08002e49   Thumb Code    68  stm32f4xx_rtc.o(i.RTC_GetDate)
    RTC_GetTime                              0x08002e95   Thumb Code    72  stm32f4xx_rtc.o(i.RTC_GetTime)
    RTC_Init                                 0x08002ee5   Thumb Code    94  stm32f4xx_rtc.o(i.RTC_Init)
    RTC_SetDate                              0x08002f49   Thumb Code   190  stm32f4xx_rtc.o(i.RTC_SetDate)
    RTC_SetTime                              0x08003011   Thumb Code   198  stm32f4xx_rtc.o(i.RTC_SetTime)
    RTC_WaitForSynchro                       0x080030e1   Thumb Code    92  stm32f4xx_rtc.o(i.RTC_WaitForSynchro)
    RTC_WriteProtectionCmd                   0x08003141   Thumb Code    22  stm32f4xx_rtc.o(i.RTC_WriteProtectionCmd)
    SPI2_WriteReadByte                       0x0800315d   Thumb Code    82  nfc.o(i.SPI2_WriteReadByte)
    SPI_Cmd                                  0x080031b5   Thumb Code    24  stm32f4xx_spi.o(i.SPI_Cmd)
    SPI_I2S_GetFlagStatus                    0x080031cd   Thumb Code    18  stm32f4xx_spi.o(i.SPI_I2S_GetFlagStatus)
    SPI_I2S_ReceiveData                      0x080031df   Thumb Code     6  stm32f4xx_spi.o(i.SPI_I2S_ReceiveData)
    SPI_I2S_SendData                         0x080031e5   Thumb Code     4  stm32f4xx_spi.o(i.SPI_I2S_SendData)
    SPI_Init                                 0x080031e9   Thumb Code    60  stm32f4xx_spi.o(i.SPI_Init)
    SVC_Handler                              0x08003225   Thumb Code     2  stm32f4xx_it.o(i.SVC_Handler)
    SYSCFG_EXTILineConfig                    0x08003229   Thumb Code    60  stm32f4xx_syscfg.o(i.SYSCFG_EXTILineConfig)
    Sensor_Check                             0x08003269   Thumb Code    54  temperaturesensor.o(i.Sensor_Check)
    Sensor_Convert                           0x080032a5   Thumb Code    24  temperaturesensor.o(i.Sensor_Convert)
    Sensor_GetTemperature                    0x080032bd   Thumb Code   178  temperaturesensor.o(i.Sensor_GetTemperature)
    Sensor_ReadBit                           0x08003381   Thumb Code    64  temperaturesensor.o(i.Sensor_ReadBit)
    Sensor_ReadByte                          0x080033c5   Thumb Code    32  temperaturesensor.o(i.Sensor_ReadByte)
    Sensor_Reset                             0x080033e5   Thumb Code    38  temperaturesensor.o(i.Sensor_Reset)
    Sensor_WriteBit                          0x08003411   Thumb Code    70  temperaturesensor.o(i.Sensor_WriteBit)
    Sensor_WriteByte                         0x0800345d   Thumb Code    28  temperaturesensor.o(i.Sensor_WriteByte)
    ShowerTerminal_CardDetect                0x08003561   Thumb Code    36  userlibrary.o(i.ShowerTerminal_CardDetect)
    ShowerTerminal_CardFirstRead             0x0800358d   Thumb Code    18  userlibrary.o(i.ShowerTerminal_CardFirstRead)
    ShowerTerminal_CardFirstReadProcess      0x080035a5   Thumb Code   136  userlibrary.o(i.ShowerTerminal_CardFirstReadProcess)
    ShowerTerminal_CardObjectLeft            0x08003639   Thumb Code    50  userlibrary.o(i.ShowerTerminal_CardObjectLeft)
    ShowerTerminal_CardTake                  0x08003681   Thumb Code    22  userlibrary.o(i.ShowerTerminal_CardTake)
    ShowerTerminal_CardTakeProcess           0x0800369d   Thumb Code   268  userlibrary.o(i.ShowerTerminal_CardTakeProcess)
    ShowerTerminal_DisplayContent            0x080037c1   Thumb Code   284  userlibrary.o(i.ShowerTerminal_DisplayContent)
    ShowerTerminal_GetHelpState              0x08003929   Thumb Code    22  userlibrary.o(i.ShowerTerminal_GetHelpState)
    ShowerTerminal_GetRepairState            0x08003945   Thumb Code    20  userlibrary.o(i.ShowerTerminal_GetRepairState)
    ShowerTerminal_GetZigBeeData             0x0800395d   Thumb Code   352  userlibrary.o(i.ShowerTerminal_GetZigBeeData)
    ShowerTerminal_HumanDetect               0x08003ae5   Thumb Code    16  userlibrary.o(i.ShowerTerminal_HumanDetect)
    ShowerTerminal_IdleState                 0x08003af5   Thumb Code    52  userlibrary.o(i.ShowerTerminal_IdleState)
    ShowerTerminal_InUseProcess              0x08003b41   Thumb Code   224  userlibrary.o(i.ShowerTerminal_InUseProcess)
    ShowerTerminal_Init                      0x08003c55   Thumb Code   144  userlibrary.o(i.ShowerTerminal_Init)
    ShowerTerminal_InitInformation           0x08003d0d   Thumb Code    68  userlibrary.o(i.ShowerTerminal_InitInformation)
    ShowerTerminal_NearReservationEnd        0x08003d61   Thumb Code   174  userlibrary.o(i.ShowerTerminal_NearReservationEnd)
    ShowerTerminal_NoReservationProcess      0x08003e35   Thumb Code    34  userlibrary.o(i.ShowerTerminal_NoReservationProcess)
    ShowerTerminal_NotUseProcess             0x08003e69   Thumb Code    34  userlibrary.o(i.ShowerTerminal_NotUseProcess)
    ShowerTerminal_ObjectDetect              0x08003e99   Thumb Code    16  userlibrary.o(i.ShowerTerminal_ObjectDetect)
    ShowerTerminal_ObjectLeftCheck           0x08003ea9   Thumb Code    22  userlibrary.o(i.ShowerTerminal_ObjectLeftCheck)
    ShowerTerminal_ReservationCheck          0x08003ec5   Thumb Code    34  userlibrary.o(i.ShowerTerminal_ReservationCheck)
    ShowerTerminal_SendZigBeeData            0x08003eed   Thumb Code   250  userlibrary.o(i.ShowerTerminal_SendZigBeeData)
    ShowerTerminal_SetDevice                 0x08003ff5   Thumb Code    12  userlibrary.o(i.ShowerTerminal_SetDevice)
    ShowerTerminal_SetHelpState              0x08004005   Thumb Code    18  userlibrary.o(i.ShowerTerminal_SetHelpState)
    ShowerTerminal_SetRepairState            0x0800401d   Thumb Code    18  userlibrary.o(i.ShowerTerminal_SetRepairState)
    ShowerTerminal_TakeObjectProcess         0x08004035   Thumb Code    42  userlibrary.o(i.ShowerTerminal_TakeObjectProcess)
    ShowerTerminal_WaterStopRemind           0x08004065   Thumb Code    48  userlibrary.o(i.ShowerTerminal_WaterStopRemind)
    ShowerTerminal_ZigBeeCheck               0x080040a5   Thumb Code    88  userlibrary.o(i.ShowerTerminal_ZigBeeCheck)
    SysTick_Handler                          0x08004101   Thumb Code     2  stm32f4xx_it.o(i.SysTick_Handler)
    SystemInit                               0x08004105   Thumb Code    88  system_stm32f4xx.o(i.SystemInit)
    TIM3_IRQHandler                          0x080041f9   Thumb Code    86  button.o(i.TIM3_IRQHandler)
    TIM3_Init                                0x0800426d   Thumb Code    80  button.o(i.TIM3_Init)
    TIM4_IRQHandler                          0x080042c1   Thumb Code    86  button.o(i.TIM4_IRQHandler)
    TIM4_Init                                0x0800432d   Thumb Code    80  button.o(i.TIM4_Init)
    TIM5_Init                                0x08004381   Thumb Code    42  infraredhuman.o(i.TIM5_Init)
    TIM_ClearITPendingBit                    0x080043b1   Thumb Code     6  stm32f4xx_tim.o(i.TIM_ClearITPendingBit)
    TIM_Cmd                                  0x080043b7   Thumb Code    24  stm32f4xx_tim.o(i.TIM_Cmd)
    TIM_CtrlPWMOutputs                       0x080043cf   Thumb Code    30  stm32f4xx_tim.o(i.TIM_CtrlPWMOutputs)
    TIM_GetCounter                           0x080043ed   Thumb Code     6  stm32f4xx_tim.o(i.TIM_GetCounter)
    TIM_GetITStatus                          0x080043f3   Thumb Code    34  stm32f4xx_tim.o(i.TIM_GetITStatus)
    TIM_ITConfig                             0x08004415   Thumb Code    18  stm32f4xx_tim.o(i.TIM_ITConfig)
    TIM_OC1Init                              0x08004429   Thumb Code   114  stm32f4xx_tim.o(i.TIM_OC1Init)
    TIM_OC1PreloadConfig                     0x080044a5   Thumb Code    18  stm32f4xx_tim.o(i.TIM_OC1PreloadConfig)
    TIM_SelectInputTrigger                   0x080044b7   Thumb Code    18  stm32f4xx_tim.o(i.TIM_SelectInputTrigger)
    TIM_SetCounter                           0x080044c9   Thumb Code     4  stm32f4xx_tim.o(i.TIM_SetCounter)
    TIM_TIxExternalClockConfig               0x080044cd   Thumb Code    62  stm32f4xx_tim.o(i.TIM_TIxExternalClockConfig)
    TIM_TimeBaseInit                         0x0800450d   Thumb Code   104  stm32f4xx_tim.o(i.TIM_TimeBaseInit)
    TemperatureSensor_Init                   0x08004591   Thumb Code    64  temperaturesensor.o(i.TemperatureSensor_Init)
    USART1_DMAReceiveInit                    0x080045d5   Thumb Code   148  zigbee.o(i.USART1_DMAReceiveInit)
    USART1_DMATransmitInit                   0x0800467d   Thumb Code   134  zigbee.o(i.USART1_DMATransmitInit)
    USART1_IRQHandler                        0x08004711   Thumb Code    50  zigbee.o(i.USART1_IRQHandler)
    USART1_Init                              0x08004751   Thumb Code   124  zigbee.o(i.USART1_Init)
    USART_Cmd                                0x080047d1   Thumb Code    24  stm32f4xx_usart.o(i.USART_Cmd)
    USART_DMACmd                             0x080047e9   Thumb Code    18  stm32f4xx_usart.o(i.USART_DMACmd)
    USART_GetITStatus                        0x080047fb   Thumb Code    84  stm32f4xx_usart.o(i.USART_GetITStatus)
    USART_ITConfig                           0x0800484f   Thumb Code    74  stm32f4xx_usart.o(i.USART_ITConfig)
    USART_Init                               0x08004899   Thumb Code   204  stm32f4xx_usart.o(i.USART_Init)
    USART_ReceiveData                        0x0800496d   Thumb Code    10  stm32f4xx_usart.o(i.USART_ReceiveData)
    Uint32toInt8                             0x08004977   Thumb Code    20  userlibrary.o(i.Uint32toInt8)
    UsageFault_Handler                       0x0800498b   Thumb Code     4  stm32f4xx_it.o(i.UsageFault_Handler)
    Valve_GetState                           0x08004991   Thumb Code     6  valve.o(i.Valve_GetState)
    Valve_Init                               0x0800499d   Thumb Code    48  valve.o(i.Valve_Init)
    Valve_Start                              0x080049d1   Thumb Code    18  valve.o(i.Valve_Start)
    Valve_Stop                               0x080049ed   Thumb Code    18  valve.o(i.Valve_Stop)
    ZigBee_Init                              0x08004a09   Thumb Code   124  zigbee.o(i.ZigBee_Init)
    ZigBee_ReceiveString                     0x08004a89   Thumb Code    60  zigbee.o(i.ZigBee_ReceiveString)
    ZigBee_TransmitString                    0x08004acd   Thumb Code    78  zigbee.o(i.ZigBee_TransmitString)
    __0sprintf                               0x08004b25   Thumb Code    34  printfa.o(i.__0sprintf)
    __1sprintf                               0x08004b25   Thumb Code     0  printfa.o(i.__0sprintf)
    __2sprintf                               0x08004b25   Thumb Code     0  printfa.o(i.__0sprintf)
    __c89sprintf                             0x08004b25   Thumb Code     0  printfa.o(i.__0sprintf)
    sprintf                                  0x08004b25   Thumb Code     0  printfa.o(i.__0sprintf)
    __scatterload_copy                       0x08004b4d   Thumb Code    14  handlers.o(i.__scatterload_copy)
    __scatterload_null                       0x08004b5b   Thumb Code     2  handlers.o(i.__scatterload_null)
    __scatterload_zeroinit                   0x08004b5d   Thumb Code    14  handlers.o(i.__scatterload_zeroinit)
    main                                     0x08005401   Thumb Code   168  main.o(i.main)
    F6x8                                     0x080054c8   Data         552  display.o(.constdata)
    F8X16                                    0x080056f0   Data        1520  display.o(.constdata)
    Region$$Table$$Base                      0x08005cf8   Number         0  anon$$obj.o(Region$$Table)
    Region$$Table$$Limit                     0x08005d18   Number         0  anon$$obj.o(Region$$Table)
    SystemCoreClock                          0x20000000   Data           4  system_stm32f4xx.o(.data)
    AHBPrescTable                            0x20000004   Data          16  system_stm32f4xx.o(.data)
    Valve_State                              0x20000024   Data           1  valve.o(.data)
    Threshold_Object                         0x20000026   Data           2  infraredobject.o(.data)
    Threshold_Human                          0x20000029   Data           1  infraredhuman.o(.data)
    Receive_Flag                             0x2000002a   Data           1  infraredhuman.o(.data)
    Data_Human                               0x2000002b   Data           1  infraredhuman.o(.data)
    CardNumber_Sector                        0x2000002f   Data           1  nfc.o(.data)
    CardNumber_Block                         0x20000030   Data           1  nfc.o(.data)
    UserNumber_Sector                        0x20000031   Data           1  nfc.o(.data)
    UserNumber_Block                         0x20000032   Data           1  nfc.o(.data)
    key                                      0x20000033   Data           6  nfc.o(.data)
    ZigBee_ID                                0x2000003a   Data           1  communicate.o(.data)
    ZigBee_Channel                           0x2000003b   Data           1  communicate.o(.data)
    ZigBee_PANID                             0x2000003c   Data           2  communicate.o(.data)
    ZigBee_GroupID                           0x2000003e   Data           2  communicate.o(.data)
    ZigBeeStringReceive_Flag                 0x20000040   Data           1  zigbee.o(.data)
    ZigBeeStringTransmit_Flag                0x20000041   Data           1  zigbee.o(.data)
    ZigBeeDataLength                         0x20000042   Data           2  zigbee.o(.data)
    pZigBeeReceivedDataRead                  0x20000044   Data           4  zigbee.o(.data)
    ShowerTerminalSerial                     0x20000048   Data           1  userlibrary.o(.data)
    FatherHostSerial                         0x20000049   Data           1  userlibrary.o(.data)
    Communicate_ZigBeeChannel                0x2000004a   Data           1  userlibrary.o(.data)
    Communicate_ZigBeePANID                  0x2000004c   Data           2  userlibrary.o(.data)
    Communicate_ZigBeeGroupID                0x2000004e   Data           2  userlibrary.o(.data)
    CardCurrentState                         0x20000050   Data           1  userlibrary.o(.data)
    price                                    0x20000054   Data           4  userlibrary.o(.data)
    InfraredObject_Threshold                 0x20000058   Data           2  userlibrary.o(.data)
    InfraredHuman_Threshold                  0x2000005a   Data           1  userlibrary.o(.data)
    Data_Object                              0x20000060   Data          20  infraredobject.o(.bss)
    ZigBee_TXBuffer                          0x20000074   Data        1024  communicate.o(.bss)
    ZigBee_RXBuffer                          0x20000474   Data        1024  communicate.o(.bss)
    ZigBeeReceivedDataBuffer                 0x20000874   Data        1024  zigbee.o(.bss)
    Terminal_Information                     0x20000c74   Data          48  userlibrary.o(.bss)
    ACK                                      0x20000ca4   Data        1024  userlibrary.o(.bss)
    NAK                                      0x200010a4   Data        1024  userlibrary.o(.bss)
    __initial_sp                             0x200018a8   Data           0  startup_stm32f401xx.o(STACK)



==============================================================================

Memory Map of the image

  Image Entry point : 0x08000195

  Load Region LR_IROM1 (Base: 0x08000000, Size: 0x00005d78, Max: 0x00080000, ABSOLUTE)

    Execution Region ER_IROM1 (Exec base: 0x08000000, Load base: 0x08000000, Size: 0x00005d18, Max: 0x00080000, ABSOLUTE)

    Exec Addr    Load Addr    Size         Type   Attr      Idx    E Section Name        Object

    0x08000000   0x08000000   0x00000194   Data   RO          126    RESET               startup_stm32f401xx.o
    0x08000194   0x08000194   0x00000000   Code   RO         6277  * .ARM.Collect$$$$00000000  mc_w.l(entry.o)
    0x08000194   0x08000194   0x00000004   Code   RO         6560    .ARM.Collect$$$$00000001  mc_w.l(entry2.o)
    0x08000198   0x08000198   0x00000004   Code   RO         6563    .ARM.Collect$$$$00000004  mc_w.l(entry5.o)
    0x0800019c   0x0800019c   0x00000000   Code   RO         6565    .ARM.Collect$$$$00000008  mc_w.l(entry7b.o)
    0x0800019c   0x0800019c   0x00000000   Code   RO         6567    .ARM.Collect$$$$0000000A  mc_w.l(entry8b.o)
    0x0800019c   0x0800019c   0x00000008   Code   RO         6568    .ARM.Collect$$$$0000000B  mc_w.l(entry9a.o)
    0x080001a4   0x080001a4   0x00000004   Code   RO         6575    .ARM.Collect$$$$0000000E  mc_w.l(entry12b.o)
    0x080001a8   0x080001a8   0x00000000   Code   RO         6570    .ARM.Collect$$$$0000000F  mc_w.l(entry10a.o)
    0x080001a8   0x080001a8   0x00000000   Code   RO         6572    .ARM.Collect$$$$00000011  mc_w.l(entry11a.o)
    0x080001a8   0x080001a8   0x00000004   Code   RO         6561    .ARM.Collect$$$$00002712  mc_w.l(entry2.o)
    0x080001ac   0x080001ac   0x00000024   Code   RO          127    .text               startup_stm32f401xx.o
    0x080001d0   0x080001d0   0x000000a8   Code   RO         6280    .text               mc_w.l(mktime.o)
    0x08000278   0x08000278   0x00000024   Code   RO         6283    .text               mc_w.l(memcpya.o)
    0x0800029c   0x0800029c   0x00000024   Code   RO         6285    .text               mc_w.l(strstr.o)
    0x080002c0   0x080002c0   0x0000000e   Code   RO         6287    .text               mc_w.l(strlen.o)
    0x080002ce   0x080002ce   0x00000012   Code   RO         6289    .text               mc_w.l(strcpy.o)
    0x080002e0   0x080002e0   0x000000e4   Code   RO         6554    .text               mf_w.l(dmul.o)
    0x080003c4   0x080003c4   0x00000026   Code   RO         6556    .text               mf_w.l(f2d.o)
    0x080003ea   0x080003ea   0x00000038   Code   RO         6558    .text               mf_w.l(d2f.o)
    0x08000422   0x08000422   0x0000002c   Code   RO         6579    .text               mc_w.l(uidiv.o)
    0x0800044e   0x0800044e   0x00000062   Code   RO         6581    .text               mc_w.l(uldiv.o)
    0x080004b0   0x080004b0   0x0000008c   Code   RO         6586    .text               mc_w.l(localtime_i.o)
    0x0800053c   0x0800053c   0x00000000   Code   RO         6589    .text               mc_w.l(iusefp.o)
    0x0800053c   0x0800053c   0x0000006e   Code   RO         6590    .text               mf_w.l(fepilogue.o)
    0x080005aa   0x080005aa   0x000000ba   Code   RO         6592    .text               mf_w.l(depilogue.o)
    0x08000664   0x08000664   0x0000014e   Code   RO         6594    .text               mf_w.l(dadd.o)
    0x080007b2   0x080007b2   0x000000de   Code   RO         6596    .text               mf_w.l(ddiv.o)
    0x08000890   0x08000890   0x00000030   Code   RO         6598    .text               mf_w.l(dfixul.o)
    0x080008c0   0x080008c0   0x00000030   Code   RO         6600    .text               mf_w.l(cdrcmple.o)
    0x080008f0   0x080008f0   0x00000024   Code   RO         6602    .text               mc_w.l(init.o)
    0x08000914   0x08000914   0x0000001e   Code   RO         6605    .text               mc_w.l(llshl.o)
    0x08000932   0x08000932   0x00000020   Code   RO         6607    .text               mc_w.l(llushr.o)
    0x08000952   0x08000952   0x00000024   Code   RO         6609    .text               mc_w.l(llsshr.o)
    0x08000976   0x08000976   0x0000000a   Code   RO          311    i.ADC_ClearITPendingBit  stm32f4xx_adc.o
    0x08000980   0x08000980   0x00000016   Code   RO          312    i.ADC_Cmd           stm32f4xx_adc.o
    0x08000996   0x08000996   0x00000002   PAD
    0x08000998   0x08000998   0x00000030   Code   RO          313    i.ADC_CommonInit    stm32f4xx_adc.o
    0x080009c8   0x080009c8   0x00000016   Code   RO          318    i.ADC_DeInit        stm32f4xx_adc.o
    0x080009de   0x080009de   0x00000008   Code   RO          324    i.ADC_GetConversionValue  stm32f4xx_adc.o
    0x080009e6   0x080009e6   0x00000026   Code   RO          326    i.ADC_GetITStatus   stm32f4xx_adc.o
    0x08000a0c   0x08000a0c   0x0000004c   Code   RO         5381    i.ADC_IRQHandler    infraredobject.o
    0x08000a58   0x08000a58   0x00000020   Code   RO          331    i.ADC_ITConfig      stm32f4xx_adc.o
    0x08000a78   0x08000a78   0x00000054   Code   RO          332    i.ADC_Init          stm32f4xx_adc.o
    0x08000acc   0x08000acc   0x000000b8   Code   RO          337    i.ADC_RegularChannelConfig  stm32f4xx_adc.o
    0x08000b84   0x08000b84   0x0000000a   Code   RO          339    i.ADC_SoftwareStartConv  stm32f4xx_adc.o
    0x08000b8e   0x08000b8e   0x0000000c   Code   RO         5693    i.Audio_Play        audio.o
    0x08000b9a   0x08000b9a   0x00000022   Code   RO         5696    i.Audio_Transmit16Bits  audio.o
    0x08000bbc   0x08000bbc   0x00000070   Code   RO         5697    i.Audio_TransmitByte  audio.o
    0x08000c2c   0x08000c2c   0x00000012   Code   RO         5698    i.Audio_Volume      audio.o
    0x08000c3e   0x08000c3e   0x00000004   Code   RO          134    i.BusFault_Handler  stm32f4xx_it.o
    0x08000c42   0x08000c42   0x00000002   PAD
    0x08000c44   0x08000c44   0x000000cc   Code   RO         5327    i.Button_Init       button.o
    0x08000d10   0x08000d10   0x0000006c   Code   RO         5526    i.CalculateCRC      nfc.o
    0x08000d7c   0x08000d7c   0x000000a0   Code   RO         5871    i.Communicate_Init  communicate.o
    0x08000e1c   0x08000e1c   0x0000003c   Code   RO         5872    i.Communicate_ZigBeeCheck  communicate.o
    0x08000e58   0x08000e58   0x00000230   Code   RO         5873    i.Communicate_ZigBeeConfig  communicate.o
    0x08001088   0x08001088   0x00000024   Code   RO         5874    i.Communicate_ZigBeeRX  communicate.o
    0x080010ac   0x080010ac   0x000000dc   Code   RO         5875    i.Communicate_ZigBeeTX  communicate.o
    0x08001188   0x08001188   0x0000005c   Code   RO         5926    i.DMA2_Stream5_IRQHandler  zigbee.o
    0x080011e4   0x080011e4   0x00000028   Code   RO         5927    i.DMA2_Stream7_IRQHandler  zigbee.o
    0x0800120c   0x0800120c   0x00000034   Code   RO         1344    i.DMA_ClearITPendingBit  stm32f4xx_dma.o
    0x08001240   0x08001240   0x00000016   Code   RO         1345    i.DMA_Cmd           stm32f4xx_dma.o
    0x08001256   0x08001256   0x00000008   Code   RO         1351    i.DMA_GetCurrDataCounter  stm32f4xx_dma.o
    0x0800125e   0x0800125e   0x00000002   PAD
    0x08001260   0x08001260   0x00000064   Code   RO         1355    i.DMA_GetITStatus   stm32f4xx_dma.o
    0x080012c4   0x080012c4   0x0000003a   Code   RO         1356    i.DMA_ITConfig      stm32f4xx_dma.o
    0x080012fe   0x080012fe   0x00000002   PAD
    0x08001300   0x08001300   0x00000058   Code   RO         1357    i.DMA_Init          stm32f4xx_dma.o
    0x08001358   0x08001358   0x00000004   Code   RO         1360    i.DMA_SetCurrDataCounter  stm32f4xx_dma.o
    0x0800135c   0x0800135c   0x00000002   Code   RO          135    i.DebugMon_Handler  stm32f4xx_it.o
    0x0800135e   0x0800135e   0x00000002   PAD
    0x08001360   0x08001360   0x00000048   Code   RO         5108    i.Delay_ms          delay.o
    0x080013a8   0x080013a8   0x00000018   Code   RO         5109    i.Delay_s           delay.o
    0x080013c0   0x080013c0   0x0000004c   Code   RO         5110    i.Delay_us          delay.o
    0x0800140c   0x0800140c   0x00000040   Code   RO         5757    i.Display_Clear     display.o
    0x0800144c   0x0800144c   0x00000064   Code   RO         5759    i.Display_HardwareInit  display.o
    0x080014b0   0x080014b0   0x000000e0   Code   RO         5760    i.Display_Init      display.o
    0x08001590   0x08001590   0x0000002a   Code   RO         5764    i.Display_SetPosition  display.o
    0x080015ba   0x080015ba   0x00000002   PAD
    0x080015bc   0x080015bc   0x000000bc   Code   RO         5765    i.Display_ShowChar  display.o
    0x08001678   0x08001678   0x0000007e   Code   RO         5766    i.Display_ShowString  display.o
    0x080016f6   0x080016f6   0x00000002   PAD
    0x080016f8   0x080016f8   0x00000108   Code   RO         5439    i.EXTI2_IRQHandler  infraredhuman.o
    0x08001800   0x08001800   0x00000038   Code   RO         5328    i.EXTI9_5_IRQHandler  button.o
    0x08001838   0x08001838   0x0000000c   Code   RO         1632    i.EXTI_ClearITPendingBit  stm32f4xx_exti.o
    0x08001844   0x08001844   0x00000018   Code   RO         1636    i.EXTI_GetITStatus  stm32f4xx_exti.o
    0x0800185c   0x0800185c   0x00000094   Code   RO         1637    i.EXTI_Init         stm32f4xx_exti.o
    0x080018f0   0x080018f0   0x0000000a   Code   RO         5228    i.FlowMeter_Clear   flowmeter.o
    0x080018fa   0x080018fa   0x00000002   PAD
    0x080018fc   0x080018fc   0x0000001c   Code   RO         5229    i.FlowMeter_GetValueL  flowmeter.o
    0x08001918   0x08001918   0x00000008   Code   RO         5230    i.FlowMeter_GetValueR  flowmeter.o
    0x08001920   0x08001920   0x00000074   Code   RO         5231    i.FlowMeter_Init    flowmeter.o
    0x08001994   0x08001994   0x00000014   Code   RO         5232    i.FlowMeter_Start   flowmeter.o
    0x080019a8   0x080019a8   0x0000000e   Code   RO         5233    i.FlowMeter_Stop    flowmeter.o
    0x080019b6   0x080019b6   0x00000090   Code   RO         2010    i.GPIO_Init         stm32f4xx_gpio.o
    0x08001a46   0x08001a46   0x00000046   Code   RO         2011    i.GPIO_PinAFConfig  stm32f4xx_gpio.o
    0x08001a8c   0x08001a8c   0x00000012   Code   RO         2014    i.GPIO_ReadInputDataBit  stm32f4xx_gpio.o
    0x08001a9e   0x08001a9e   0x00000004   Code   RO         2017    i.GPIO_ResetBits    stm32f4xx_gpio.o
    0x08001aa2   0x08001aa2   0x00000004   Code   RO         2018    i.GPIO_SetBits      stm32f4xx_gpio.o
    0x08001aa6   0x08001aa6   0x00000004   Code   RO          136    i.HardFault_Handler  stm32f4xx_it.o
    0x08001aaa   0x08001aaa   0x00000002   PAD
    0x08001aac   0x08001aac   0x00000050   Code   RO         5767    i.I2C_CheckACK      display.o
    0x08001afc   0x08001afc   0x00000034   Code   RO         5768    i.I2C_Start         display.o
    0x08001b30   0x08001b30   0x00000034   Code   RO         5769    i.I2C_Stop          display.o
    0x08001b64   0x08001b64   0x0000005c   Code   RO         5770    i.I2C_TransmitByte  display.o
    0x08001bc0   0x08001bc0   0x0000004c   Code   RO         5771    i.I2C_TransmitDataCommand  display.o
    0x08001c0c   0x08001c0c   0x00000018   Code   RO         6014    i.Information_GetDateTime  information.o
    0x08001c24   0x08001c24   0x00000042   Code   RO         6015    i.Information_GetTimeStamp  information.o
    0x08001c66   0x08001c66   0x000000a0   Code   RO         6016    i.Information_InitializeRTC  information.o
    0x08001d06   0x08001d06   0x0000002c   Code   RO         6017    i.Information_SetDateTime  information.o
    0x08001d32   0x08001d32   0x00000002   PAD
    0x08001d34   0x08001d34   0x00000078   Code   RO         5440    i.InfraredHumanRX_Init  infraredhuman.o
    0x08001dac   0x08001dac   0x000000b0   Code   RO         5441    i.InfraredHumanTX_Init  infraredhuman.o
    0x08001e5c   0x08001e5c   0x00000034   Code   RO         5442    i.InfraredHuman_Check  infraredhuman.o
    0x08001e90   0x08001e90   0x0000001c   Code   RO         5443    i.InfraredHuman_GetState  infraredhuman.o
    0x08001eac   0x08001eac   0x00000056   Code   RO         5444    i.InfraredHuman_GetValue  infraredhuman.o
    0x08001f02   0x08001f02   0x00000002   PAD
    0x08001f04   0x08001f04   0x0000001c   Code   RO         5445    i.InfraredHuman_Init  infraredhuman.o
    0x08001f20   0x08001f20   0x00000018   Code   RO         5446    i.InfraredHuman_Receive  infraredhuman.o
    0x08001f38   0x08001f38   0x00000060   Code   RO         5447    i.InfraredHuman_Transmit  infraredhuman.o
    0x08001f98   0x08001f98   0x00000020   Code   RO         5448    i.InfraredHuman_TransmitPulse  infraredhuman.o
    0x08001fb8   0x08001fb8   0x000000ac   Code   RO         5382    i.InfraredObjectRX_Init  infraredobject.o
    0x08002064   0x08002064   0x00000034   Code   RO         5383    i.InfraredObjectTX_Init  infraredobject.o
    0x08002098   0x08002098   0x0000001c   Code   RO         5384    i.InfraredObject_GetState  infraredobject.o
    0x080020b4   0x080020b4   0x0000006c   Code   RO         5385    i.InfraredObject_GetValue  infraredobject.o
    0x08002120   0x08002120   0x00000018   Code   RO         5386    i.InfraredObject_Init  infraredobject.o
    0x08002138   0x08002138   0x00000014   Code   RO         6059    i.Int32toInt8       userlibrary.o
    0x0800214c   0x0800214c   0x00000016   Code   RO         6060    i.Int8toInt32       userlibrary.o
    0x08002162   0x08002162   0x00000016   Code   RO         6061    i.Int8toUint32      userlibrary.o
    0x08002178   0x08002178   0x0000005c   Code   RO         5527    i.M500PcdConfigISOType  nfc.o
    0x080021d4   0x080021d4   0x00000134   Code   RO         5528    i.MFRC_CmdFrame     nfc.o
    0x08002308   0x08002308   0x00000038   Code   RO         5529    i.MFRC_ReadReg      nfc.o
    0x08002340   0x08002340   0x0000001a   Code   RO         5530    i.MFRC_ResetBits    nfc.o
    0x0800235a   0x0800235a   0x0000001a   Code   RO         5531    i.MFRC_SetBits      nfc.o
    0x08002374   0x08002374   0x00000034   Code   RO         5532    i.MFRC_WriteReg     nfc.o
    0x080023a8   0x080023a8   0x00000004   Code   RO          137    i.MemManage_Handler  stm32f4xx_it.o
    0x080023ac   0x080023ac   0x0000003c   Code   RO         5533    i.NFC_Init          nfc.o
    0x080023e8   0x080023e8   0x00000190   Code   RO         5534    i.NFC_PinInit       nfc.o
    0x08002578   0x08002578   0x0000005c   Code   RO         5535    i.NFC_ReadData      nfc.o
    0x080025d4   0x080025d4   0x0000007c   Code   RO         5536    i.NFC_SetCheckCardNumber  nfc.o
    0x08002650   0x08002650   0x0000007c   Code   RO         5537    i.NFC_SetCheckUserNumber  nfc.o
    0x080026cc   0x080026cc   0x0000005c   Code   RO         5538    i.NFC_WriteData     nfc.o
    0x08002728   0x08002728   0x00000002   Code   RO          138    i.NMI_Handler       stm32f4xx_it.o
    0x0800272a   0x0800272a   0x00000002   PAD
    0x0800272c   0x0800272c   0x00000078   Code   RO          258    i.NVIC_Init         misc.o
    0x080027a4   0x080027a4   0x0000000c   Code   RO         5539    i.PCD_AntennaOff    nfc.o
    0x080027b0   0x080027b0   0x0000001a   Code   RO         5540    i.PCD_AntennaOn     nfc.o
    0x080027ca   0x080027ca   0x00000070   Code   RO         5541    i.PCD_Anticoll      nfc.o
    0x0800283a   0x0800283a   0x0000006e   Code   RO         5542    i.PCD_AuthState     nfc.o
    0x080028a8   0x080028a8   0x00000034   Code   RO         5543    i.PCD_Halt          nfc.o
    0x080028dc   0x080028dc   0x00000056   Code   RO         5544    i.PCD_Read          nfc.o
    0x08002932   0x08002932   0x00000056   Code   RO         5545    i.PCD_Request       nfc.o
    0x08002988   0x08002988   0x00000094   Code   RO         5546    i.PCD_Reset         nfc.o
    0x08002a1c   0x08002a1c   0x00000074   Code   RO         5547    i.PCD_Select        nfc.o
    0x08002a90   0x08002a90   0x00000096   Code   RO         5548    i.PCD_Write         nfc.o
    0x08002b26   0x08002b26   0x00000002   PAD
    0x08002b28   0x08002b28   0x0000000c   Code   RO         2804    i.PWR_BackupAccessCmd  stm32f4xx_pwr.o
    0x08002b34   0x08002b34   0x00000002   Code   RO          139    i.PendSV_Handler    stm32f4xx_it.o
    0x08002b36   0x08002b36   0x00000002   PAD
    0x08002b38   0x08002b38   0x00000028   Code   RO         5144    i.Pin_Input         temperaturesensor.o
    0x08002b60   0x08002b60   0x00000034   Code   RO         5145    i.Pin_Output        temperaturesensor.o
    0x08002b94   0x08002b94   0x00000020   Code   RO         3501    i.RCC_AHB1PeriphClockCmd  stm32f4xx_rcc.o
    0x08002bb4   0x08002bb4   0x00000020   Code   RO         3507    i.RCC_APB1PeriphClockCmd  stm32f4xx_rcc.o
    0x08002bd4   0x08002bd4   0x00000020   Code   RO         3510    i.RCC_APB2PeriphClockCmd  stm32f4xx_rcc.o
    0x08002bf4   0x08002bf4   0x00000020   Code   RO         3512    i.RCC_APB2PeriphResetCmd  stm32f4xx_rcc.o
    0x08002c14   0x08002c14   0x000000e8   Code   RO         3519    i.RCC_GetClocksFreq  stm32f4xx_rcc.o
    0x08002cfc   0x08002cfc   0x00000040   Code   RO         3520    i.RCC_GetFlagStatus  stm32f4xx_rcc.o
    0x08002d3c   0x08002d3c   0x0000002c   Code   RO         3528    i.RCC_LSEConfig     stm32f4xx_rcc.o
    0x08002d68   0x08002d68   0x0000000c   Code   RO         3542    i.RCC_RTCCLKCmd     stm32f4xx_rcc.o
    0x08002d74   0x08002d74   0x0000003c   Code   RO         3543    i.RCC_RTCCLKConfig  stm32f4xx_rcc.o
    0x08002db0   0x08002db0   0x00000016   Code   RO         2975    i.RTC_Bcd2ToByte    stm32f4xx_rtc.o
    0x08002dc6   0x08002dc6   0x0000001c   Code   RO         2977    i.RTC_ByteToBcd2    stm32f4xx_rtc.o
    0x08002de2   0x08002de2   0x00000002   PAD
    0x08002de4   0x08002de4   0x00000050   Code   RO         2987    i.RTC_EnterInitMode  stm32f4xx_rtc.o
    0x08002e34   0x08002e34   0x00000014   Code   RO         2988    i.RTC_ExitInitMode  stm32f4xx_rtc.o
    0x08002e48   0x08002e48   0x0000004c   Code   RO         2991    i.RTC_GetDate       stm32f4xx_rtc.o
    0x08002e94   0x08002e94   0x00000050   Code   RO         2996    i.RTC_GetTime       stm32f4xx_rtc.o
    0x08002ee4   0x08002ee4   0x00000064   Code   RO         3001    i.RTC_Init          stm32f4xx_rtc.o
    0x08002f48   0x08002f48   0x000000c8   Code   RO         3007    i.RTC_SetDate       stm32f4xx_rtc.o
    0x08003010   0x08003010   0x000000d0   Code   RO         3008    i.RTC_SetTime       stm32f4xx_rtc.o
    0x080030e0   0x080030e0   0x00000060   Code   RO         3024    i.RTC_WaitForSynchro  stm32f4xx_rtc.o
    0x08003140   0x08003140   0x0000001c   Code   RO         3028    i.RTC_WriteProtectionCmd  stm32f4xx_rtc.o
    0x0800315c   0x0800315c   0x00000058   Code   RO         5549    i.SPI2_WriteReadByte  nfc.o
    0x080031b4   0x080031b4   0x00000018   Code   RO         4034    i.SPI_Cmd           stm32f4xx_spi.o
    0x080031cc   0x080031cc   0x00000012   Code   RO         4042    i.SPI_I2S_GetFlagStatus  stm32f4xx_spi.o
    0x080031de   0x080031de   0x00000006   Code   RO         4045    i.SPI_I2S_ReceiveData  stm32f4xx_spi.o
    0x080031e4   0x080031e4   0x00000004   Code   RO         4046    i.SPI_I2S_SendData  stm32f4xx_spi.o
    0x080031e8   0x080031e8   0x0000003c   Code   RO         4047    i.SPI_Init          stm32f4xx_spi.o
    0x08003224   0x08003224   0x00000002   Code   RO          140    i.SVC_Handler       stm32f4xx_it.o
    0x08003226   0x08003226   0x00000002   PAD
    0x08003228   0x08003228   0x00000040   Code   RO         4199    i.SYSCFG_EXTILineConfig  stm32f4xx_syscfg.o
    0x08003268   0x08003268   0x0000003c   Code   RO         5146    i.Sensor_Check      temperaturesensor.o
    0x080032a4   0x080032a4   0x00000018   Code   RO         5147    i.Sensor_Convert    temperaturesensor.o
    0x080032bc   0x080032bc   0x000000c4   Code   RO         5148    i.Sensor_GetTemperature  temperaturesensor.o
    0x08003380   0x08003380   0x00000044   Code   RO         5149    i.Sensor_ReadBit    temperaturesensor.o
    0x080033c4   0x080033c4   0x00000020   Code   RO         5150    i.Sensor_ReadByte   temperaturesensor.o
    0x080033e4   0x080033e4   0x0000002c   Code   RO         5151    i.Sensor_Reset      temperaturesensor.o
    0x08003410   0x08003410   0x0000004c   Code   RO         5152    i.Sensor_WriteBit   temperaturesensor.o
    0x0800345c   0x0800345c   0x0000001c   Code   RO         5153    i.Sensor_WriteByte  temperaturesensor.o
    0x08003478   0x08003478   0x000000e8   Code   RO            4    i.SetSysClock       system_stm32f4xx.o
    0x08003560   0x08003560   0x0000002c   Code   RO         6062    i.ShowerTerminal_CardDetect  userlibrary.o
    0x0800358c   0x0800358c   0x00000018   Code   RO         6063    i.ShowerTerminal_CardFirstRead  userlibrary.o
    0x080035a4   0x080035a4   0x00000094   Code   RO         6064    i.ShowerTerminal_CardFirstReadProcess  userlibrary.o
    0x08003638   0x08003638   0x00000048   Code   RO         6065    i.ShowerTerminal_CardObjectLeft  userlibrary.o
    0x08003680   0x08003680   0x0000001c   Code   RO         6066    i.ShowerTerminal_CardTake  userlibrary.o
    0x0800369c   0x0800369c   0x00000124   Code   RO         6067    i.ShowerTerminal_CardTakeProcess  userlibrary.o
    0x080037c0   0x080037c0   0x00000168   Code   RO         6068    i.ShowerTerminal_DisplayContent  userlibrary.o
    0x08003928   0x08003928   0x0000001c   Code   RO         6069    i.ShowerTerminal_GetHelpState  userlibrary.o
    0x08003944   0x08003944   0x00000018   Code   RO         6070    i.ShowerTerminal_GetRepairState  userlibrary.o
    0x0800395c   0x0800395c   0x00000188   Code   RO         6071    i.ShowerTerminal_GetZigBeeData  userlibrary.o
    0x08003ae4   0x08003ae4   0x00000010   Code   RO         6072    i.ShowerTerminal_HumanDetect  userlibrary.o
    0x08003af4   0x08003af4   0x0000004c   Code   RO         6073    i.ShowerTerminal_IdleState  userlibrary.o
    0x08003b40   0x08003b40   0x00000114   Code   RO         6074    i.ShowerTerminal_InUseProcess  userlibrary.o
    0x08003c54   0x08003c54   0x000000b8   Code   RO         6075    i.ShowerTerminal_Init  userlibrary.o
    0x08003d0c   0x08003d0c   0x00000054   Code   RO         6076    i.ShowerTerminal_InitInformation  userlibrary.o
    0x08003d60   0x08003d60   0x000000d4   Code   RO         6077    i.ShowerTerminal_NearReservationEnd  userlibrary.o
    0x08003e34   0x08003e34   0x00000034   Code   RO         6078    i.ShowerTerminal_NoReservationProcess  userlibrary.o
    0x08003e68   0x08003e68   0x00000030   Code   RO         6079    i.ShowerTerminal_NotUseProcess  userlibrary.o
    0x08003e98   0x08003e98   0x00000010   Code   RO         6080    i.ShowerTerminal_ObjectDetect  userlibrary.o
    0x08003ea8   0x08003ea8   0x0000001c   Code   RO         6081    i.ShowerTerminal_ObjectLeftCheck  userlibrary.o
    0x08003ec4   0x08003ec4   0x00000028   Code   RO         6082    i.ShowerTerminal_ReservationCheck  userlibrary.o
    0x08003eec   0x08003eec   0x00000108   Code   RO         6083    i.ShowerTerminal_SendZigBeeData  userlibrary.o
    0x08003ff4   0x08003ff4   0x00000010   Code   RO         6084    i.ShowerTerminal_SetDevice  userlibrary.o
    0x08004004   0x08004004   0x00000018   Code   RO         6085    i.ShowerTerminal_SetHelpState  userlibrary.o
    0x0800401c   0x0800401c   0x00000018   Code   RO         6086    i.ShowerTerminal_SetRepairState  userlibrary.o
    0x08004034   0x08004034   0x00000030   Code   RO         6087    i.ShowerTerminal_TakeObjectProcess  userlibrary.o
    0x08004064   0x08004064   0x00000040   Code   RO         6088    i.ShowerTerminal_WaterStopRemind  userlibrary.o
    0x080040a4   0x080040a4   0x0000005c   Code   RO         6089    i.ShowerTerminal_ZigBeeCheck  userlibrary.o
    0x08004100   0x08004100   0x00000002   Code   RO          141    i.SysTick_Handler   stm32f4xx_it.o
    0x08004102   0x08004102   0x00000002   PAD
    0x08004104   0x08004104   0x00000068   Code   RO            6    i.SystemInit        system_stm32f4xx.o
    0x0800416c   0x0800416c   0x0000003a   Code   RO         4256    i.TI1_Config        stm32f4xx_tim.o
    0x080041a6   0x080041a6   0x00000050   Code   RO         4257    i.TI2_Config        stm32f4xx_tim.o
    0x080041f6   0x080041f6   0x00000002   PAD
    0x080041f8   0x080041f8   0x00000074   Code   RO         5329    i.TIM3_IRQHandler   button.o
    0x0800426c   0x0800426c   0x00000054   Code   RO         5330    i.TIM3_Init         button.o
    0x080042c0   0x080042c0   0x0000006c   Code   RO         5331    i.TIM4_IRQHandler   button.o
    0x0800432c   0x0800432c   0x00000054   Code   RO         5332    i.TIM4_Init         button.o
    0x08004380   0x08004380   0x00000030   Code   RO         5449    i.TIM5_Init         infraredhuman.o
    0x080043b0   0x080043b0   0x00000006   Code   RO         4267    i.TIM_ClearITPendingBit  stm32f4xx_tim.o
    0x080043b6   0x080043b6   0x00000018   Code   RO         4272    i.TIM_Cmd           stm32f4xx_tim.o
    0x080043ce   0x080043ce   0x0000001e   Code   RO         4274    i.TIM_CtrlPWMOutputs  stm32f4xx_tim.o
    0x080043ec   0x080043ec   0x00000006   Code   RO         4291    i.TIM_GetCounter    stm32f4xx_tim.o
    0x080043f2   0x080043f2   0x00000022   Code   RO         4293    i.TIM_GetITStatus   stm32f4xx_tim.o
    0x08004414   0x08004414   0x00000012   Code   RO         4297    i.TIM_ITConfig      stm32f4xx_tim.o
    0x08004426   0x08004426   0x00000002   PAD
    0x08004428   0x08004428   0x0000007c   Code   RO         4301    i.TIM_OC1Init       stm32f4xx_tim.o
    0x080044a4   0x080044a4   0x00000012   Code   RO         4304    i.TIM_OC1PreloadConfig  stm32f4xx_tim.o
    0x080044b6   0x080044b6   0x00000012   Code   RO         4326    i.TIM_SelectInputTrigger  stm32f4xx_tim.o
    0x080044c8   0x080044c8   0x00000004   Code   RO         4338    i.TIM_SetCounter    stm32f4xx_tim.o
    0x080044cc   0x080044cc   0x0000003e   Code   RO         4343    i.TIM_TIxExternalClockConfig  stm32f4xx_tim.o
    0x0800450a   0x0800450a   0x00000002   PAD
    0x0800450c   0x0800450c   0x00000084   Code   RO         4344    i.TIM_TimeBaseInit  stm32f4xx_tim.o
    0x08004590   0x08004590   0x00000044   Code   RO         5154    i.TemperatureSensor_Init  temperaturesensor.o
    0x080045d4   0x080045d4   0x000000a8   Code   RO         5928    i.USART1_DMAReceiveInit  zigbee.o
    0x0800467c   0x0800467c   0x00000094   Code   RO         5929    i.USART1_DMATransmitInit  zigbee.o
    0x08004710   0x08004710   0x00000040   Code   RO         5930    i.USART1_IRQHandler  zigbee.o
    0x08004750   0x08004750   0x00000080   Code   RO         5931    i.USART1_Init       zigbee.o
    0x080047d0   0x080047d0   0x00000018   Code   RO         4826    i.USART_Cmd         stm32f4xx_usart.o
    0x080047e8   0x080047e8   0x00000012   Code   RO         4827    i.USART_DMACmd      stm32f4xx_usart.o
    0x080047fa   0x080047fa   0x00000054   Code   RO         4830    i.USART_GetITStatus  stm32f4xx_usart.o
    0x0800484e   0x0800484e   0x0000004a   Code   RO         4832    i.USART_ITConfig    stm32f4xx_usart.o
    0x08004898   0x08004898   0x000000d4   Code   RO         4833    i.USART_Init        stm32f4xx_usart.o
    0x0800496c   0x0800496c   0x0000000a   Code   RO         4840    i.USART_ReceiveData  stm32f4xx_usart.o
    0x08004976   0x08004976   0x00000014   Code   RO         6090    i.Uint32toInt8      userlibrary.o
    0x0800498a   0x0800498a   0x00000004   Code   RO          142    i.UsageFault_Handler  stm32f4xx_it.o
    0x0800498e   0x0800498e   0x00000002   PAD
    0x08004990   0x08004990   0x0000000c   Code   RO         5282    i.Valve_GetState    valve.o
    0x0800499c   0x0800499c   0x00000034   Code   RO         5283    i.Valve_Init        valve.o
    0x080049d0   0x080049d0   0x0000001c   Code   RO         5284    i.Valve_Start       valve.o
    0x080049ec   0x080049ec   0x0000001c   Code   RO         5285    i.Valve_Stop        valve.o
    0x08004a08   0x08004a08   0x00000080   Code   RO         5932    i.ZigBee_Init       zigbee.o
    0x08004a88   0x08004a88   0x00000044   Code   RO         5934    i.ZigBee_ReceiveString  zigbee.o
    0x08004acc   0x08004acc   0x00000058   Code   RO         5936    i.ZigBee_TransmitString  zigbee.o
    0x08004b24   0x08004b24   0x00000028   Code   RO         6528    i.__0sprintf        mc_w.l(printfa.o)
    0x08004b4c   0x08004b4c   0x0000000e   Code   RO         6614    i.__scatterload_copy  mc_w.l(handlers.o)
    0x08004b5a   0x08004b5a   0x00000002   Code   RO         6615    i.__scatterload_null  mc_w.l(handlers.o)
    0x08004b5c   0x08004b5c   0x0000000e   Code   RO         6616    i.__scatterload_zeroinit  mc_w.l(handlers.o)
    0x08004b6a   0x08004b6a   0x00000002   PAD
    0x08004b6c   0x08004b6c   0x00000184   Code   RO         6533    i._fp_digits        mc_w.l(printfa.o)
    0x08004cf0   0x08004cf0   0x000006b4   Code   RO         6534    i._printf_core      mc_w.l(printfa.o)
    0x080053a4   0x080053a4   0x00000024   Code   RO         6535    i._printf_post_padding  mc_w.l(printfa.o)
    0x080053c8   0x080053c8   0x0000002e   Code   RO         6536    i._printf_pre_padding  mc_w.l(printfa.o)
    0x080053f6   0x080053f6   0x0000000a   Code   RO         6538    i._sputc            mc_w.l(printfa.o)
    0x08005400   0x08005400   0x000000c8   Code   RO         5080    i.main              main.o
    0x080054c8   0x080054c8   0x00000818   Data   RO         5772    .constdata          display.o
    0x08005ce0   0x08005ce0   0x0000000c   Data   RO         6281    .constdata          mc_w.l(mktime.o)
    0x08005cec   0x08005cec   0x0000000c   Data   RO         6587    .constdata          mc_w.l(localtime_i.o)
    0x08005cf8   0x08005cf8   0x00000020   Data   RO         6612    Region$$Table       anon$$obj.o


    Execution Region RW_IRAM1 (Exec base: 0x20000000, Load base: 0x08005d18, Size: 0x000018a8, Max: 0x00018000, ABSOLUTE)

    Exec Addr    Load Addr    Size         Type   Attr      Idx    E Section Name        Object

    0x20000000   0x08005d18   0x00000014   Data   RW            7    .data               system_stm32f4xx.o
    0x20000014   0x08005d2c   0x00000010   Data   RW         3549    .data               stm32f4xx_rcc.o
    0x20000024   0x08005d3c   0x00000001   Data   RW         5286    .data               valve.o
    0x20000025   0x08005d3d   0x00000001   PAD
    0x20000026   0x08005d3e   0x00000003   Data   RW         5388    .data               infraredobject.o
    0x20000029   0x08005d41   0x00000006   Data   RW         5450    .data               infraredhuman.o
    0x2000002f   0x08005d47   0x0000000a   Data   RW         5550    .data               nfc.o
    0x20000039   0x08005d51   0x00000001   PAD
    0x2000003a   0x08005d52   0x00000006   Data   RW         5877    .data               communicate.o
    0x20000040   0x08005d58   0x00000008   Data   RW         5938    .data               zigbee.o
    0x20000048   0x08005d60   0x00000015   Data   RW         6092    .data               userlibrary.o
    0x2000005d   0x08005d75   0x00000003   PAD
    0x20000060        -       0x00000014   Zero   RW         5387    .bss                infraredobject.o
    0x20000074        -       0x00000800   Zero   RW         5876    .bss                communicate.o
    0x20000874        -       0x00000400   Zero   RW         5937    .bss                zigbee.o
    0x20000c74        -       0x00000830   Zero   RW         6091    .bss                userlibrary.o
    0x200014a4   0x08005d75   0x00000004   PAD
    0x200014a8        -       0x00000400   Zero   RW          124    STACK               startup_stm32f401xx.o


==============================================================================

Image component sizes


      Code (inc. data)   RO Data    RW Data    ZI Data      Debug   Object Name

       176          4          0          0          0       2452   audio.o
       652         74          0          0          0       3771   button.o
      1036        306          0          6       2048       5261   communicate.o
       172         14          0          0          0       1712   delay.o
      1096         32       2072          0          0       9164   display.o
       196         10          0          0          0       3370   flowmeter.o
       294          0          0          0          0       4071   information.o
       954         84          0          6          0       7755   infraredhuman.o
       460         50          0          3         20       4870   infraredobject.o
       200         32          0          0          0        731   main.o
       120         14          0          0          0       1060   misc.o
      2546         66          0         10          0      21289   nfc.o
        36          8        404          0       1024        860   startup_stm32f401xx.o
       458         24          0          0          0       7668   stm32f4xx_adc.o
       332         38          0          0          0       5804   stm32f4xx_dma.o
       184         16          0          0          0       2200   stm32f4xx_exti.o
       240          0          0          0          0       3679   stm32f4xx_gpio.o
        26          0          0          0          0       5374   stm32f4xx_it.o
        12          6          0          0          0        558   stm32f4xx_pwr.o
       540         66          0         16          0       7867   stm32f4xx_rcc.o
       938         62          0          0          0       8300   stm32f4xx_rtc.o
       112          0          0          0          0       3650   stm32f4xx_spi.o
        64          4          0          0          0        680   stm32f4xx_syscfg.o
       614         38          0          0          0       9956   stm32f4xx_tim.o
       422          8          0          0          0       5057   stm32f4xx_usart.o
       336         32          0         20          0     314745   system_stm32f4xx.o
       688         52          0          0          0       6989   temperaturesensor.o
      3060        474          0         21       2096      22849   userlibrary.o
       120         30          0          1          0       2363   valve.o
       924        110          0          8       1024       7323   zigbee.o

    ----------------------------------------------------------------------
     17050       1654       2508         96       6216     481428   Object Totals
         0          0         32          0          0          0   (incl. Generated)
        42          0          0          5          4          0   (incl. Padding)

    ----------------------------------------------------------------------

      Code (inc. data)   RO Data    RW Data    ZI Data      Debug   Library Member Name

         0          0          0          0          0          0   entry.o
         0          0          0          0          0          0   entry10a.o
         0          0          0          0          0          0   entry11a.o
         4          0          0          0          0          0   entry12b.o
         8          4          0          0          0          0   entry2.o
         4          0          0          0          0          0   entry5.o
         0          0          0          0          0          0   entry7b.o
         0          0          0          0          0          0   entry8b.o
         8          4          0          0          0          0   entry9a.o
        30          0          0          0          0          0   handlers.o
        36          8          0          0          0         68   init.o
         0          0          0          0          0          0   iusefp.o
        30          0          0          0          0         68   llshl.o
        36          0          0          0          0         68   llsshr.o
        32          0          0          0          0         68   llushr.o
       140          6         12          0          0         76   localtime_i.o
        36          0          0          0          0         68   memcpya.o
       168         18         12          0          0         80   mktime.o
      2236         86          0          0          0        532   printfa.o
        18          0          0          0          0         68   strcpy.o
        14          0          0          0          0         68   strlen.o
        36          0          0          0          0         80   strstr.o
        44          0          0          0          0         80   uidiv.o
        98          0          0          0          0         92   uldiv.o
        48          0          0          0          0         68   cdrcmple.o
        56          0          0          0          0         88   d2f.o
       334          0          0          0          0        148   dadd.o
       222          0          0          0          0        100   ddiv.o
       186          0          0          0          0        176   depilogue.o
        48          0          0          0          0         68   dfixul.o
       228          0          0          0          0         96   dmul.o
        38          0          0          0          0         68   f2d.o
       110          0          0          0          0        168   fepilogue.o

    ----------------------------------------------------------------------
      4250        126         24          0          0       2396   Library Totals
         2          0          0          0          0          0   (incl. Padding)

    ----------------------------------------------------------------------

      Code (inc. data)   RO Data    RW Data    ZI Data      Debug   Library Name

      2978        126         24          0          0       1416   mc_w.l
      1270          0          0          0          0        980   mf_w.l

    ----------------------------------------------------------------------
      4250        126         24          0          0       2396   Library Totals

    ----------------------------------------------------------------------

==============================================================================


      Code (inc. data)   RO Data    RW Data    ZI Data      Debug   

     21300       1780       2532         96       6216     461380   Grand Totals
     21300       1780       2532         96       6216     461380   ELF Image Totals
     21300       1780       2532         96          0          0   ROM Totals

==============================================================================

    Total RO  Size (Code + RO Data)                23832 (  23.27kB)
    Total RW  Size (RW Data + ZI Data)              6312 (   6.16kB)
    Total ROM Size (Code + RO Data + RW Data)      23928 (  23.37kB)

==============================================================================

