Component: ARM Compiler 5.06 update 7 (build 960) Tool: armlink [4d3601]

==============================================================================

Section Cross References

    system_stm32f4xx.o(i.SystemCoreClockUpdate) refers to system_stm32f4xx.o(.data) for SystemCoreClock
    system_stm32f4xx.o(i.SystemInit) refers to system_stm32f4xx.o(i.SetSysClock) for SetSysClock
    startup_stm32f401xx.o(RESET) refers to startup_stm32f401xx.o(STACK) for __initial_sp
    startup_stm32f401xx.o(RESET) refers to startup_stm32f401xx.o(.text) for Reset_Handler
    startup_stm32f401xx.o(RESET) refers to stm32f4xx_it.o(i.NMI_Handler) for NMI_Handler
    startup_stm32f401xx.o(RESET) refers to stm32f4xx_it.o(i.HardFault_Handler) for HardFault_Handler
    startup_stm32f401xx.o(RESET) refers to stm32f4xx_it.o(i.MemManage_Handler) for MemManage_Handler
    startup_stm32f401xx.o(RESET) refers to stm32f4xx_it.o(i.BusFault_Handler) for BusFault_Handler
    startup_stm32f401xx.o(RESET) refers to stm32f4xx_it.o(i.UsageFault_Handler) for UsageFault_Handler
    startup_stm32f401xx.o(RESET) refers to stm32f4xx_it.o(i.SVC_Handler) for SVC_Handler
    startup_stm32f401xx.o(RESET) refers to stm32f4xx_it.o(i.DebugMon_Handler) for DebugMon_Handler
    startup_stm32f401xx.o(RESET) refers to stm32f4xx_it.o(i.PendSV_Handler) for PendSV_Handler
    startup_stm32f401xx.o(RESET) refers to stm32f4xx_it.o(i.SysTick_Handler) for SysTick_Handler
    startup_stm32f401xx.o(RESET) refers to lightsensor.o(i.ADC_IRQHandler) for ADC_IRQHandler
    startup_stm32f401xx.o(RESET) refers to button.o(i.EXTI9_5_IRQHandler) for EXTI9_5_IRQHandler
    startup_stm32f401xx.o(RESET) refers to button.o(i.TIM3_IRQHandler) for TIM3_IRQHandler
    startup_stm32f401xx.o(RESET) refers to button.o(i.TIM4_IRQHandler) for TIM4_IRQHandler
    startup_stm32f401xx.o(RESET) refers to zigbee.o(i.USART1_IRQHandler) for USART1_IRQHandler
    startup_stm32f401xx.o(RESET) refers to wifi.o(i.DMA2_Stream1_IRQHandler) for DMA2_Stream1_IRQHandler
    startup_stm32f401xx.o(RESET) refers to zigbee.o(i.DMA2_Stream5_IRQHandler) for DMA2_Stream5_IRQHandler
    startup_stm32f401xx.o(RESET) refers to wifi.o(i.DMA2_Stream6_IRQHandler) for DMA2_Stream6_IRQHandler
    startup_stm32f401xx.o(RESET) refers to zigbee.o(i.DMA2_Stream7_IRQHandler) for DMA2_Stream7_IRQHandler
    startup_stm32f401xx.o(RESET) refers to wifi.o(i.USART6_IRQHandler) for USART6_IRQHandler
    startup_stm32f401xx.o(.text) refers to system_stm32f4xx.o(i.SystemInit) for SystemInit
    startup_stm32f401xx.o(.text) refers to entry.o(.ARM.Collect$$$$00000000) for __main
    stm32f4xx_adc.o(i.ADC_DeInit) refers to stm32f4xx_rcc.o(i.RCC_APB2PeriphResetCmd) for RCC_APB2PeriphResetCmd
    stm32f4xx_can.o(i.CAN_DeInit) refers to stm32f4xx_rcc.o(i.RCC_APB1PeriphResetCmd) for RCC_APB1PeriphResetCmd
    stm32f4xx_can.o(i.CAN_GetITStatus) refers to stm32f4xx_can.o(i.CheckITStatus) for CheckITStatus
    stm32f4xx_cryp.o(i.CRYP_DeInit) refers to stm32f4xx_rcc.o(i.RCC_AHB2PeriphResetCmd) for RCC_AHB2PeriphResetCmd
    stm32f4xx_cryp_aes.o(i.CRYP_AES_CBC) refers to stm32f4xx_cryp.o(i.CRYP_KeyStructInit) for CRYP_KeyStructInit
    stm32f4xx_cryp_aes.o(i.CRYP_AES_CBC) refers to stm32f4xx_cryp.o(i.CRYP_FIFOFlush) for CRYP_FIFOFlush
    stm32f4xx_cryp_aes.o(i.CRYP_AES_CBC) refers to stm32f4xx_cryp.o(i.CRYP_Init) for CRYP_Init
    stm32f4xx_cryp_aes.o(i.CRYP_AES_CBC) refers to stm32f4xx_cryp.o(i.CRYP_KeyInit) for CRYP_KeyInit
    stm32f4xx_cryp_aes.o(i.CRYP_AES_CBC) refers to stm32f4xx_cryp.o(i.CRYP_Cmd) for CRYP_Cmd
    stm32f4xx_cryp_aes.o(i.CRYP_AES_CBC) refers to stm32f4xx_cryp.o(i.CRYP_GetFlagStatus) for CRYP_GetFlagStatus
    stm32f4xx_cryp_aes.o(i.CRYP_AES_CBC) refers to stm32f4xx_cryp.o(i.CRYP_IVInit) for CRYP_IVInit
    stm32f4xx_cryp_aes.o(i.CRYP_AES_CBC) refers to stm32f4xx_cryp.o(i.CRYP_GetCmdStatus) for CRYP_GetCmdStatus
    stm32f4xx_cryp_aes.o(i.CRYP_AES_CBC) refers to stm32f4xx_cryp.o(i.CRYP_DataIn) for CRYP_DataIn
    stm32f4xx_cryp_aes.o(i.CRYP_AES_CBC) refers to stm32f4xx_cryp.o(i.CRYP_DataOut) for CRYP_DataOut
    stm32f4xx_cryp_aes.o(i.CRYP_AES_CCM) refers to stm32f4xx_cryp.o(i.CRYP_KeyStructInit) for CRYP_KeyStructInit
    stm32f4xx_cryp_aes.o(i.CRYP_AES_CCM) refers to stm32f4xx_cryp.o(i.CRYP_FIFOFlush) for CRYP_FIFOFlush
    stm32f4xx_cryp_aes.o(i.CRYP_AES_CCM) refers to stm32f4xx_cryp.o(i.CRYP_KeyInit) for CRYP_KeyInit
    stm32f4xx_cryp_aes.o(i.CRYP_AES_CCM) refers to stm32f4xx_cryp.o(i.CRYP_IVInit) for CRYP_IVInit
    stm32f4xx_cryp_aes.o(i.CRYP_AES_CCM) refers to stm32f4xx_cryp.o(i.CRYP_Init) for CRYP_Init
    stm32f4xx_cryp_aes.o(i.CRYP_AES_CCM) refers to stm32f4xx_cryp.o(i.CRYP_PhaseConfig) for CRYP_PhaseConfig
    stm32f4xx_cryp_aes.o(i.CRYP_AES_CCM) refers to stm32f4xx_cryp.o(i.CRYP_DataIn) for CRYP_DataIn
    stm32f4xx_cryp_aes.o(i.CRYP_AES_CCM) refers to stm32f4xx_cryp.o(i.CRYP_Cmd) for CRYP_Cmd
    stm32f4xx_cryp_aes.o(i.CRYP_AES_CCM) refers to stm32f4xx_cryp.o(i.CRYP_GetCmdStatus) for CRYP_GetCmdStatus
[...]
    Removing stm32f4xx_flash.o(i.FLASH_InstructionCacheReset), (20 bytes).
    Removing stm32f4xx_flash.o(i.FLASH_Lock), (20 bytes).
    Removing stm32f4xx_flash.o(i.FLASH_OB_BORConfig), (28 bytes).
    Removing stm32f4xx_flash.o(i.FLASH_OB_BootConfig), (28 bytes).
    Removing stm32f4xx_flash.o(i.FLASH_OB_GetBOR), (16 bytes).
    Removing stm32f4xx_flash.o(i.FLASH_OB_GetPCROP), (12 bytes).
    Removing stm32f4xx_flash.o(i.FLASH_OB_GetPCROP1), (12 bytes).
    Removing stm32f4xx_flash.o(i.FLASH_OB_GetRDP), (24 bytes).
    Removing stm32f4xx_flash.o(i.FLASH_OB_GetUser), (16 bytes).
    Removing stm32f4xx_flash.o(i.FLASH_OB_GetWRP), (12 bytes).
    Removing stm32f4xx_flash.o(i.FLASH_OB_GetWRP1), (12 bytes).
    Removing stm32f4xx_flash.o(i.FLASH_OB_Launch), (32 bytes).
    Removing stm32f4xx_flash.o(i.FLASH_OB_Lock), (20 bytes).
    Removing stm32f4xx_flash.o(i.FLASH_OB_PCROP1Config), (52 bytes).
    Removing stm32f4xx_flash.o(i.FLASH_OB_PCROPConfig), (52 bytes).
    Removing stm32f4xx_flash.o(i.FLASH_OB_PCROPSelectionConfig), (24 bytes).
    Removing stm32f4xx_flash.o(i.FLASH_OB_RDPConfig), (28 bytes).
    Removing stm32f4xx_flash.o(i.FLASH_OB_Unlock), (36 bytes).
    Removing stm32f4xx_flash.o(i.FLASH_OB_UserConfig), (48 bytes).
    Removing stm32f4xx_flash.o(i.FLASH_OB_WRP1Config), (52 bytes).
    Removing stm32f4xx_flash.o(i.FLASH_OB_WRPConfig), (52 bytes).
    Removing stm32f4xx_flash.o(i.FLASH_PrefetchBufferCmd), (36 bytes).
    Removing stm32f4xx_flash.o(i.FLASH_ProgramByte), (76 bytes).
    Removing stm32f4xx_flash.o(i.FLASH_ProgramDoubleWord), (84 bytes).
    Removing stm32f4xx_flash.o(i.FLASH_ProgramHalfWord), (80 bytes).
    Removing stm32f4xx_flash.o(i.FLASH_ProgramWord), (80 bytes).
    Removing stm32f4xx_flash.o(i.FLASH_SetLatency), (12 bytes).
    Removing stm32f4xx_flash.o(i.FLASH_Unlock), (36 bytes).
    Removing stm32f4xx_flash.o(i.FLASH_WaitForLastOperation), (34 bytes).
    Removing stm32f4xx_flash_ramfunc.o(.rev16_text), (4 bytes).
    Removing stm32f4xx_flash_ramfunc.o(.revsh_text), (4 bytes).
    Removing stm32f4xx_flash_ramfunc.o(.rrx_text), (6 bytes).
    Removing stm32f4xx_flash_ramfunc.o(i.FLASH_FlashInterfaceCmd), (36 bytes).
    Removing stm32f4xx_flash_ramfunc.o(i.FLASH_FlashSleepModeCmd), (36 bytes).
    Removing stm32f4xx_fmpi2c.o(.rev16_text), (4 bytes).
    Removing stm32f4xx_fmpi2c.o(.revsh_text), (4 bytes).
    Removing stm32f4xx_fmpi2c.o(.rrx_text), (6 bytes).
    Removing stm32f4xx_gpio.o(.rev16_text), (4 bytes).
    Removing stm32f4xx_gpio.o(.revsh_text), (4 bytes).
    Removing stm32f4xx_gpio.o(.rrx_text), (6 bytes).
    Removing stm32f4xx_gpio.o(i.GPIO_DeInit), (312 bytes).
    Removing stm32f4xx_gpio.o(i.GPIO_PinAFConfig), (70 bytes).
    Removing stm32f4xx_gpio.o(i.GPIO_PinLockConfig), (34 bytes).
    Removing stm32f4xx_gpio.o(i.GPIO_ReadInputData), (8 bytes).
    Removing stm32f4xx_gpio.o(i.GPIO_ReadOutputData), (8 bytes).
    Removing stm32f4xx_gpio.o(i.GPIO_ReadOutputDataBit), (18 bytes).
    Removing stm32f4xx_gpio.o(i.GPIO_StructInit), (18 bytes).
    Removing stm32f4xx_gpio.o(i.GPIO_ToggleBits), (8 bytes).
    Removing stm32f4xx_gpio.o(i.GPIO_Write), (4 bytes).
    Removing stm32f4xx_gpio.o(i.GPIO_WriteBit), (10 bytes).
    Removing stm32f4xx_hash.o(.rev16_text), (4 bytes).
    Removing stm32f4xx_hash.o(.revsh_text), (4 bytes).
    Removing stm32f4xx_hash.o(.rrx_text), (6 bytes).
    Removing stm32f4xx_hash.o(i.HASH_AutoStartDigest), (36 bytes).
    Removing stm32f4xx_hash.o(i.HASH_ClearFlag), (12 bytes).
    Removing stm32f4xx_hash.o(i.HASH_ClearITPendingBit), (12 bytes).
    Removing stm32f4xx_hash.o(i.HASH_DMACmd), (36 bytes).
    Removing stm32f4xx_hash.o(i.HASH_DataIn), (12 bytes).
    Removing stm32f4xx_hash.o(i.HASH_DeInit), (20 bytes).
    Removing stm32f4xx_hash.o(i.HASH_GetDigest), (72 bytes).
    Removing stm32f4xx_hash.o(i.HASH_GetFlagStatus), (44 bytes).
    Removing stm32f4xx_hash.o(i.HASH_GetITStatus), (32 bytes).
    Removing stm32f4xx_hash.o(i.HASH_GetInFIFOWordsNbr), (16 bytes).
    Removing stm32f4xx_hash.o(i.HASH_ITConfig), (32 bytes).
    Removing stm32f4xx_hash.o(i.HASH_Init), (84 bytes).
    Removing stm32f4xx_hash.o(i.HASH_Reset), (20 bytes).
    Removing stm32f4xx_hash.o(i.HASH_RestoreContext), (68 bytes).
    Removing stm32f4xx_hash.o(i.HASH_SaveContext), (60 bytes).
    Removing stm32f4xx_hash.o(i.HASH_SetLastWordValidBitsNbr), (28 bytes).
    Removing stm32f4xx_hash.o(i.HASH_StartDigest), (20 bytes).
    Removing stm32f4xx_hash.o(i.HASH_StructInit), (12 bytes).
    Removing stm32f4xx_hash_md5.o(.rev16_text), (4 bytes).
    Removing stm32f4xx_hash_md5.o(.revsh_text), (4 bytes).
    Removing stm32f4xx_hash_md5.o(.rrx_text), (6 bytes).
    Removing stm32f4xx_hash_md5.o(i.HASH_MD5), (180 bytes).
    Removing stm32f4xx_hash_md5.o(i.HMAC_MD5), (354 bytes).
    Removing stm32f4xx_hash_sha1.o(.rev16_text), (4 bytes).
    Removing stm32f4xx_hash_sha1.o(.revsh_text), (4 bytes).
    Removing stm32f4xx_hash_sha1.o(.rrx_text), (6 bytes).
    Removing stm32f4xx_hash_sha1.o(i.HASH_SHA1), (186 bytes).
    Removing stm32f4xx_hash_sha1.o(i.HMAC_SHA1), (362 bytes).
    Removing stm32f4xx_i2c.o(.rev16_text), (4 bytes).
    Removing stm32f4xx_i2c.o(.revsh_text), (4 bytes).
    Removing stm32f4xx_i2c.o(.rrx_text), (6 bytes).
    Removing stm32f4xx_i2c.o(i.I2C_ARPCmd), (24 bytes).
    Removing stm32f4xx_i2c.o(i.I2C_AcknowledgeConfig), (24 bytes).
    Removing stm32f4xx_i2c.o(i.I2C_AnalogFilterCmd), (24 bytes).
    Removing stm32f4xx_i2c.o(i.I2C_CalculatePEC), (24 bytes).
    Removing stm32f4xx_i2c.o(i.I2C_CheckEvent), (42 bytes).
    Removing stm32f4xx_i2c.o(i.I2C_ClearFlag), (12 bytes).
    Removing stm32f4xx_i2c.o(i.I2C_ClearITPendingBit), (12 bytes).
    Removing stm32f4xx_i2c.o(i.I2C_Cmd), (24 bytes).
    Removing stm32f4xx_i2c.o(i.I2C_DMACmd), (24 bytes).
    Removing stm32f4xx_i2c.o(i.I2C_DMALastTransferCmd), (24 bytes).
    Removing stm32f4xx_i2c.o(i.I2C_DeInit), (96 bytes).
    Removing stm32f4xx_i2c.o(i.I2C_DigitalFilterConfig), (22 bytes).
    Removing stm32f4xx_i2c.o(i.I2C_DualAddressCmd), (24 bytes).
    Removing stm32f4xx_i2c.o(i.I2C_FastModeDutyCycleConfig), (28 bytes).
    Removing stm32f4xx_i2c.o(i.I2C_GeneralCallCmd), (24 bytes).
    Removing stm32f4xx_i2c.o(i.I2C_GenerateSTART), (24 bytes).
    Removing stm32f4xx_i2c.o(i.I2C_GenerateSTOP), (24 bytes).
    Removing stm32f4xx_i2c.o(i.I2C_GetFlagStatus), (58 bytes).
    Removing stm32f4xx_i2c.o(i.I2C_GetITStatus), (38 bytes).
    Removing stm32f4xx_i2c.o(i.I2C_GetLastEvent), (26 bytes).
    Removing stm32f4xx_i2c.o(i.I2C_GetPEC), (8 bytes).
    Removing stm32f4xx_i2c.o(i.I2C_ITConfig), (18 bytes).
    Removing stm32f4xx_i2c.o(i.I2C_Init), (232 bytes).
    Removing stm32f4xx_i2c.o(i.I2C_NACKPositionConfig), (28 bytes).
    Removing stm32f4xx_i2c.o(i.I2C_OwnAddress2Config), (22 bytes).
    Removing stm32f4xx_i2c.o(i.I2C_PECPositionConfig), (28 bytes).
    Removing stm32f4xx_i2c.o(i.I2C_ReadRegister), (22 bytes).
    Removing stm32f4xx_i2c.o(i.I2C_ReceiveData), (8 bytes).
    Removing stm32f4xx_i2c.o(i.I2C_SMBusAlertConfig), (28 bytes).
    Removing stm32f4xx_i2c.o(i.I2C_Send7bitAddress), (16 bytes).
    Removing stm32f4xx_i2c.o(i.I2C_SendData), (4 bytes).
    Removing stm32f4xx_i2c.o(i.I2C_SoftwareResetCmd), (22 bytes).
    Removing stm32f4xx_i2c.o(i.I2C_StretchClockCmd), (24 bytes).
    Removing stm32f4xx_i2c.o(i.I2C_StructInit), (30 bytes).
    Removing stm32f4xx_i2c.o(i.I2C_TransmitPEC), (24 bytes).
    Removing stm32f4xx_iwdg.o(.rev16_text), (4 bytes).
    Removing stm32f4xx_iwdg.o(.revsh_text), (4 bytes).
    Removing stm32f4xx_iwdg.o(.rrx_text), (6 bytes).
    Removing stm32f4xx_iwdg.o(i.IWDG_Enable), (16 bytes).
    Removing stm32f4xx_iwdg.o(i.IWDG_GetFlagStatus), (24 bytes).
    Removing stm32f4xx_iwdg.o(i.IWDG_ReloadCounter), (16 bytes).
    Removing stm32f4xx_iwdg.o(i.IWDG_SetPrescaler), (12 bytes).
    Removing stm32f4xx_iwdg.o(i.IWDG_SetReload), (12 bytes).
    Removing stm32f4xx_iwdg.o(i.IWDG_WriteAccessCmd), (12 bytes).
    Removing stm32f4xx_lptim.o(.rev16_text), (4 bytes).
    Removing stm32f4xx_lptim.o(.revsh_text), (4 bytes).
    Removing stm32f4xx_lptim.o(.rrx_text), (6 bytes).
    Removing stm32f4xx_ltdc.o(.rev16_text), (4 bytes).
    Removing stm32f4xx_ltdc.o(.revsh_text), (4 bytes).
    Removing stm32f4xx_ltdc.o(.rrx_text), (6 bytes).
    Removing stm32f4xx_ltdc.o(i.LTDC_CLUTCmd), (32 bytes).
    Removing stm32f4xx_ltdc.o(i.LTDC_CLUTInit), (32 bytes).
    Removing stm32f4xx_ltdc.o(i.LTDC_CLUTStructInit), (12 bytes).
    Removing stm32f4xx_ltdc.o(i.LTDC_ClearFlag), (12 bytes).
    Removing stm32f4xx_ltdc.o(i.LTDC_ClearITPendingBit), (12 bytes).
    Removing stm32f4xx_ltdc.o(i.LTDC_Cmd), (36 bytes).
    Removing stm32f4xx_ltdc.o(i.LTDC_ColorKeyingConfig), (68 bytes).
    Removing stm32f4xx_ltdc.o(i.LTDC_ColorKeyingStructInit), (10 bytes).
    Removing stm32f4xx_ltdc.o(i.LTDC_DeInit), (22 bytes).
    Removing stm32f4xx_ltdc.o(i.LTDC_DitherCmd), (36 bytes).
    Removing stm32f4xx_ltdc.o(i.LTDC_GetCDStatus), (24 bytes).
    Removing stm32f4xx_ltdc.o(i.LTDC_GetFlagStatus), (24 bytes).
    Removing stm32f4xx_ltdc.o(i.LTDC_GetITStatus), (44 bytes).
    Removing stm32f4xx_ltdc.o(i.LTDC_GetPosStatus), (44 bytes).
    Removing stm32f4xx_ltdc.o(i.LTDC_GetRGBWidth), (64 bytes).
    Removing stm32f4xx_ltdc.o(i.LTDC_ITConfig), (32 bytes).
    Removing stm32f4xx_ltdc.o(i.LTDC_Init), (392 bytes).
    Removing stm32f4xx_ltdc.o(i.LTDC_LIPConfig), (12 bytes).
    Removing stm32f4xx_ltdc.o(i.LTDC_LayerAddress), (4 bytes).
    Removing stm32f4xx_ltdc.o(i.LTDC_LayerAlpha), (4 bytes).
    Removing stm32f4xx_ltdc.o(i.LTDC_LayerCmd), (22 bytes).
    Removing stm32f4xx_ltdc.o(i.LTDC_LayerInit), (276 bytes).
    Removing stm32f4xx_ltdc.o(i.LTDC_LayerPixelFormat), (106 bytes).
    Removing stm32f4xx_ltdc.o(i.LTDC_LayerPosition), (160 bytes).
    Removing stm32f4xx_ltdc.o(i.LTDC_LayerSize), (116 bytes).
    Removing stm32f4xx_ltdc.o(i.LTDC_LayerStructInit), (48 bytes).
    Removing stm32f4xx_ltdc.o(i.LTDC_PosStructInit), (8 bytes).
    Removing stm32f4xx_ltdc.o(i.LTDC_RGBStructInit), (10 bytes).
    Removing stm32f4xx_ltdc.o(i.LTDC_ReloadConfig), (12 bytes).
    Removing stm32f4xx_ltdc.o(i.LTDC_StructInit), (34 bytes).
    Removing stm32f4xx_pwr.o(.rev16_text), (4 bytes).
    Removing stm32f4xx_pwr.o(.revsh_text), (4 bytes).
    Removing stm32f4xx_pwr.o(.rrx_text), (6 bytes).
    Removing stm32f4xx_pwr.o(i.PWR_BackupAccessCmd), (12 bytes).
    Removing stm32f4xx_pwr.o(i.PWR_BackupRegulatorCmd), (12 bytes).
    Removing stm32f4xx_pwr.o(i.PWR_ClearFlag), (20 bytes).
    Removing stm32f4xx_pwr.o(i.PWR_DeInit), (22 bytes).
    Removing stm32f4xx_pwr.o(i.PWR_EnterSTANDBYMode), (40 bytes).
    Removing stm32f4xx_pwr.o(i.PWR_EnterSTOPMode), (68 bytes).
    Removing stm32f4xx_pwr.o(i.PWR_EnterUnderDriveSTOPMode), (68 bytes).
    Removing stm32f4xx_pwr.o(i.PWR_FlashPowerDownCmd), (12 bytes).
    Removing stm32f4xx_pwr.o(i.PWR_GetFlagStatus), (24 bytes).
    Removing stm32f4xx_pwr.o(i.PWR_LowRegulatorLowVoltageCmd), (24 bytes).
    Removing stm32f4xx_pwr.o(i.PWR_MainRegulatorLowVoltageCmd), (24 bytes).
    Removing stm32f4xx_pwr.o(i.PWR_MainRegulatorModeConfig), (24 bytes).
    Removing stm32f4xx_pwr.o(i.PWR_OverDriveCmd), (12 bytes).
    Removing stm32f4xx_pwr.o(i.PWR_OverDriveSWCmd), (12 bytes).
    Removing stm32f4xx_pwr.o(i.PWR_PVDCmd), (12 bytes).
    Removing stm32f4xx_pwr.o(i.PWR_PVDLevelConfig), (24 bytes).
    Removing stm32f4xx_pwr.o(i.PWR_UnderDriveCmd), (36 bytes).
    Removing stm32f4xx_pwr.o(i.PWR_WakeUpPinCmd), (12 bytes).
    Removing stm32f4xx_qspi.o(.rev16_text), (4 bytes).
    Removing stm32f4xx_qspi.o(.revsh_text), (4 bytes).
    Removing stm32f4xx_qspi.o(.rrx_text), (6 bytes).
    Removing stm32f4xx_rng.o(.rev16_text), (4 bytes).
    Removing stm32f4xx_rng.o(.revsh_text), (4 bytes).
    Removing stm32f4xx_rng.o(.rrx_text), (6 bytes).
    Removing stm32f4xx_rtc.o(.rev16_text), (4 bytes).
    Removing stm32f4xx_rtc.o(.revsh_text), (4 bytes).
    Removing stm32f4xx_rtc.o(.rrx_text), (6 bytes).
    Removing stm32f4xx_rtc.o(i.RTC_AlarmCmd), (116 bytes).
    Removing stm32f4xx_rtc.o(i.RTC_AlarmStructInit), (22 bytes).
    Removing stm32f4xx_rtc.o(i.RTC_AlarmSubSecondConfig), (52 bytes).
    Removing stm32f4xx_rtc.o(i.RTC_Bcd2ToByte), (22 bytes).
    Removing stm32f4xx_rtc.o(i.RTC_BypassShadowCmd), (60 bytes).
    Removing stm32f4xx_rtc.o(i.RTC_ByteToBcd2), (28 bytes).
    Removing stm32f4xx_rtc.o(i.RTC_CalibOutputCmd), (60 bytes).
    Removing stm32f4xx_rtc.o(i.RTC_CalibOutputConfig), (48 bytes).
    Removing stm32f4xx_rtc.o(i.RTC_ClearFlag), (28 bytes).
    Removing stm32f4xx_rtc.o(i.RTC_ClearITPendingBit), (32 bytes).
    Removing stm32f4xx_rtc.o(i.RTC_CoarseCalibCmd), (80 bytes).
    Removing stm32f4xx_rtc.o(i.RTC_CoarseCalibConfig), (56 bytes).
    Removing stm32f4xx_rtc.o(i.RTC_DateStructInit), (14 bytes).
    Removing stm32f4xx_rtc.o(i.RTC_DayLightSavingConfig), (56 bytes).
    Removing stm32f4xx_rtc.o(i.RTC_DeInit), (212 bytes).
    Removing stm32f4xx_rtc.o(i.RTC_EnterInitMode), (80 bytes).
    Removing stm32f4xx_rtc.o(i.RTC_ExitInitMode), (20 bytes).
    Removing stm32f4xx_rtc.o(i.RTC_GetAlarm), (116 bytes).
    Removing stm32f4xx_rtc.o(i.RTC_GetAlarmSubSecond), (36 bytes).
    Removing stm32f4xx_rtc.o(i.RTC_GetDate), (76 bytes).
    Removing stm32f4xx_rtc.o(i.RTC_GetFlagStatus), (40 bytes).
    Removing stm32f4xx_rtc.o(i.RTC_GetITStatus), (68 bytes).
    Removing stm32f4xx_rtc.o(i.RTC_GetStoreOperation), (16 bytes).
    Removing stm32f4xx_rtc.o(i.RTC_GetSubSecond), (20 bytes).
    Removing stm32f4xx_rtc.o(i.RTC_GetTime), (80 bytes).
    Removing stm32f4xx_rtc.o(i.RTC_GetTimeStamp), (156 bytes).
    Removing stm32f4xx_rtc.o(i.RTC_GetTimeStampSubSecond), (12 bytes).
    Removing stm32f4xx_rtc.o(i.RTC_GetWakeUpCounter), (12 bytes).
    Removing stm32f4xx_rtc.o(i.RTC_ITConfig), (100 bytes).
    Removing stm32f4xx_rtc.o(i.RTC_Init), (100 bytes).
    Removing stm32f4xx_rtc.o(i.RTC_OutputConfig), (56 bytes).
    Removing stm32f4xx_rtc.o(i.RTC_OutputTypeConfig), (28 bytes).
    Removing stm32f4xx_rtc.o(i.RTC_ReadBackupRegister), (32 bytes).
    Removing stm32f4xx_rtc.o(i.RTC_RefClockCmd), (80 bytes).
    Removing stm32f4xx_rtc.o(i.RTC_SetAlarm), (236 bytes).
    Removing stm32f4xx_rtc.o(i.RTC_SetDate), (200 bytes).
    Removing stm32f4xx_rtc.o(i.RTC_SetTime), (208 bytes).
    Removing stm32f4xx_rtc.o(i.RTC_SetWakeUpCounter), (28 bytes).
    Removing stm32f4xx_rtc.o(i.RTC_SmoothCalibConfig), (96 bytes).
    Removing stm32f4xx_rtc.o(i.RTC_StructInit), (14 bytes).
    Removing stm32f4xx_rtc.o(i.RTC_SynchroShiftConfig), (124 bytes).
    Removing stm32f4xx_rtc.o(i.RTC_TamperCmd), (32 bytes).
    Removing stm32f4xx_rtc.o(i.RTC_TamperFilterConfig), (28 bytes).
    Removing stm32f4xx_rtc.o(i.RTC_TamperPinSelection), (28 bytes).
    Removing stm32f4xx_rtc.o(i.RTC_TamperPinsPrechargeDuration), (28 bytes).
    Removing stm32f4xx_rtc.o(i.RTC_TamperPullUpCmd), (36 bytes).
    Removing stm32f4xx_rtc.o(i.RTC_TamperSamplingFreqConfig), (28 bytes).
    Removing stm32f4xx_rtc.o(i.RTC_TamperTriggerConfig), (36 bytes).
    Removing stm32f4xx_rtc.o(i.RTC_TimeStampCmd), (56 bytes).
    Removing stm32f4xx_rtc.o(i.RTC_TimeStampOnTamperDetectionCmd), (36 bytes).
    Removing stm32f4xx_rtc.o(i.RTC_TimeStampPinSelection), (28 bytes).
    Removing stm32f4xx_rtc.o(i.RTC_TimeStructInit), (12 bytes).
    Removing stm32f4xx_rtc.o(i.RTC_WaitForSynchro), (96 bytes).
    Removing stm32f4xx_rtc.o(i.RTC_WakeUpClockConfig), (48 bytes).
    Removing stm32f4xx_rtc.o(i.RTC_WakeUpCmd), (120 bytes).
    Removing stm32f4xx_rtc.o(i.RTC_WriteBackupRegister), (28 bytes).
    Removing stm32f4xx_rtc.o(i.RTC_WriteProtectionCmd), (28 bytes).
    Removing stm32f4xx_sai.o(.rev16_text), (4 bytes).
    Removing stm32f4xx_sai.o(.revsh_text), (4 bytes).
    Removing stm32f4xx_sai.o(.rrx_text), (6 bytes).
    Removing stm32f4xx_sai.o(i.SAI_ClearFlag), (8 bytes).
    Removing stm32f4xx_sai.o(i.SAI_ClearITPendingBit), (8 bytes).
    Removing stm32f4xx_sai.o(i.SAI_Cmd), (22 bytes).
    Removing stm32f4xx_sai.o(i.SAI_CompandingModeConfig), (16 bytes).
    Removing stm32f4xx_sai.o(i.SAI_DMACmd), (22 bytes).
    Removing stm32f4xx_sai.o(i.SAI_DeInit), (36 bytes).
    Removing stm32f4xx_sai.o(i.SAI_FlushFIFO), (10 bytes).
    Removing stm32f4xx_sai.o(i.SAI_FrameInit), (44 bytes).
    Removing stm32f4xx_sai.o(i.SAI_FrameStructInit), (18 bytes).
    Removing stm32f4xx_sai.o(i.SAI_GetCmdStatus), (20 bytes).
    Removing stm32f4xx_sai.o(i.SAI_GetFIFOStatus), (12 bytes).
    Removing stm32f4xx_sai.o(i.SAI_GetFlagStatus), (18 bytes).
    Removing stm32f4xx_sai.o(i.SAI_GetITStatus), (30 bytes).
    Removing stm32f4xx_sai.o(i.SAI_ITConfig), (18 bytes).
    Removing stm32f4xx_sai.o(i.SAI_Init), (76 bytes).
    Removing stm32f4xx_sai.o(i.SAI_MonoModeConfig), (18 bytes).
    Removing stm32f4xx_sai.o(i.SAI_MuteFrameCounterConfig), (18 bytes).
    Removing stm32f4xx_sai.o(i.SAI_MuteModeCmd), (22 bytes).
    Removing stm32f4xx_sai.o(i.SAI_MuteValueConfig), (16 bytes).
    Removing stm32f4xx_sai.o(i.SAI_ReceiveData), (6 bytes).
    Removing stm32f4xx_sai.o(i.SAI_SendData), (4 bytes).
    Removing stm32f4xx_sai.o(i.SAI_SlotInit), (36 bytes).
    Removing stm32f4xx_sai.o(i.SAI_SlotStructInit), (16 bytes).
    Removing stm32f4xx_sai.o(i.SAI_StructInit), (30 bytes).
    Removing stm32f4xx_sai.o(i.SAI_TRIStateConfig), (18 bytes).
    Removing stm32f4xx_rcc.o(.rev16_text), (4 bytes).
    Removing stm32f4xx_rcc.o(.revsh_text), (4 bytes).
    Removing stm32f4xx_rcc.o(.rrx_text), (6 bytes).
    Removing stm32f4xx_rcc.o(i.RCC_AHB1PeriphClockLPModeCmd), (32 bytes).
    Removing stm32f4xx_rcc.o(i.RCC_AHB1PeriphResetCmd), (32 bytes).
    Removing stm32f4xx_rcc.o(i.RCC_AHB2PeriphClockCmd), (32 bytes).
    Removing stm32f4xx_rcc.o(i.RCC_AHB2PeriphClockLPModeCmd), (32 bytes).
    Removing stm32f4xx_rcc.o(i.RCC_AHB2PeriphResetCmd), (32 bytes).
    Removing stm32f4xx_rcc.o(i.RCC_APB1PeriphClockCmd), (32 bytes).
    Removing stm32f4xx_rcc.o(i.RCC_APB1PeriphClockLPModeCmd), (32 bytes).
    Removing stm32f4xx_rcc.o(i.RCC_APB1PeriphResetCmd), (32 bytes).
    Removing stm32f4xx_rcc.o(i.RCC_APB2PeriphClockCmd), (32 bytes).
    Removing stm32f4xx_rcc.o(i.RCC_APB2PeriphClockLPModeCmd), (32 bytes).
    Removing stm32f4xx_rcc.o(i.RCC_APB2PeriphResetCmd), (32 bytes).
    Removing stm32f4xx_rcc.o(i.RCC_AdjustHSICalibrationValue), (24 bytes).
    Removing stm32f4xx_rcc.o(i.RCC_BackupResetCmd), (12 bytes).
    Removing stm32f4xx_rcc.o(i.RCC_ClearFlag), (20 bytes).
    Removing stm32f4xx_rcc.o(i.RCC_ClearITPendingBit), (12 bytes).
    Removing stm32f4xx_rcc.o(i.RCC_ClockSecuritySystemCmd), (12 bytes).
    Removing stm32f4xx_rcc.o(i.RCC_DeInit), (92 bytes).
    Removing stm32f4xx_rcc.o(i.RCC_GetClocksFreq), (232 bytes).
    Removing stm32f4xx_rcc.o(i.RCC_GetFlagStatus), (64 bytes).
    Removing stm32f4xx_rcc.o(i.RCC_GetITStatus), (24 bytes).
    Removing stm32f4xx_rcc.o(i.RCC_GetSYSCLKSource), (16 bytes).
    Removing stm32f4xx_rcc.o(i.RCC_HCLKConfig), (24 bytes).
    Removing stm32f4xx_rcc.o(i.RCC_HSEConfig), (16 bytes).
    Removing stm32f4xx_rcc.o(i.RCC_HSICmd), (12 bytes).
    Removing stm32f4xx_rcc.o(i.RCC_I2SCLKConfig), (12 bytes).
    Removing stm32f4xx_rcc.o(i.RCC_ITConfig), (32 bytes).
    Removing stm32f4xx_rcc.o(i.RCC_LSEConfig), (44 bytes).
    Removing stm32f4xx_rcc.o(i.RCC_LSEModeConfig), (36 bytes).
    Removing stm32f4xx_rcc.o(i.RCC_LSICmd), (12 bytes).
    Removing stm32f4xx_rcc.o(i.RCC_LTDCCLKDivConfig), (24 bytes).
    Removing stm32f4xx_rcc.o(i.RCC_MCO1Config), (28 bytes).
    Removing stm32f4xx_rcc.o(i.RCC_MCO2Config), (28 bytes).
    Removing stm32f4xx_rcc.o(i.RCC_PCLK1Config), (24 bytes).
    Removing stm32f4xx_rcc.o(i.RCC_PCLK2Config), (24 bytes).
    Removing stm32f4xx_rcc.o(i.RCC_PLLCmd), (12 bytes).
    Removing stm32f4xx_rcc.o(i.RCC_PLLConfig), (36 bytes).
    Removing stm32f4xx_rcc.o(i.RCC_PLLI2SCmd), (12 bytes).
    Removing stm32f4xx_rcc.o(i.RCC_PLLI2SConfig), (16 bytes).
    Removing stm32f4xx_rcc.o(i.RCC_PLLSAICmd), (12 bytes).
    Removing stm32f4xx_rcc.o(i.RCC_PLLSAIConfig), (24 bytes).
    Removing stm32f4xx_rcc.o(i.RCC_RTCCLKCmd), (12 bytes).
    Removing stm32f4xx_rcc.o(i.RCC_RTCCLKConfig), (60 bytes).
    Removing stm32f4xx_rcc.o(i.RCC_SAIPLLI2SClkDivConfig), (28 bytes).
    Removing stm32f4xx_rcc.o(i.RCC_SAIPLLSAIClkDivConfig), (28 bytes).
    Removing stm32f4xx_rcc.o(i.RCC_SYSCLKConfig), (24 bytes).
    Removing stm32f4xx_rcc.o(i.RCC_TIMCLKPresConfig), (12 bytes).
    Removing stm32f4xx_rcc.o(i.RCC_WaitForHSEStartUp), (56 bytes).
    Removing stm32f4xx_rcc.o(.data), (16 bytes).
    Removing stm32f4xx_sdio.o(.rev16_text), (4 bytes).
    Removing stm32f4xx_sdio.o(.revsh_text), (4 bytes).
    Removing stm32f4xx_sdio.o(.rrx_text), (6 bytes).
    Removing stm32f4xx_sdio.o(i.SDIO_CEATAITCmd), (16 bytes).
    Removing stm32f4xx_sdio.o(i.SDIO_ClearFlag), (12 bytes).
    Removing stm32f4xx_sdio.o(i.SDIO_ClearITPendingBit), (12 bytes).
    Removing stm32f4xx_sdio.o(i.SDIO_ClockCmd), (12 bytes).
    Removing stm32f4xx_sdio.o(i.SDIO_CmdStructInit), (14 bytes).
    Removing stm32f4xx_sdio.o(i.SDIO_CommandCompletionCmd), (12 bytes).
    Removing stm32f4xx_sdio.o(i.SDIO_DMACmd), (12 bytes).
    Removing stm32f4xx_sdio.o(i.SDIO_DataConfig), (52 bytes).
    Removing stm32f4xx_sdio.o(i.SDIO_DataStructInit), (20 bytes).
    Removing stm32f4xx_sdio.o(i.SDIO_DeInit), (22 bytes).
    Removing stm32f4xx_sdio.o(i.SDIO_GetCommandResponse), (12 bytes).
    Removing stm32f4xx_sdio.o(i.SDIO_GetDataCounter), (12 bytes).
    Removing stm32f4xx_sdio.o(i.SDIO_GetFIFOCount), (12 bytes).
    Removing stm32f4xx_sdio.o(i.SDIO_GetFlagStatus), (24 bytes).
    Removing stm32f4xx_sdio.o(i.SDIO_GetITStatus), (24 bytes).
    Removing stm32f4xx_sdio.o(i.SDIO_GetPowerState), (16 bytes).
    Removing stm32f4xx_sdio.o(i.SDIO_GetResponse), (24 bytes).
    Removing stm32f4xx_sdio.o(i.SDIO_ITConfig), (32 bytes).
    Removing stm32f4xx_sdio.o(i.SDIO_Init), (48 bytes).
    Removing stm32f4xx_sdio.o(i.SDIO_ReadData), (12 bytes).
    Removing stm32f4xx_sdio.o(i.SDIO_SendCEATACmd), (12 bytes).
    Removing stm32f4xx_sdio.o(i.SDIO_SendCommand), (44 bytes).
    Removing stm32f4xx_sdio.o(i.SDIO_SendSDIOSuspendCmd), (12 bytes).
    Removing stm32f4xx_sdio.o(i.SDIO_SetPowerState), (12 bytes).
    Removing stm32f4xx_sdio.o(i.SDIO_SetSDIOOperation), (12 bytes).
    Removing stm32f4xx_sdio.o(i.SDIO_SetSDIOReadWaitMode), (12 bytes).
    Removing stm32f4xx_sdio.o(i.SDIO_StartSDIOReadWait), (12 bytes).
    Removing stm32f4xx_sdio.o(i.SDIO_StopSDIOReadWait), (12 bytes).
    Removing stm32f4xx_sdio.o(i.SDIO_StructInit), (16 bytes).
    Removing stm32f4xx_sdio.o(i.SDIO_WriteData), (12 bytes).
    Removing stm32f4xx_spdifrx.o(.rev16_text), (4 bytes).
    Removing stm32f4xx_spdifrx.o(.revsh_text), (4 bytes).
    Removing stm32f4xx_spdifrx.o(.rrx_text), (6 bytes).
    Removing stm32f4xx_spi.o(.rev16_text), (4 bytes).
    Removing stm32f4xx_spi.o(.revsh_text), (4 bytes).
    Removing stm32f4xx_spi.o(.rrx_text), (6 bytes).
    Removing stm32f4xx_spi.o(i.I2S_Cmd), (24 bytes).
    Removing stm32f4xx_spi.o(i.I2S_FullDuplexConfig), (80 bytes).
    Removing stm32f4xx_spi.o(i.I2S_Init), (408 bytes).
    Removing stm32f4xx_spi.o(i.I2S_StructInit), (20 bytes).
    Removing stm32f4xx_spi.o(i.SPI_BiDirectionalLineConfig), (28 bytes).
    Removing stm32f4xx_spi.o(i.SPI_CalculateCRC), (24 bytes).
    Removing stm32f4xx_spi.o(i.SPI_Cmd), (24 bytes).
    Removing stm32f4xx_spi.o(i.SPI_DataSizeConfig), (18 bytes).
    Removing stm32f4xx_spi.o(i.SPI_GetCRC), (16 bytes).
    Removing stm32f4xx_spi.o(i.SPI_GetCRCPolynomial), (6 bytes).
    Removing stm32f4xx_spi.o(i.SPI_I2S_ClearFlag), (6 bytes).
    Removing stm32f4xx_spi.o(i.SPI_I2S_ClearITPendingBit), (20 bytes).
    Removing stm32f4xx_spi.o(i.SPI_I2S_DMACmd), (18 bytes).
    Removing stm32f4xx_spi.o(i.SPI_I2S_DeInit), (176 bytes).
    Removing stm32f4xx_spi.o(i.SPI_I2S_GetFlagStatus), (18 bytes).
    Removing stm32f4xx_spi.o(i.SPI_I2S_GetITStatus), (52 bytes).
    Removing stm32f4xx_spi.o(i.SPI_I2S_ITConfig), (32 bytes).
    Removing stm32f4xx_spi.o(i.SPI_I2S_ReceiveData), (6 bytes).
    Removing stm32f4xx_spi.o(i.SPI_I2S_SendData), (4 bytes).
    Removing stm32f4xx_spi.o(i.SPI_Init), (60 bytes).
    Removing stm32f4xx_spi.o(i.SPI_NSSInternalSoftwareConfig), (30 bytes).
    Removing stm32f4xx_spi.o(i.SPI_SSOutputCmd), (24 bytes).
    Removing stm32f4xx_spi.o(i.SPI_StructInit), (24 bytes).
    Removing stm32f4xx_spi.o(i.SPI_TIModeCmd), (24 bytes).
    Removing stm32f4xx_spi.o(i.SPI_TransmitCRC), (10 bytes).
    Removing stm32f4xx_syscfg.o(.rev16_text), (4 bytes).
    Removing stm32f4xx_syscfg.o(.revsh_text), (4 bytes).
    Removing stm32f4xx_syscfg.o(.rrx_text), (6 bytes).
    Removing stm32f4xx_syscfg.o(i.SYSCFG_CompensationCellCmd), (12 bytes).
    Removing stm32f4xx_syscfg.o(i.SYSCFG_DeInit), (22 bytes).
    Removing stm32f4xx_syscfg.o(i.SYSCFG_ETH_MediaInterfaceConfig), (12 bytes).
    Removing stm32f4xx_syscfg.o(i.SYSCFG_EXTILineConfig), (64 bytes).
    Removing stm32f4xx_syscfg.o(i.SYSCFG_GetCompensationCellStatus), (24 bytes).
    Removing stm32f4xx_syscfg.o(i.SYSCFG_MemoryRemapConfig), (12 bytes).
    Removing stm32f4xx_syscfg.o(i.SYSCFG_MemorySwappingBank), (12 bytes).
    Removing stm32f4xx_tim.o(.rev16_text), (4 bytes).
    Removing stm32f4xx_tim.o(.revsh_text), (4 bytes).
    Removing stm32f4xx_tim.o(.rrx_text), (6 bytes).
    Removing stm32f4xx_tim.o(i.TI1_Config), (58 bytes).
    Removing stm32f4xx_tim.o(i.TI2_Config), (80 bytes).
    Removing stm32f4xx_tim.o(i.TI3_Config), (72 bytes).
    Removing stm32f4xx_tim.o(i.TI4_Config), (80 bytes).
    Removing stm32f4xx_tim.o(i.TIM_ARRPreloadConfig), (24 bytes).
    Removing stm32f4xx_tim.o(i.TIM_BDTRConfig), (32 bytes).
    Removing stm32f4xx_tim.o(i.TIM_BDTRStructInit), (18 bytes).
    Removing stm32f4xx_tim.o(i.TIM_CCPreloadControl), (24 bytes).
    Removing stm32f4xx_tim.o(i.TIM_CCxCmd), (30 bytes).
    Removing stm32f4xx_tim.o(i.TIM_CCxNCmd), (30 bytes).
    Removing stm32f4xx_tim.o(i.TIM_ClearFlag), (6 bytes).
    Removing stm32f4xx_tim.o(i.TIM_ClearOC1Ref), (18 bytes).
    Removing stm32f4xx_tim.o(i.TIM_ClearOC2Ref), (24 bytes).
    Removing stm32f4xx_tim.o(i.TIM_ClearOC3Ref), (18 bytes).
    Removing stm32f4xx_tim.o(i.TIM_ClearOC4Ref), (24 bytes).
    Removing stm32f4xx_tim.o(i.TIM_CounterModeConfig), (18 bytes).
    Removing stm32f4xx_tim.o(i.TIM_CtrlPWMOutputs), (30 bytes).
    Removing stm32f4xx_tim.o(i.TIM_DMACmd), (18 bytes).
    Removing stm32f4xx_tim.o(i.TIM_DMAConfig), (10 bytes).
    Removing stm32f4xx_tim.o(i.TIM_DeInit), (400 bytes).
    Removing stm32f4xx_tim.o(i.TIM_ETRClockMode1Config), (54 bytes).
    Removing stm32f4xx_tim.o(i.TIM_ETRClockMode2Config), (32 bytes).
    Removing stm32f4xx_tim.o(i.TIM_ETRConfig), (28 bytes).
    Removing stm32f4xx_tim.o(i.TIM_EncoderInterfaceConfig), (66 bytes).
    Removing stm32f4xx_tim.o(i.TIM_ForcedOC1Config), (18 bytes).
    Removing stm32f4xx_tim.o(i.TIM_ForcedOC2Config), (26 bytes).
    Removing stm32f4xx_tim.o(i.TIM_ForcedOC3Config), (18 bytes).
    Removing stm32f4xx_tim.o(i.TIM_ForcedOC4Config), (26 bytes).
    Removing stm32f4xx_tim.o(i.TIM_GenerateEvent), (4 bytes).
    Removing stm32f4xx_tim.o(i.TIM_GetCapture1), (6 bytes).
    Removing stm32f4xx_tim.o(i.TIM_GetCapture2), (6 bytes).
    Removing stm32f4xx_tim.o(i.TIM_GetCapture3), (6 bytes).
    Removing stm32f4xx_tim.o(i.TIM_GetCapture4), (6 bytes).
    Removing stm32f4xx_tim.o(i.TIM_GetCounter), (6 bytes).
    Removing stm32f4xx_tim.o(i.TIM_GetFlagStatus), (18 bytes).
    Removing stm32f4xx_tim.o(i.TIM_GetPrescaler), (6 bytes).
    Removing stm32f4xx_tim.o(i.TIM_ICInit), (110 bytes).
    Removing stm32f4xx_tim.o(i.TIM_ICStructInit), (18 bytes).
    Removing stm32f4xx_tim.o(i.TIM_ITConfig), (18 bytes).
    Removing stm32f4xx_tim.o(i.TIM_ITRxExternalClockConfig), (24 bytes).
    Removing stm32f4xx_tim.o(i.TIM_InternalClockConfig), (12 bytes).
    Removing stm32f4xx_tim.o(i.TIM_OC1FastConfig), (18 bytes).
    Removing stm32f4xx_tim.o(i.TIM_OC1Init), (124 bytes).
    Removing stm32f4xx_tim.o(i.TIM_OC1NPolarityConfig), (18 bytes).
    Removing stm32f4xx_tim.o(i.TIM_OC1PolarityConfig), (18 bytes).
    Removing stm32f4xx_tim.o(i.TIM_OC1PreloadConfig), (18 bytes).
    Removing stm32f4xx_tim.o(i.TIM_OC2FastConfig), (26 bytes).
    Removing stm32f4xx_tim.o(i.TIM_OC2Init), (164 bytes).
    Removing stm32f4xx_tim.o(i.TIM_OC2NPolarityConfig), (26 bytes).
    Removing stm32f4xx_tim.o(i.TIM_OC2PolarityConfig), (26 bytes).
    Removing stm32f4xx_tim.o(i.TIM_OC2PreloadConfig), (26 bytes).
    Removing stm32f4xx_tim.o(i.TIM_OC3FastConfig), (18 bytes).
    Removing stm32f4xx_tim.o(i.TIM_OC3Init), (160 bytes).
    Removing stm32f4xx_tim.o(i.TIM_OC3NPolarityConfig), (26 bytes).
    Removing stm32f4xx_tim.o(i.TIM_OC3PolarityConfig), (26 bytes).
    Removing stm32f4xx_tim.o(i.TIM_OC3PreloadConfig), (18 bytes).
    Removing stm32f4xx_tim.o(i.TIM_OC4FastConfig), (26 bytes).
    Removing stm32f4xx_tim.o(i.TIM_OC4Init), (120 bytes).
    Removing stm32f4xx_tim.o(i.TIM_OC4PolarityConfig), (26 bytes).
    Removing stm32f4xx_tim.o(i.TIM_OC4PreloadConfig), (26 bytes).
    Removing stm32f4xx_tim.o(i.TIM_OCStructInit), (20 bytes).
    Removing stm32f4xx_tim.o(i.TIM_PWMIConfig), (124 bytes).
    Removing stm32f4xx_tim.o(i.TIM_PrescalerConfig), (6 bytes).
    Removing stm32f4xx_tim.o(i.TIM_RemapConfig), (6 bytes).
    Removing stm32f4xx_tim.o(i.TIM_SelectCCDMA), (24 bytes).
    Removing stm32f4xx_tim.o(i.TIM_SelectCOM), (24 bytes).
    Removing stm32f4xx_tim.o(i.TIM_SelectHallSensor), (24 bytes).
    Removing stm32f4xx_tim.o(i.TIM_SelectInputTrigger), (18 bytes).
    Removing stm32f4xx_tim.o(i.TIM_SelectMasterSlaveMode), (18 bytes).
    Removing stm32f4xx_tim.o(i.TIM_SelectOCxM), (86 bytes).
    Removing stm32f4xx_tim.o(i.TIM_SelectOnePulseMode), (18 bytes).
    Removing stm32f4xx_tim.o(i.TIM_SelectOutputTrigger), (18 bytes).
    Removing stm32f4xx_tim.o(i.TIM_SelectSlaveMode), (18 bytes).
    Removing stm32f4xx_tim.o(i.TIM_SetAutoreload), (4 bytes).
    Removing stm32f4xx_tim.o(i.TIM_SetClockDivision), (18 bytes).
    Removing stm32f4xx_tim.o(i.TIM_SetCompare1), (4 bytes).
    Removing stm32f4xx_tim.o(i.TIM_SetCompare2), (4 bytes).
    Removing stm32f4xx_tim.o(i.TIM_SetCompare3), (4 bytes).
    Removing stm32f4xx_tim.o(i.TIM_SetCompare4), (4 bytes).
    Removing stm32f4xx_tim.o(i.TIM_SetIC1Prescaler), (18 bytes).
    Removing stm32f4xx_tim.o(i.TIM_SetIC2Prescaler), (26 bytes).
    Removing stm32f4xx_tim.o(i.TIM_SetIC3Prescaler), (18 bytes).
    Removing stm32f4xx_tim.o(i.TIM_SetIC4Prescaler), (26 bytes).
    Removing stm32f4xx_tim.o(i.TIM_TIxExternalClockConfig), (62 bytes).
    Removing stm32f4xx_tim.o(i.TIM_TimeBaseInit), (132 bytes).
    Removing stm32f4xx_tim.o(i.TIM_TimeBaseStructInit), (18 bytes).
    Removing stm32f4xx_tim.o(i.TIM_UpdateDisableConfig), (24 bytes).
    Removing stm32f4xx_tim.o(i.TIM_UpdateRequestConfig), (24 bytes).
    Removing stm32f4xx_usart.o(.rev16_text), (4 bytes).
    Removing stm32f4xx_usart.o(.revsh_text), (4 bytes).
    Removing stm32f4xx_usart.o(.rrx_text), (6 bytes).
    Removing stm32f4xx_usart.o(i.USART_ClearFlag), (18 bytes).
    Removing stm32f4xx_usart.o(i.USART_ClearITPendingBit), (30 bytes).
    Removing stm32f4xx_usart.o(i.USART_ClockInit), (32 bytes).
    Removing stm32f4xx_usart.o(i.USART_ClockStructInit), (12 bytes).
    Removing stm32f4xx_usart.o(i.USART_Cmd), (24 bytes).
    Removing stm32f4xx_usart.o(i.USART_DMACmd), (18 bytes).
    Removing stm32f4xx_usart.o(i.USART_DeInit), (240 bytes).
    Removing stm32f4xx_usart.o(i.USART_HalfDuplexCmd), (24 bytes).
    Removing stm32f4xx_usart.o(i.USART_ITConfig), (74 bytes).
    Removing stm32f4xx_usart.o(i.USART_Init), (212 bytes).
    Removing stm32f4xx_usart.o(i.USART_IrDACmd), (24 bytes).
    Removing stm32f4xx_usart.o(i.USART_IrDAConfig), (18 bytes).
    Removing stm32f4xx_usart.o(i.USART_LINBreakDetectLengthConfig), (18 bytes).
    Removing stm32f4xx_usart.o(i.USART_LINCmd), (24 bytes).
    Removing stm32f4xx_usart.o(i.USART_OneBitMethodCmd), (24 bytes).
    Removing stm32f4xx_usart.o(i.USART_OverSampling8Cmd), (22 bytes).
    Removing stm32f4xx_usart.o(i.USART_ReceiverWakeUpCmd), (24 bytes).
    Removing stm32f4xx_usart.o(i.USART_SendBreak), (10 bytes).
    Removing stm32f4xx_usart.o(i.USART_SetAddress), (18 bytes).
    Removing stm32f4xx_usart.o(i.USART_SetGuardTime), (16 bytes).
    Removing stm32f4xx_usart.o(i.USART_SetPrescaler), (16 bytes).
    Removing stm32f4xx_usart.o(i.USART_SmartCardCmd), (24 bytes).
    Removing stm32f4xx_usart.o(i.USART_SmartCardNACKCmd), (24 bytes).
    Removing stm32f4xx_usart.o(i.USART_StructInit), (24 bytes).
    Removing stm32f4xx_usart.o(i.USART_WakeUpConfig), (18 bytes).
    Removing stm32f4xx_wwdg.o(.rev16_text), (4 bytes).
    Removing stm32f4xx_wwdg.o(.revsh_text), (4 bytes).
    Removing stm32f4xx_wwdg.o(.rrx_text), (6 bytes).
    Removing stm32f4xx_wwdg.o(i.WWDG_ClearFlag), (12 bytes).
    Removing stm32f4xx_wwdg.o(i.WWDG_DeInit), (22 bytes).
    Removing stm32f4xx_wwdg.o(i.WWDG_Enable), (16 bytes).
    Removing stm32f4xx_wwdg.o(i.WWDG_EnableIT), (12 bytes).
    Removing stm32f4xx_wwdg.o(i.WWDG_GetFlagStatus), (20 bytes).
    Removing stm32f4xx_wwdg.o(i.WWDG_SetCounter), (16 bytes).
    Removing stm32f4xx_wwdg.o(i.WWDG_SetPrescaler), (24 bytes).
    Removing stm32f4xx_wwdg.o(i.WWDG_SetWindowValue), (40 bytes).
    Removing main.o(.rev16_text), (4 bytes).
    Removing main.o(.revsh_text), (4 bytes).
    Removing main.o(.rrx_text), (6 bytes).
    Removing main.o(i.USART_TestInit), (160 bytes).
    Removing delay.o(.rev16_text), (4 bytes).
    Removing delay.o(.revsh_text), (4 bytes).
    Removing delay.o(.rrx_text), (6 bytes).
    Removing button.o(.rev16_text), (4 bytes).
    Removing button.o(.revsh_text), (4 bytes).
    Removing button.o(.rrx_text), (6 bytes).
    Removing button.o(i.Button_Init), (204 bytes).
    Removing button.o(i.TIM3_Init), (84 bytes).
    Removing button.o(i.TIM4_Init), (84 bytes).
    Removing signaloutput.o(.rev16_text), (4 bytes).
    Removing signaloutput.o(.revsh_text), (4 bytes).
    Removing signaloutput.o(.rrx_text), (6 bytes).
    Removing signaloutput.o(i.Fan_GetState), (12 bytes).
    Removing signaloutput.o(i.Fan_Init), (52 bytes).
    Removing signaloutput.o(i.Fan_Start), (28 bytes).
    Removing signaloutput.o(i.Fan_Stop), (28 bytes).
    Removing signaloutput.o(i.Light_GetState), (12 bytes).
    Removing signaloutput.o(i.Light_Init), (52 bytes).
    Removing signaloutput.o(i.Light_Start), (28 bytes).
    Removing signaloutput.o(i.Light_Stop), (28 bytes).
    Removing signaloutput.o(i.SignalOutput_Init), (12 bytes).
    Removing signaloutput.o(.data), (2 bytes).
    Removing lightsensor.o(.rev16_text), (4 bytes).
    Removing lightsensor.o(.revsh_text), (4 bytes).
    Removing lightsensor.o(.rrx_text), (6 bytes).
    Removing lightsensor.o(i.LightSensor_GetState), (36 bytes).
    Removing lightsensor.o(i.LightSensor_GetValue), (104 bytes).
    Removing lightsensor.o(i.LightSensor_Init), (172 bytes).
    Removing temperaturehumiditysensor.o(.rev16_text), (4 bytes).
    Removing temperaturehumiditysensor.o(.revsh_text), (4 bytes).
    Removing temperaturehumiditysensor.o(.rrx_text), (6 bytes).
    Removing temperaturehumiditysensor.o(i.Pin_Input), (40 bytes).
    Removing temperaturehumiditysensor.o(i.Pin_Output), (52 bytes).
    Removing temperaturehumiditysensor.o(i.Sensor_Check), (60 bytes).
    Removing temperaturehumiditysensor.o(i.Sensor_Convert), (100 bytes).
    Removing temperaturehumiditysensor.o(i.Sensor_GetHumidity), (256 bytes).
    Removing temperaturehumiditysensor.o(i.Sensor_GetTemperature), (92 bytes).
    Removing temperaturehumiditysensor.o(i.Sensor_ReadBit), (68 bytes).
    Removing temperaturehumiditysensor.o(i.Sensor_ReadByte), (32 bytes).
    Removing temperaturehumiditysensor.o(i.Sensor_Reset), (44 bytes).
    Removing temperaturehumiditysensor.o(i.Sensor_WriteBit), (76 bytes).
    Removing temperaturehumiditysensor.o(i.Sensor_WriteByte), (28 bytes).
    Removing temperaturehumiditysensor.o(i.TemperatureHumiditySensor_Init), (68 bytes).
    Removing temperaturehumiditysensor.o(.data), (12 bytes).
    Removing zigbee.o(.rev16_text), (4 bytes).
    Removing zigbee.o(.revsh_text), (4 bytes).
    Removing zigbee.o(.rrx_text), (6 bytes).
    Removing zigbee.o(i.USART1_DMAReceiveInit), (152 bytes).
    Removing zigbee.o(i.USART1_DMATransmitInit), (148 bytes).
    Removing zigbee.o(i.USART1_Init), (128 bytes).
    Removing zigbee.o(i.ZigBee_Init), (128 bytes).
    Removing zigbee.o(i.ZigBee_ReceiveByte), (32 bytes).
    Removing zigbee.o(i.ZigBee_ReceiveString), (76 bytes).
    Removing zigbee.o(i.ZigBee_TransmitByte), (32 bytes).
    Removing zigbee.o(i.ZigBee_TransmitString), (88 bytes).
    Removing wifi.o(.rev16_text), (4 bytes).
    Removing wifi.o(.revsh_text), (4 bytes).
    Removing wifi.o(.rrx_text), (6 bytes).
    Removing wifi.o(i.USART6_DMAReceiveInit), (152 bytes).
    Removing wifi.o(i.USART6_DMATransmitInit), (148 bytes).
    Removing wifi.o(i.USART6_Init), (128 bytes).
    Removing wifi.o(i.WiFi_Init), (132 bytes).
    Removing wifi.o(i.WiFi_ReceiveByte), (32 bytes).
    Removing wifi.o(i.WiFi_ReceiveString), (76 bytes).
    Removing wifi.o(i.WiFi_TransmitByte), (32 bytes).
    Removing wifi.o(i.WiFi_TransmitString), (88 bytes).
    Removing audio.o(.rev16_text), (4 bytes).
    Removing audio.o(.revsh_text), (4 bytes).
    Removing audio.o(.rrx_text), (6 bytes).
    Removing audio.o(i.Audio_Init), (100 bytes).
    Removing audio.o(i.Audio_Loop), (12 bytes).
    Removing audio.o(i.Audio_Play), (12 bytes).
    Removing audio.o(i.Audio_PlayAfter), (20 bytes).
    Removing audio.o(i.Audio_Stop), (12 bytes).
    Removing audio.o(i.Audio_Transmit16Bits), (34 bytes).
    Removing audio.o(i.Audio_TransmitByte), (112 bytes).
    Removing audio.o(i.Audio_Volume), (18 bytes).
    Removing display.o(.rev16_text), (4 bytes).
    Removing display.o(.revsh_text), (4 bytes).
    Removing display.o(.rrx_text), (6 bytes).
    Removing display.o(i.Display_LightUp), (64 bytes).
    Removing display.o(i.Display_Off), (28 bytes).
    Removing display.o(i.Display_On), (28 bytes).
    Removing display.o(i.Display_ShowChar), (180 bytes).
    Removing display.o(i.Display_ShowString), (118 bytes).
    Removing display.o(.constdata), (2072 bytes).
    Removing f2d.o(.text), (38 bytes).
    Removing cdrcmple.o(.text), (48 bytes).
    Removing dadd.o(.text), (334 bytes).
    Removing dmul.o(.text), (228 bytes).
    Removing ddiv.o(.text), (222 bytes).
    Removing dfixul.o(.text), (48 bytes).
    Removing depilogue.o(.text), (186 bytes).

879 unused section(s) (total 41980 bytes) removed from the image.

==============================================================================

Image Symbol Table

    Local Symbols

    Symbol Name                              Value     Ov Type        Size  Object(Section)

    ../clib/../cmprslib/zerorunl2.c          0x00000000   Number         0  __dczerorl2.o ABSOLUTE
    ../clib/microlib/division.c              0x00000000   Number         0  uldiv.o ABSOLUTE
    ../clib/microlib/division.c              0x00000000   Number         0  uidiv.o ABSOLUTE
    ../clib/microlib/init/entry.s            0x00000000   Number         0  entry11b.o ABSOLUTE
    ../clib/microlib/init/entry.s            0x00000000   Number         0  entry7a.o ABSOLUTE
    ../clib/microlib/init/entry.s            0x00000000   Number         0  entry5.o ABSOLUTE
    ../clib/microlib/init/entry.s            0x00000000   Number         0  entry12b.o ABSOLUTE
    ../clib/microlib/init/entry.s            0x00000000   Number         0  entry2.o ABSOLUTE
    ../clib/microlib/init/entry.s            0x00000000   Number         0  entry12a.o ABSOLUTE
    ../clib/microlib/init/entry.s            0x00000000   Number         0  entry8b.o ABSOLUTE
    ../clib/microlib/init/entry.s            0x00000000   Number         0  entry11a.o ABSOLUTE
    ../clib/microlib/init/entry.s            0x00000000   Number         0  entry9b.o ABSOLUTE
    ../clib/microlib/init/entry.s            0x00000000   Number         0  entry10b.o ABSOLUTE
    ../clib/microlib/init/entry.s            0x00000000   Number         0  entry.o ABSOLUTE
    ../clib/microlib/init/entry.s            0x00000000   Number         0  entry10a.o ABSOLUTE
    ../clib/microlib/init/entry.s            0x00000000   Number         0  entry9a.o ABSOLUTE
    ../clib/microlib/init/entry.s            0x00000000   Number         0  entry8a.o ABSOLUTE
    ../clib/microlib/init/entry.s            0x00000000   Number         0  entry7b.o ABSOLUTE
    ../clib/microlib/longlong.c              0x00000000   Number         0  llshl.o ABSOLUTE
    ../clib/microlib/longlong.c              0x00000000   Number         0  llushr.o ABSOLUTE
    ../clib/microlib/longlong.c              0x00000000   Number         0  llsshr.o ABSOLUTE
    ../clib/microlib/printf/printf.c         0x00000000   Number         0  printfa.o ABSOLUTE
    ../clib/microlib/printf/printf.c         0x00000000   Number         0  printf8.o ABSOLUTE
    ../clib/microlib/printf/printf.c         0x00000000   Number         0  printf7.o ABSOLUTE
    ../clib/microlib/printf/printf.c         0x00000000   Number         0  printf6.o ABSOLUTE
    ../clib/microlib/printf/printf.c         0x00000000   Number         0  printf5.o ABSOLUTE
    ../clib/microlib/printf/printf.c         0x00000000   Number         0  printf4.o ABSOLUTE
    ../clib/microlib/printf/printf.c         0x00000000   Number         0  printf3.o ABSOLUTE
    ../clib/microlib/printf/printf.c         0x00000000   Number         0  printfb.o ABSOLUTE
    ../clib/microlib/printf/printf.c         0x00000000   Number         0  printf2.o ABSOLUTE
    ../clib/microlib/printf/printf.c         0x00000000   Number         0  printf1.o ABSOLUTE
    ../clib/microlib/printf/printf.c         0x00000000   Number         0  printf0.o ABSOLUTE
    ../clib/microlib/stdio/streams.c         0x00000000   Number         0  stdout.o ABSOLUTE
    ../clib/microlib/stubs.s                 0x00000000   Number         0  iusefp.o ABSOLUTE
    ../fplib/microlib/f2d.c                  0x00000000   Number         0  f2d.o ABSOLUTE
    ../fplib/microlib/fpadd.c                0x00000000   Number         0  dadd.o ABSOLUTE
    ../fplib/microlib/fpdiv.c                0x00000000   Number         0  ddiv.o ABSOLUTE
    ../fplib/microlib/fpepilogue.c           0x00000000   Number         0  depilogue.o ABSOLUTE
    ../fplib/microlib/fpfix.c                0x00000000   Number         0  dfixul.o ABSOLUTE
    ../fplib/microlib/fpmul.c                0x00000000   Number         0  dmul.o ABSOLUTE
    ..\..\1_Library\Audio.c                  0x00000000   Number         0  audio.o ABSOLUTE
    ..\..\1_Library\Button.c                 0x00000000   Number         0  button.o ABSOLUTE
    ..\..\1_Library\Delay.c                  0x00000000   Number         0  delay.o ABSOLUTE
    ..\..\1_Library\Display.c                0x00000000   Number         0  display.o ABSOLUTE
    ..\..\1_Library\LightSensor.c            0x00000000   Number         0  lightsensor.o ABSOLUTE
    ..\..\1_Library\SignalOutput.c           0x00000000   Number         0  signaloutput.o ABSOLUTE
    ..\..\1_Library\TemperatureHumiditySensor.c 0x00000000   Number         0  temperaturehumiditysensor.o ABSOLUTE
    ..\..\1_Library\WiFi.c                   0x00000000   Number         0  wifi.o ABSOLUTE
    ..\..\1_Library\ZigBee.c                 0x00000000   Number         0  zigbee.o ABSOLUTE
    ..\CMSIS\startup_stm32f401xx.s           0x00000000   Number         0  startup_stm32f401xx.o ABSOLUTE
    ..\CMSIS\system_stm32f4xx.c              0x00000000   Number         0  system_stm32f4xx.o ABSOLUTE
    ..\Driver\stm32f4xx_it.c                 0x00000000   Number         0  stm32f4xx_it.o ABSOLUTE
    ..\Library\src\misc.c                    0x00000000   Number         0  misc.o ABSOLUTE
    ..\Library\src\stm32f4xx_adc.c           0x00000000   Number         0  stm32f4xx_adc.o ABSOLUTE
    ..\Library\src\stm32f4xx_can.c           0x00000000   Number         0  stm32f4xx_can.o ABSOLUTE
    ..\Library\src\stm32f4xx_cec.c           0x00000000   Number         0  stm32f4xx_cec.o ABSOLUTE
    ..\Library\src\stm32f4xx_crc.c           0x00000000   Number         0  stm32f4xx_crc.o ABSOLUTE
    ..\Library\src\stm32f4xx_cryp.c          0x00000000   Number         0  stm32f4xx_cryp.o ABSOLUTE
    ..\Library\src\stm32f4xx_cryp_aes.c      0x00000000   Number         0  stm32f4xx_cryp_aes.o ABSOLUTE
    ..\Library\src\stm32f4xx_cryp_des.c      0x00000000   Number         0  stm32f4xx_cryp_des.o ABSOLUTE
    ..\Library\src\stm32f4xx_cryp_tdes.c     0x00000000   Number         0  stm32f4xx_cryp_tdes.o ABSOLUTE
    ..\Library\src\stm32f4xx_dac.c           0x00000000   Number         0  stm32f4xx_dac.o ABSOLUTE
    ..\Library\src\stm32f4xx_dbgmcu.c        0x00000000   Number         0  stm32f4xx_dbgmcu.o ABSOLUTE
    ..\Library\src\stm32f4xx_dcmi.c          0x00000000   Number         0  stm32f4xx_dcmi.o ABSOLUTE
    ..\Library\src\stm32f4xx_dfsdm.c         0x00000000   Number         0  stm32f4xx_dfsdm.o ABSOLUTE
    ..\Library\src\stm32f4xx_dma.c           0x00000000   Number         0  stm32f4xx_dma.o ABSOLUTE
    ..\Library\src\stm32f4xx_dma2d.c         0x00000000   Number         0  stm32f4xx_dma2d.o ABSOLUTE
    ..\Library\src\stm32f4xx_dsi.c           0x00000000   Number         0  stm32f4xx_dsi.o ABSOLUTE
    ..\Library\src\stm32f4xx_exti.c          0x00000000   Number         0  stm32f4xx_exti.o ABSOLUTE
    ..\Library\src\stm32f4xx_flash.c         0x00000000   Number         0  stm32f4xx_flash.o ABSOLUTE
    ..\Library\src\stm32f4xx_flash_ramfunc.c 0x00000000   Number         0  stm32f4xx_flash_ramfunc.o ABSOLUTE
    ..\Library\src\stm32f4xx_fmpi2c.c        0x00000000   Number         0  stm32f4xx_fmpi2c.o ABSOLUTE
    ..\Library\src\stm32f4xx_gpio.c          0x00000000   Number         0  stm32f4xx_gpio.o ABSOLUTE
    ..\Library\src\stm32f4xx_hash.c          0x00000000   Number         0  stm32f4xx_hash.o ABSOLUTE
    ..\Library\src\stm32f4xx_hash_md5.c      0x00000000   Number         0  stm32f4xx_hash_md5.o ABSOLUTE
    ..\Library\src\stm32f4xx_hash_sha1.c     0x00000000   Number         0  stm32f4xx_hash_sha1.o ABSOLUTE
    ..\Library\src\stm32f4xx_i2c.c           0x00000000   Number         0  stm32f4xx_i2c.o ABSOLUTE
    ..\Library\src\stm32f4xx_iwdg.c          0x00000000   Number         0  stm32f4xx_iwdg.o ABSOLUTE
    ..\Library\src\stm32f4xx_lptim.c         0x00000000   Number         0  stm32f4xx_lptim.o ABSOLUTE
    ..\Library\src\stm32f4xx_ltdc.c          0x00000000   Number         0  stm32f4xx_ltdc.o ABSOLUTE
    ..\Library\src\stm32f4xx_pwr.c           0x00000000   Number         0  stm32f4xx_pwr.o ABSOLUTE
    ..\Library\src\stm32f4xx_qspi.c          0x00000000   Number         0  stm32f4xx_qspi.o ABSOLUTE
    ..\Library\src\stm32f4xx_rcc.c           0x00000000   Number         0  stm32f4xx_rcc.o ABSOLUTE
    ..\Library\src\stm32f4xx_rng.c           0x00000000   Number         0  stm32f4xx_rng.o ABSOLUTE
    ..\Library\src\stm32f4xx_rtc.c           0x00000000   Number         0  stm32f4xx_rtc.o ABSOLUTE
    ..\Library\src\stm32f4xx_sai.c           0x00000000   Number         0  stm32f4xx_sai.o ABSOLUTE
    ..\Library\src\stm32f4xx_sdio.c          0x00000000   Number         0  stm32f4xx_sdio.o ABSOLUTE
    ..\Library\src\stm32f4xx_spdifrx.c       0x00000000   Number         0  stm32f4xx_spdifrx.o ABSOLUTE
    ..\Library\src\stm32f4xx_spi.c           0x00000000   Number         0  stm32f4xx_spi.o ABSOLUTE
    ..\Library\src\stm32f4xx_syscfg.c        0x00000000   Number         0  stm32f4xx_syscfg.o ABSOLUTE
    ..\Library\src\stm32f4xx_tim.c           0x00000000   Number         0  stm32f4xx_tim.o ABSOLUTE
    ..\Library\src\stm32f4xx_usart.c         0x00000000   Number         0  stm32f4xx_usart.o ABSOLUTE
    ..\Library\src\stm32f4xx_wwdg.c          0x00000000   Number         0  stm32f4xx_wwdg.o ABSOLUTE
    ..\User\main.c                           0x00000000   Number         0  main.o ABSOLUTE
    ..\\..\\1_Library\\Audio.c               0x00000000   Number         0  audio.o ABSOLUTE
    ..\\..\\1_Library\\Button.c              0x00000000   Number         0  button.o ABSOLUTE
    ..\\..\\1_Library\\Delay.c               0x00000000   Number         0  delay.o ABSOLUTE
    ..\\..\\1_Library\\Display.c             0x00000000   Number         0  display.o ABSOLUTE
    ..\\..\\1_Library\\LightSensor.c         0x00000000   Number         0  lightsensor.o ABSOLUTE
    ..\\..\\1_Library\\SignalOutput.c        0x00000000   Number         0  signaloutput.o ABSOLUTE
    ..\\..\\1_Library\\TemperatureHumiditySensor.c 0x00000000   Number         0  temperaturehumiditysensor.o ABSOLUTE
    ..\\..\\1_Library\\WiFi.c                0x00000000   Number         0  wifi.o ABSOLUTE
    ..\\..\\1_Library\\ZigBee.c              0x00000000   Number         0  zigbee.o ABSOLUTE
    ..\\CMSIS\\system_stm32f4xx.c            0x00000000   Number         0  system_stm32f4xx.o ABSOLUTE
    ..\\Driver\\stm32f4xx_it.c               0x00000000   Number         0  stm32f4xx_it.o ABSOLUTE
    ..\\Library\\src\\misc.c                 0x00000000   Number         0  misc.o ABSOLUTE
    ..\\Library\\src\\stm32f4xx_adc.c        0x00000000   Number         0  stm32f4xx_adc.o ABSOLUTE
    ..\\Library\\src\\stm32f4xx_can.c        0x00000000   Number         0  stm32f4xx_can.o ABSOLUTE
    ..\\Library\\src\\stm32f4xx_cec.c        0x00000000   Number         0  stm32f4xx_cec.o ABSOLUTE
    ..\\Library\\src\\stm32f4xx_crc.c        0x00000000   Number         0  stm32f4xx_crc.o ABSOLUTE
    ..\\Library\\src\\stm32f4xx_cryp.c       0x00000000   Number         0  stm32f4xx_cryp.o ABSOLUTE
    ..\\Library\\src\\stm32f4xx_cryp_aes.c   0x00000000   Number         0  stm32f4xx_cryp_aes.o ABSOLUTE
    ..\\Library\\src\\stm32f4xx_cryp_des.c   0x00000000   Number         0  stm32f4xx_cryp_des.o ABSOLUTE
    ..\\Library\\src\\stm32f4xx_cryp_tdes.c  0x00000000   Number         0  stm32f4xx_cryp_tdes.o ABSOLUTE
    ..\\Library\\src\\stm32f4xx_dac.c        0x00000000   Number         0  stm32f4xx_dac.o ABSOLUTE
    ..\\Library\\src\\stm32f4xx_dbgmcu.c     0x00000000   Number         0  stm32f4xx_dbgmcu.o ABSOLUTE
    ..\\Library\\src\\stm32f4xx_dcmi.c       0x00000000   Number         0  stm32f4xx_dcmi.o ABSOLUTE
    ..\\Library\\src\\stm32f4xx_dfsdm.c      0x00000000   Number         0  stm32f4xx_dfsdm.o ABSOLUTE
    ..\\Library\\src\\stm32f4xx_dma.c        0x00000000   Number         0  stm32f4xx_dma.o ABSOLUTE
    ..\\Library\\src\\stm32f4xx_dma2d.c      0x00000000   Number         0  stm32f4xx_dma2d.o ABSOLUTE
    ..\\Library\\src\\stm32f4xx_dsi.c        0x00000000   Number         0  stm32f4xx_dsi.o ABSOLUTE
    ..\\Library\\src\\stm32f4xx_exti.c       0x00000000   Number         0  stm32f4xx_exti.o ABSOLUTE
    ..\\Library\\src\\stm32f4xx_flash.c      0x00000000   Number         0  stm32f4xx_flash.o ABSOLUTE
    ..\\Library\\src\\stm32f4xx_flash_ramfunc.c 0x00000000   Number         0  stm32f4xx_flash_ramfunc.o ABSOLUTE
    ..\\Library\\src\\stm32f4xx_fmpi2c.c     0x00000000   Number         0  stm32f4xx_fmpi2c.o ABSOLUTE
    ..\\Library\\src\\stm32f4xx_gpio.c       0x00000000   Number         0  stm32f4xx_gpio.o ABSOLUTE
    ..\\Library\\src\\stm32f4xx_hash.c       0x00000000   Number         0  stm32f4xx_hash.o ABSOLUTE
    ..\\Library\\src\\stm32f4xx_hash_md5.c   0x00000000   Number         0  stm32f4xx_hash_md5.o ABSOLUTE
    ..\\Library\\src\\stm32f4xx_hash_sha1.c  0x00000000   Number         0  stm32f4xx_hash_sha1.o ABSOLUTE
    ..\\Library\\src\\stm32f4xx_i2c.c        0x00000000   Number         0  stm32f4xx_i2c.o ABSOLUTE
    ..\\Library\\src\\stm32f4xx_iwdg.c       0x00000000   Number         0  stm32f4xx_iwdg.o ABSOLUTE
    ..\\Library\\src\\stm32f4xx_lptim.c      0x00000000   Number         0  stm32f4xx_lptim.o ABSOLUTE
    ..\\Library\\src\\stm32f4xx_ltdc.c       0x00000000   Number         0  stm32f4xx_ltdc.o ABSOLUTE
    ..\\Library\\src\\stm32f4xx_pwr.c        0x00000000   Number         0  stm32f4xx_pwr.o ABSOLUTE
    ..\\Library\\src\\stm32f4xx_qspi.c       0x00000000   Number         0  stm32f4xx_qspi.o ABSOLUTE
    ..\\Library\\src\\stm32f4xx_rcc.c        0x00000000   Number         0  stm32f4xx_rcc.o ABSOLUTE
    ..\\Library\\src\\stm32f4xx_rng.c        0x00000000   Number         0  stm32f4xx_rng.o ABSOLUTE
    ..\\Library\\src\\stm32f4xx_rtc.c        0x00000000   Number         0  stm32f4xx_rtc.o ABSOLUTE
    ..\\Library\\src\\stm32f4xx_sai.c        0x00000000   Number         0  stm32f4xx_sai.o ABSOLUTE
    ..\\Library\\src\\stm32f4xx_sdio.c       0x00000000   Number         0  stm32f4xx_sdio.o ABSOLUTE
    ..\\Library\\src\\stm32f4xx_spdifrx.c    0x00000000   Number         0  stm32f4xx_spdifrx.o ABSOLUTE
    ..\\Library\\src\\stm32f4xx_spi.c        0x00000000   Number         0  stm32f4xx_spi.o ABSOLUTE
    ..\\Library\\src\\stm32f4xx_syscfg.c     0x00000000   Number         0  stm32f4xx_syscfg.o ABSOLUTE
    ..\\Library\\src\\stm32f4xx_tim.c        0x00000000   Number         0  stm32f4xx_tim.o ABSOLUTE
    ..\\Library\\src\\stm32f4xx_usart.c      0x00000000   Number         0  stm32f4xx_usart.o ABSOLUTE
    ..\\Library\\src\\stm32f4xx_wwdg.c       0x00000000   Number         0  stm32f4xx_wwdg.o ABSOLUTE
    ..\\User\\main.c                         0x00000000   Number         0  main.o ABSOLUTE
    cdrcmple.s                               0x00000000   Number         0  cdrcmple.o ABSOLUTE
    dc.s                                     0x00000000   Number         0  dc.o ABSOLUTE
    handlers.s                               0x00000000   Number         0  handlers.o ABSOLUTE
    init.s                                   0x00000000   Number         0  init.o ABSOLUTE
    RESET                                    0x08000000   Section      404  startup_stm32f401xx.o(RESET)
    .ARM.Collect$$$$00000000                 0x08000194   Section        0  entry.o(.ARM.Collect$$$$00000000)
    .ARM.Collect$$$$00000001                 0x08000194   Section        4  entry2.o(.ARM.Collect$$$$00000001)
    .ARM.Collect$$$$00000004                 0x08000198   Section        4  entry5.o(.ARM.Collect$$$$00000004)
    .ARM.Collect$$$$00000008                 0x0800019c   Section        0  entry7b.o(.ARM.Collect$$$$00000008)
    .ARM.Collect$$$$0000000A                 0x0800019c   Section        0  entry8b.o(.ARM.Collect$$$$0000000A)
    .ARM.Collect$$$$0000000B                 0x0800019c   Section        8  entry9a.o(.ARM.Collect$$$$0000000B)
    .ARM.Collect$$$$0000000E                 0x080001a4   Section        4  entry12b.o(.ARM.Collect$$$$0000000E)
    .ARM.Collect$$$$0000000F                 0x080001a8   Section        0  entry10a.o(.ARM.Collect$$$$0000000F)
    .ARM.Collect$$$$00000011                 0x080001a8   Section        0  entry11a.o(.ARM.Collect$$$$00000011)
    .ARM.Collect$$$$00002712                 0x080001a8   Section        4  entry2.o(.ARM.Collect$$$$00002712)
    __lit__00000000                          0x080001a8   Data           4  entry2.o(.ARM.Collect$$$$00002712)
    .text                                    0x080001ac   Section       36  startup_stm32f401xx.o(.text)
    $v0                                      0x080001ac   Number         0  startup_stm32f401xx.o(.text)
    .text                                    0x080001d0   Section       36  init.o(.text)
    .text                                    0x080001f4   Section        0  __dczerorl2.o(.text)
    i.ADC_ClearITPendingBit                  0x0800024a   Section        0  stm32f4xx_adc.o(i.ADC_ClearITPendingBit)
    i.ADC_GetConversionValue                 0x08000254   Section        0  stm32f4xx_adc.o(i.ADC_GetConversionValue)
    i.ADC_GetITStatus                        0x0800025c   Section        0  stm32f4xx_adc.o(i.ADC_GetITStatus)
    i.ADC_IRQHandler                         0x08000284   Section        0  lightsensor.o(i.ADC_IRQHandler)
    i.BusFault_Handler                       0x080002d0   Section        0  stm32f4xx_it.o(i.BusFault_Handler)
    i.DMA2_Stream1_IRQHandler                0x080002d4   Section        0  wifi.o(i.DMA2_Stream1_IRQHandler)
    i.DMA2_Stream5_IRQHandler                0x080002fc   Section        0  zigbee.o(i.DMA2_Stream5_IRQHandler)
    i.DMA2_Stream6_IRQHandler                0x08000324   Section        0  wifi.o(i.DMA2_Stream6_IRQHandler)
    i.DMA2_Stream7_IRQHandler                0x0800034c   Section        0  zigbee.o(i.DMA2_Stream7_IRQHandler)
    i.DMA_ClearITPendingBit                  0x08000374   Section        0  stm32f4xx_dma.o(i.DMA_ClearITPendingBit)
    i.DMA_Cmd                                0x080003a8   Section        0  stm32f4xx_dma.o(i.DMA_Cmd)
    i.DMA_GetCurrDataCounter                 0x080003be   Section        0  stm32f4xx_dma.o(i.DMA_GetCurrDataCounter)
    i.DMA_GetITStatus                        0x080003c8   Section        0  stm32f4xx_dma.o(i.DMA_GetITStatus)
    i.DebugMon_Handler                       0x0800042c   Section        0  stm32f4xx_it.o(i.DebugMon_Handler)
    i.Delay_ms                               0x08000430   Section        0  delay.o(i.Delay_ms)
    i.Delay_us                               0x08000478   Section        0  delay.o(i.Delay_us)
    i.Display_Clear                          0x080004c4   Section        0  display.o(i.Display_Clear)
    i.Display_DrawBMP                        0x08000504   Section        0  display.o(i.Display_DrawBMP)
    i.Display_HardwareInit                   0x08000558   Section        0  display.o(i.Display_HardwareInit)
    i.Display_Init                           0x080005bc   Section        0  display.o(i.Display_Init)
    i.Display_SetPosition                    0x0800069c   Section        0  display.o(i.Display_SetPosition)
    i.EXTI9_5_IRQHandler                     0x080006c8   Section        0  button.o(i.EXTI9_5_IRQHandler)
    i.EXTI_ClearITPendingBit                 0x08000700   Section        0  stm32f4xx_exti.o(i.EXTI_ClearITPendingBit)
    i.EXTI_GetITStatus                       0x0800070c   Section        0  stm32f4xx_exti.o(i.EXTI_GetITStatus)
    i.GPIO_Init                              0x08000724   Section        0  stm32f4xx_gpio.o(i.GPIO_Init)
    i.GPIO_ReadInputDataBit                  0x080007b4   Section        0  stm32f4xx_gpio.o(i.GPIO_ReadInputDataBit)
    i.GPIO_ResetBits                         0x080007c6   Section        0  stm32f4xx_gpio.o(i.GPIO_ResetBits)
    i.GPIO_SetBits                           0x080007ca   Section        0  stm32f4xx_gpio.o(i.GPIO_SetBits)
    i.HardFault_Handler                      0x080007ce   Section        0  stm32f4xx_it.o(i.HardFault_Handler)
    i.I2C_CheckACK                           0x080007d4   Section        0  display.o(i.I2C_CheckACK)
    i.I2C_Start                              0x08000824   Section        0  display.o(i.I2C_Start)
    i.I2C_Stop                               0x08000858   Section        0  display.o(i.I2C_Stop)
    i.I2C_TransmitByte                       0x0800088c   Section        0  display.o(i.I2C_TransmitByte)
    i.I2C_TransmitDataCommand                0x080008e8   Section        0  display.o(i.I2C_TransmitDataCommand)
    i.MemManage_Handler                      0x08000934   Section        0  stm32f4xx_it.o(i.MemManage_Handler)
    i.NMI_Handler                            0x08000938   Section        0  stm32f4xx_it.o(i.NMI_Handler)
    i.NVIC_PriorityGroupConfig               0x0800093c   Section        0  misc.o(i.NVIC_PriorityGroupConfig)
    i.PendSV_Handler                         0x08000950   Section        0  stm32f4xx_it.o(i.PendSV_Handler)
    i.RCC_AHB1PeriphClockCmd                 0x08000954   Section        0  stm32f4xx_rcc.o(i.RCC_AHB1PeriphClockCmd)
    i.SVC_Handler                            0x08000974   Section        0  stm32f4xx_it.o(i.SVC_Handler)
    i.SetSysClock                            0x08000978   Section        0  system_stm32f4xx.o(i.SetSysClock)
    SetSysClock                              0x08000979   Thumb Code   216  system_stm32f4xx.o(i.SetSysClock)
    i.SysTick_Handler                        0x08000a60   Section        0  stm32f4xx_it.o(i.SysTick_Handler)
    i.SystemInit                             0x08000a64   Section        0  system_stm32f4xx.o(i.SystemInit)
    i.TIM3_IRQHandler                        0x08000acc   Section        0  button.o(i.TIM3_IRQHandler)
    i.TIM4_IRQHandler                        0x08000b14   Section        0  button.o(i.TIM4_IRQHandler)
    i.TIM_ClearITPendingBit                  0x08000b5c   Section        0  stm32f4xx_tim.o(i.TIM_ClearITPendingBit)
    i.TIM_Cmd                                0x08000b62   Section        0  stm32f4xx_tim.o(i.TIM_Cmd)
    i.TIM_GetITStatus                        0x08000b7a   Section        0  stm32f4xx_tim.o(i.TIM_GetITStatus)
    i.TIM_SetCounter                         0x08000b9c   Section        0  stm32f4xx_tim.o(i.TIM_SetCounter)
    i.USART1_IRQHandler                      0x08000ba0   Section        0  zigbee.o(i.USART1_IRQHandler)
    i.USART6_IRQHandler                      0x08000be0   Section        0  wifi.o(i.USART6_IRQHandler)
    i.USART_GetFlagStatus                    0x08000c20   Section        0  stm32f4xx_usart.o(i.USART_GetFlagStatus)
    i.USART_GetITStatus                      0x08000c3a   Section        0  stm32f4xx_usart.o(i.USART_GetITStatus)
    i.USART_ReceiveData                      0x08000c8e   Section        0  stm32f4xx_usart.o(i.USART_ReceiveData)
    i.USART_SendData                         0x08000c98   Section        0  stm32f4xx_usart.o(i.USART_SendData)
    i.USART_TestSendData                     0x08000ca0   Section        0  main.o(i.USART_TestSendData)
    i.UsageFault_Handler                     0x08000cc0   Section        0  stm32f4xx_it.o(i.UsageFault_Handler)
    i.__0printf$bare                         0x08000cc4   Section        0  printfb.o(i.__0printf$bare)
    i.__scatterload_copy                     0x08000cd4   Section       14  handlers.o(i.__scatterload_copy)
    i.__scatterload_null                     0x08000ce2   Section        2  handlers.o(i.__scatterload_null)
    i.__scatterload_zeroinit                 0x08000ce4   Section       14  handlers.o(i.__scatterload_zeroinit)
    i._printf_core                           0x08000cf2   Section        0  printfb.o(i._printf_core)
    _printf_core                             0x08000cf3   Thumb Code    34  printfb.o(i._printf_core)
    i.fputc                                  0x08000d14   Section        0  main.o(i.fputc)
    i.main                                   0x08000d24   Section        0  main.o(i.main)
    .data                                    0x20000000   Section       20  system_stm32f4xx.o(.data)
    .data                                    0x20000014   Section     1024  main.o(.data)
    .data                                    0x20000414   Section        9  lightsensor.o(.data)
    num                                      0x2000041c   Data           1  lightsensor.o(.data)
    .data                                    0x2000041e   Section        4  zigbee.o(.data)
    .data                                    0x20000422   Section        4  wifi.o(.data)
    .data                                    0x20000428   Section        4  stdout.o(.data)
    .bss                                     0x2000042c   Section       20  lightsensor.o(.bss)
    STACK                                    0x20000440   Section     1024  startup_stm32f401xx.o(STACK)

    Global Symbols

    Symbol Name                              Value     Ov Type        Size  Object(Section)

    BuildAttributes$$THM_ISAv4$E$P$D$K$B$S$7EM$VFPi3$EXTD16$VFPS$VFMA$PE$A:L22UL41UL21$X:L11$S22US41US21$IEEE1$IW$USESV6$~STKCKD$USESV7$~SHL$OSPACE$ROPI$EBA8$MICROLIB$REQ8$PRES8$EABIv2 0x00000000   Number         0  anon$$obj.o ABSOLUTE
    __ARM_use_no_argv                        0x00000000   Number         0  main.o ABSOLUTE
    __arm_fini_                               - Undefined Weak Reference
    __cpp_initialize__aeabi_                  - Undefined Weak Reference
    __cxa_finalize                            - Undefined Weak Reference
    _clock_init                               - Undefined Weak Reference
    _microlib_exit                            - Undefined Weak Reference
    __Vectors_Size                           0x00000194   Number         0  startup_stm32f401xx.o ABSOLUTE
    __Vectors                                0x08000000   Data           4  startup_stm32f401xx.o(RESET)
    __Vectors_End                            0x08000194   Data           0  startup_stm32f401xx.o(RESET)
    __main                                   0x08000195   Thumb Code     0  entry.o(.ARM.Collect$$$$00000000)
    _main_stk                                0x08000195   Thumb Code     0  entry2.o(.ARM.Collect$$$$00000001)
    _main_scatterload                        0x08000199   Thumb Code     0  entry5.o(.ARM.Collect$$$$00000004)
    __main_after_scatterload                 0x0800019d   Thumb Code     0  entry5.o(.ARM.Collect$$$$00000004)
    _main_clock                              0x0800019d   Thumb Code     0  entry7b.o(.ARM.Collect$$$$00000008)
    _main_cpp_init                           0x0800019d   Thumb Code     0  entry8b.o(.ARM.Collect$$$$0000000A)
    _main_init                               0x0800019d   Thumb Code     0  entry9a.o(.ARM.Collect$$$$0000000B)
    __rt_lib_shutdown_fini                   0x080001a5   Thumb Code     0  entry12b.o(.ARM.Collect$$$$0000000E)
    __rt_final_cpp                           0x080001a9   Thumb Code     0  entry10a.o(.ARM.Collect$$$$0000000F)
    __rt_final_exit                          0x080001a9   Thumb Code     0  entry11a.o(.ARM.Collect$$$$00000011)
    Reset_Handler                            0x080001ad   Thumb Code     8  startup_stm32f401xx.o(.text)
    DMA1_Stream0_IRQHandler                  0x080001c7   Thumb Code     0  startup_stm32f401xx.o(.text)
    DMA1_Stream1_IRQHandler                  0x080001c7   Thumb Code     0  startup_stm32f401xx.o(.text)
    DMA1_Stream2_IRQHandler                  0x080001c7   Thumb Code     0  startup_stm32f401xx.o(.text)
    DMA1_Stream3_IRQHandler                  0x080001c7   Thumb Code     0  startup_stm32f401xx.o(.text)
    DMA1_Stream4_IRQHandler                  0x080001c7   Thumb Code     0  startup_stm32f401xx.o(.text)
    DMA1_Stream5_IRQHandler                  0x080001c7   Thumb Code     0  startup_stm32f401xx.o(.text)
    DMA1_Stream6_IRQHandler                  0x080001c7   Thumb Code     0  startup_stm32f401xx.o(.text)
    DMA1_Stream7_IRQHandler                  0x080001c7   Thumb Code     0  startup_stm32f401xx.o(.text)
    DMA2_Stream0_IRQHandler                  0x080001c7   Thumb Code     0  startup_stm32f401xx.o(.text)
    DMA2_Stream2_IRQHandler                  0x080001c7   Thumb Code     0  startup_stm32f401xx.o(.text)
    DMA2_Stream3_IRQHandler                  0x080001c7   Thumb Code     0  startup_stm32f401xx.o(.text)
    DMA2_Stream4_IRQHandler                  0x080001c7   Thumb Code     0  startup_stm32f401xx.o(.text)
    EXTI0_IRQHandler                         0x080001c7   Thumb Code     0  startup_stm32f401xx.o(.text)
    EXTI15_10_IRQHandler                     0x080001c7   Thumb Code     0  startup_stm32f401xx.o(.text)
    EXTI1_IRQHandler                         0x080001c7   Thumb Code     0  startup_stm32f401xx.o(.text)
    EXTI2_IRQHandler                         0x080001c7   Thumb Code     0  startup_stm32f401xx.o(.text)
    EXTI3_IRQHandler                         0x080001c7   Thumb Code     0  startup_stm32f401xx.o(.text)
    EXTI4_IRQHandler                         0x080001c7   Thumb Code     0  startup_stm32f401xx.o(.text)
    FLASH_IRQHandler                         0x080001c7   Thumb Code     0  startup_stm32f401xx.o(.text)
    FPU_IRQHandler                           0x080001c7   Thumb Code     0  startup_stm32f401xx.o(.text)
    I2C1_ER_IRQHandler                       0x080001c7   Thumb Code     0  startup_stm32f401xx.o(.text)
    I2C1_EV_IRQHandler                       0x080001c7   Thumb Code     0  startup_stm32f401xx.o(.text)
    I2C2_ER_IRQHandler                       0x080001c7   Thumb Code     0  startup_stm32f401xx.o(.text)
    I2C2_EV_IRQHandler                       0x080001c7   Thumb Code     0  startup_stm32f401xx.o(.text)
    I2C3_ER_IRQHandler                       0x080001c7   Thumb Code     0  startup_stm32f401xx.o(.text)
    I2C3_EV_IRQHandler                       0x080001c7   Thumb Code     0  startup_stm32f401xx.o(.text)
    OTG_FS_IRQHandler                        0x080001c7   Thumb Code     0  startup_stm32f401xx.o(.text)
    OTG_FS_WKUP_IRQHandler                   0x080001c7   Thumb Code     0  startup_stm32f401xx.o(.text)
    PVD_IRQHandler                           0x080001c7   Thumb Code     0  startup_stm32f401xx.o(.text)
    RCC_IRQHandler                           0x080001c7   Thumb Code     0  startup_stm32f401xx.o(.text)
    RTC_Alarm_IRQHandler                     0x080001c7   Thumb Code     0  startup_stm32f401xx.o(.text)
    RTC_WKUP_IRQHandler                      0x080001c7   Thumb Code     0  startup_stm32f401xx.o(.text)
    SDIO_IRQHandler                          0x080001c7   Thumb Code     0  startup_stm32f401xx.o(.text)
    SPI1_IRQHandler                          0x080001c7   Thumb Code     0  startup_stm32f401xx.o(.text)
    SPI2_IRQHandler                          0x080001c7   Thumb Code     0  startup_stm32f401xx.o(.text)
    SPI3_IRQHandler                          0x080001c7   Thumb Code     0  startup_stm32f401xx.o(.text)
    SPI4_IRQHandler                          0x080001c7   Thumb Code     0  startup_stm32f401xx.o(.text)
    TAMP_STAMP_IRQHandler                    0x080001c7   Thumb Code     0  startup_stm32f401xx.o(.text)
    TIM1_BRK_TIM9_IRQHandler                 0x080001c7   Thumb Code     0  startup_stm32f401xx.o(.text)
    TIM1_CC_IRQHandler                       0x080001c7   Thumb Code     0  startup_stm32f401xx.o(.text)
    TIM1_TRG_COM_TIM11_IRQHandler            0x080001c7   Thumb Code     0  startup_stm32f401xx.o(.text)
    TIM1_UP_TIM10_IRQHandler                 0x080001c7   Thumb Code     0  startup_stm32f401xx.o(.text)
    TIM2_IRQHandler                          0x080001c7   Thumb Code     0  startup_stm32f401xx.o(.text)
    TIM5_IRQHandler                          0x080001c7   Thumb Code     0  startup_stm32f401xx.o(.text)
    USART2_IRQHandler                        0x080001c7   Thumb Code     0  startup_stm32f401xx.o(.text)
    WWDG_IRQHandler                          0x080001c7   Thumb Code     0  startup_stm32f401xx.o(.text)
    __scatterload                            0x080001d1   Thumb Code    28  init.o(.text)
    __scatterload_rt2                        0x080001d1   Thumb Code     0  init.o(.text)
    __decompress                             0x080001f5   Thumb Code     0  __dczerorl2.o(.text)
    __decompress1                            0x080001f5   Thumb Code    86  __dczerorl2.o(.text)
    ADC_ClearITPendingBit                    0x0800024b   Thumb Code    10  stm32f4xx_adc.o(i.ADC_ClearITPendingBit)
    ADC_GetConversionValue                   0x08000255   Thumb Code     8  stm32f4xx_adc.o(i.ADC_GetConversionValue)
    ADC_GetITStatus                          0x0800025d   Thumb Code    38  stm32f4xx_adc.o(i.ADC_GetITStatus)
    ADC_IRQHandler                           0x08000285   Thumb Code    64  lightsensor.o(i.ADC_IRQHandler)
    BusFault_Handler                         0x080002d1   Thumb Code     4  stm32f4xx_it.o(i.BusFault_Handler)
    DMA2_Stream1_IRQHandler                  0x080002d5   Thumb Code    28  wifi.o(i.DMA2_Stream1_IRQHandler)
    DMA2_Stream5_IRQHandler                  0x080002fd   Thumb Code    28  zigbee.o(i.DMA2_Stream5_IRQHandler)
    DMA2_Stream6_IRQHandler                  0x08000325   Thumb Code    28  wifi.o(i.DMA2_Stream6_IRQHandler)
    DMA2_Stream7_IRQHandler                  0x0800034d   Thumb Code    28  zigbee.o(i.DMA2_Stream7_IRQHandler)
    DMA_ClearITPendingBit                    0x08000375   Thumb Code    38  stm32f4xx_dma.o(i.DMA_ClearITPendingBit)
    DMA_Cmd                                  0x080003a9   Thumb Code    22  stm32f4xx_dma.o(i.DMA_Cmd)
    DMA_GetCurrDataCounter                   0x080003bf   Thumb Code     8  stm32f4xx_dma.o(i.DMA_GetCurrDataCounter)
    DMA_GetITStatus                          0x080003c9   Thumb Code    82  stm32f4xx_dma.o(i.DMA_GetITStatus)
    DebugMon_Handler                         0x0800042d   Thumb Code     2  stm32f4xx_it.o(i.DebugMon_Handler)
    Delay_ms                                 0x08000431   Thumb Code    68  delay.o(i.Delay_ms)
    Delay_us                                 0x08000479   Thumb Code    66  delay.o(i.Delay_us)
    Display_Clear                            0x080004c5   Thumb Code    64  display.o(i.Display_Clear)
    Display_DrawBMP                          0x08000505   Thumb Code    84  display.o(i.Display_DrawBMP)
    Display_HardwareInit                     0x08000559   Thumb Code    96  display.o(i.Display_HardwareInit)
    Display_Init                             0x080005bd   Thumb Code   224  display.o(i.Display_Init)
    Display_SetPosition                      0x0800069d   Thumb Code    42  display.o(i.Display_SetPosition)
    EXTI9_5_IRQHandler                       0x080006c9   Thumb Code    48  button.o(i.EXTI9_5_IRQHandler)
    EXTI_ClearITPendingBit                   0x08000701   Thumb Code     6  stm32f4xx_exti.o(i.EXTI_ClearITPendingBit)
    EXTI_GetITStatus                         0x0800070d   Thumb Code    20  stm32f4xx_exti.o(i.EXTI_GetITStatus)
    GPIO_Init                                0x08000725   Thumb Code   144  stm32f4xx_gpio.o(i.GPIO_Init)
    GPIO_ReadInputDataBit                    0x080007b5   Thumb Code    18  stm32f4xx_gpio.o(i.GPIO_ReadInputDataBit)
    GPIO_ResetBits                           0x080007c7   Thumb Code     4  stm32f4xx_gpio.o(i.GPIO_ResetBits)
    GPIO_SetBits                             0x080007cb   Thumb Code     4  stm32f4xx_gpio.o(i.GPIO_SetBits)
    HardFault_Handler                        0x080007cf   Thumb Code     4  stm32f4xx_it.o(i.HardFault_Handler)
    I2C_CheckACK                             0x080007d5   Thumb Code    74  display.o(i.I2C_CheckACK)
    I2C_Start                                0x08000825   Thumb Code    48  display.o(i.I2C_Start)
    I2C_Stop                                 0x08000859   Thumb Code    48  display.o(i.I2C_Stop)
    I2C_TransmitByte                         0x0800088d   Thumb Code    88  display.o(i.I2C_TransmitByte)
    I2C_TransmitDataCommand                  0x080008e9   Thumb Code    76  display.o(i.I2C_TransmitDataCommand)
    MemManage_Handler                        0x08000935   Thumb Code     4  stm32f4xx_it.o(i.MemManage_Handler)
    NMI_Handler                              0x08000939   Thumb Code     2  stm32f4xx_it.o(i.NMI_Handler)
    NVIC_PriorityGroupConfig                 0x0800093d   Thumb Code    10  misc.o(i.NVIC_PriorityGroupConfig)
    PendSV_Handler                           0x08000951   Thumb Code     2  stm32f4xx_it.o(i.PendSV_Handler)
    RCC_AHB1PeriphClockCmd                   0x08000955   Thumb Code    26  stm32f4xx_rcc.o(i.RCC_AHB1PeriphClockCmd)
    SVC_Handler                              0x08000975   Thumb Code     2  stm32f4xx_it.o(i.SVC_Handler)
    SysTick_Handler                          0x08000a61   Thumb Code     2  stm32f4xx_it.o(i.SysTick_Handler)
    SystemInit                               0x08000a65   Thumb Code    88  system_stm32f4xx.o(i.SystemInit)
    TIM3_IRQHandler                          0x08000acd   Thumb Code    54  button.o(i.TIM3_IRQHandler)
    TIM4_IRQHandler                          0x08000b15   Thumb Code    54  button.o(i.TIM4_IRQHandler)
    TIM_ClearITPendingBit                    0x08000b5d   Thumb Code     6  stm32f4xx_tim.o(i.TIM_ClearITPendingBit)
    TIM_Cmd                                  0x08000b63   Thumb Code    24  stm32f4xx_tim.o(i.TIM_Cmd)
    TIM_GetITStatus                          0x08000b7b   Thumb Code    34  stm32f4xx_tim.o(i.TIM_GetITStatus)
    TIM_SetCounter                           0x08000b9d   Thumb Code     4  stm32f4xx_tim.o(i.TIM_SetCounter)
    USART1_IRQHandler                        0x08000ba1   Thumb Code    50  zigbee.o(i.USART1_IRQHandler)
    USART6_IRQHandler                        0x08000be1   Thumb Code    50  wifi.o(i.USART6_IRQHandler)
    USART_GetFlagStatus                      0x08000c21   Thumb Code    26  stm32f4xx_usart.o(i.USART_GetFlagStatus)
    USART_GetITStatus                        0x08000c3b   Thumb Code    84  stm32f4xx_usart.o(i.USART_GetITStatus)
    USART_ReceiveData                        0x08000c8f   Thumb Code    10  stm32f4xx_usart.o(i.USART_ReceiveData)
    USART_SendData                           0x08000c99   Thumb Code     8  stm32f4xx_usart.o(i.USART_SendData)
    USART_TestSendData                       0x08000ca1   Thumb Code    28  main.o(i.USART_TestSendData)
    UsageFault_Handler                       0x08000cc1   Thumb Code     4  stm32f4xx_it.o(i.UsageFault_Handler)
    __0printf$bare                           0x08000cc5   Thumb Code     8  printfb.o(i.__0printf$bare)
    __1printf$bare                           0x08000cc5   Thumb Code     0  printfb.o(i.__0printf$bare)
    __2printf                                0x08000cc5   Thumb Code     0  printfb.o(i.__0printf$bare)
    __scatterload_copy                       0x08000cd5   Thumb Code    14  handlers.o(i.__scatterload_copy)
    __scatterload_null                       0x08000ce3   Thumb Code     2  handlers.o(i.__scatterload_null)
    __scatterload_zeroinit                   0x08000ce5   Thumb Code    14  handlers.o(i.__scatterload_zeroinit)
    fputc                                    0x08000d15   Thumb Code    16  main.o(i.fputc)
    main                                     0x08000d25   Thumb Code    56  main.o(i.main)
    Region$$Table$$Base                      0x08000d60   Number         0  anon$$obj.o(Region$$Table)
    Region$$Table$$Limit                     0x08000d80   Number         0  anon$$obj.o(Region$$Table)
    SystemCoreClock                          0x20000000   Data           4  system_stm32f4xx.o(.data)
    AHBPrescTable                            0x20000004   Data          16  system_stm32f4xx.o(.data)
    BMP1                                     0x20000014   Data        1024  main.o(.data)
    Threshold                                0x20000414   Data           4  lightsensor.o(.data)
    ConvertRatio                             0x20000418   Data           4  lightsensor.o(.data)
    ZigBeeStringReceive_Flag                 0x2000041e   Data           1  zigbee.o(.data)
    ZigBeeStringTransmit_Flag                0x2000041f   Data           1  zigbee.o(.data)
    ZigBeeDataLength                         0x20000420   Data           2  zigbee.o(.data)
    WiFiStringReceive_Flag                   0x20000422   Data           1  wifi.o(.data)
    WiFiStringTransmit_Flag                  0x20000423   Data           1  wifi.o(.data)
    WiFiDataLength                           0x20000424   Data           2  wifi.o(.data)
    __stdout                                 0x20000428   Data           4  stdout.o(.data)
    Data                                     0x2000042c   Data          20  lightsensor.o(.bss)
    __initial_sp                             0x20000840   Data           0  startup_stm32f401xx.o(STACK)



==============================================================================

Memory Map of the image

  Image Entry point : 0x08000195

  Load Region LR_IROM1 (Base: 0x08000000, Size: 0x000011ac, Max: 0x00080000, ABSOLUTE, COMPRESSED[0x00000e80])

    Execution Region ER_IROM1 (Exec base: 0x08000000, Load base: 0x08000000, Size: 0x00000d80, Max: 0x00080000, ABSOLUTE)

    Exec Addr    Load Addr    Size         Type   Attr      Idx    E Section Name        Object

    0x08000000   0x08000000   0x00000194   Data   RO          126    RESET               startup_stm32f401xx.o
    0x08000194   0x08000194   0x00000000   Code   RO         5769  * .ARM.Collect$$$$00000000  mc_w.l(entry.o)
    0x08000194   0x08000194   0x00000004   Code   RO         6036    .ARM.Collect$$$$00000001  mc_w.l(entry2.o)
    0x08000198   0x08000198   0x00000004   Code   RO         6039    .ARM.Collect$$$$00000004  mc_w.l(entry5.o)
    0x0800019c   0x0800019c   0x00000000   Code   RO         6041    .ARM.Collect$$$$00000008  mc_w.l(entry7b.o)
    0x0800019c   0x0800019c   0x00000000   Code   RO         6043    .ARM.Collect$$$$0000000A  mc_w.l(entry8b.o)
    0x0800019c   0x0800019c   0x00000008   Code   RO         6044    .ARM.Collect$$$$0000000B  mc_w.l(entry9a.o)
    0x080001a4   0x080001a4   0x00000004   Code   RO         6051    .ARM.Collect$$$$0000000E  mc_w.l(entry12b.o)
    0x080001a8   0x080001a8   0x00000000   Code   RO         6046    .ARM.Collect$$$$0000000F  mc_w.l(entry10a.o)
    0x080001a8   0x080001a8   0x00000000   Code   RO         6048    .ARM.Collect$$$$00000011  mc_w.l(entry11a.o)
    0x080001a8   0x080001a8   0x00000004   Code   RO         6037    .ARM.Collect$$$$00002712  mc_w.l(entry2.o)
    0x080001ac   0x080001ac   0x00000024   Code   RO          127    .text               startup_stm32f401xx.o
    0x080001d0   0x080001d0   0x00000024   Code   RO         6066    .text               mc_w.l(init.o)
    0x080001f4   0x080001f4   0x00000056   Code   RO         6084    .text               mc_w.l(__dczerorl2.o)
    0x0800024a   0x0800024a   0x0000000a   Code   RO          302    i.ADC_ClearITPendingBit  stm32f4xx_adc.o
    0x08000254   0x08000254   0x00000008   Code   RO          315    i.ADC_GetConversionValue  stm32f4xx_adc.o
    0x0800025c   0x0800025c   0x00000026   Code   RO          317    i.ADC_GetITStatus   stm32f4xx_adc.o
    0x08000282   0x08000282   0x00000002   PAD
    0x08000284   0x08000284   0x0000004c   Code   RO         5279    i.ADC_IRQHandler    lightsensor.o
    0x080002d0   0x080002d0   0x00000004   Code   RO          134    i.BusFault_Handler  stm32f4xx_it.o
    0x080002d4   0x080002d4   0x00000028   Code   RO         5505    i.DMA2_Stream1_IRQHandler  wifi.o
    0x080002fc   0x080002fc   0x00000028   Code   RO         5418    i.DMA2_Stream5_IRQHandler  zigbee.o
    0x08000324   0x08000324   0x00000028   Code   RO         5506    i.DMA2_Stream6_IRQHandler  wifi.o
    0x0800034c   0x0800034c   0x00000028   Code   RO         5419    i.DMA2_Stream7_IRQHandler  zigbee.o
    0x08000374   0x08000374   0x00000034   Code   RO         1335    i.DMA_ClearITPendingBit  stm32f4xx_dma.o
    0x080003a8   0x080003a8   0x00000016   Code   RO         1336    i.DMA_Cmd           stm32f4xx_dma.o
    0x080003be   0x080003be   0x00000008   Code   RO         1342    i.DMA_GetCurrDataCounter  stm32f4xx_dma.o
    0x080003c6   0x080003c6   0x00000002   PAD
    0x080003c8   0x080003c8   0x00000064   Code   RO         1346    i.DMA_GetITStatus   stm32f4xx_dma.o
    0x0800042c   0x0800042c   0x00000002   Code   RO          135    i.DebugMon_Handler  stm32f4xx_it.o
    0x0800042e   0x0800042e   0x00000002   PAD
    0x08000430   0x08000430   0x00000048   Code   RO         5120    i.Delay_ms          delay.o
    0x08000478   0x08000478   0x0000004c   Code   RO         5121    i.Delay_us          delay.o
    0x080004c4   0x080004c4   0x00000040   Code   RO         5658    i.Display_Clear     display.o
    0x08000504   0x08000504   0x00000054   Code   RO         5659    i.Display_DrawBMP   display.o
    0x08000558   0x08000558   0x00000064   Code   RO         5660    i.Display_HardwareInit  display.o
    0x080005bc   0x080005bc   0x000000e0   Code   RO         5661    i.Display_Init      display.o
    0x0800069c   0x0800069c   0x0000002a   Code   RO         5665    i.Display_SetPosition  display.o
    0x080006c6   0x080006c6   0x00000002   PAD
    0x080006c8   0x080006c8   0x00000038   Code   RO         5151    i.EXTI9_5_IRQHandler  button.o
    0x08000700   0x08000700   0x0000000c   Code   RO         1623    i.EXTI_ClearITPendingBit  stm32f4xx_exti.o
    0x0800070c   0x0800070c   0x00000018   Code   RO         1627    i.EXTI_GetITStatus  stm32f4xx_exti.o
    0x08000724   0x08000724   0x00000090   Code   RO         2001    i.GPIO_Init         stm32f4xx_gpio.o
    0x080007b4   0x080007b4   0x00000012   Code   RO         2005    i.GPIO_ReadInputDataBit  stm32f4xx_gpio.o
    0x080007c6   0x080007c6   0x00000004   Code   RO         2008    i.GPIO_ResetBits    stm32f4xx_gpio.o
    0x080007ca   0x080007ca   0x00000004   Code   RO         2009    i.GPIO_SetBits      stm32f4xx_gpio.o
    0x080007ce   0x080007ce   0x00000004   Code   RO          136    i.HardFault_Handler  stm32f4xx_it.o
    0x080007d2   0x080007d2   0x00000002   PAD
    0x080007d4   0x080007d4   0x00000050   Code   RO         5668    i.I2C_CheckACK      display.o
    0x08000824   0x08000824   0x00000034   Code   RO         5669    i.I2C_Start         display.o
    0x08000858   0x08000858   0x00000034   Code   RO         5670    i.I2C_Stop          display.o
    0x0800088c   0x0800088c   0x0000005c   Code   RO         5671    i.I2C_TransmitByte  display.o
    0x080008e8   0x080008e8   0x0000004c   Code   RO         5672    i.I2C_TransmitDataCommand  display.o
    0x08000934   0x08000934   0x00000004   Code   RO          137    i.MemManage_Handler  stm32f4xx_it.o
    0x08000938   0x08000938   0x00000002   Code   RO          138    i.NMI_Handler       stm32f4xx_it.o
    0x0800093a   0x0800093a   0x00000002   PAD
    0x0800093c   0x0800093c   0x00000014   Code   RO          250    i.NVIC_PriorityGroupConfig  misc.o
    0x08000950   0x08000950   0x00000002   Code   RO          139    i.PendSV_Handler    stm32f4xx_it.o
    0x08000952   0x08000952   0x00000002   PAD
    0x08000954   0x08000954   0x00000020   Code   RO         3492    i.RCC_AHB1PeriphClockCmd  stm32f4xx_rcc.o
    0x08000974   0x08000974   0x00000002   Code   RO          140    i.SVC_Handler       stm32f4xx_it.o
    0x08000976   0x08000976   0x00000002   PAD
    0x08000978   0x08000978   0x000000e8   Code   RO            4    i.SetSysClock       system_stm32f4xx.o
    0x08000a60   0x08000a60   0x00000002   Code   RO          141    i.SysTick_Handler   stm32f4xx_it.o
    0x08000a62   0x08000a62   0x00000002   PAD
    0x08000a64   0x08000a64   0x00000068   Code   RO            6    i.SystemInit        system_stm32f4xx.o
    0x08000acc   0x08000acc   0x00000048   Code   RO         5152    i.TIM3_IRQHandler   button.o
    0x08000b14   0x08000b14   0x00000048   Code   RO         5154    i.TIM4_IRQHandler   button.o
    0x08000b5c   0x08000b5c   0x00000006   Code   RO         4258    i.TIM_ClearITPendingBit  stm32f4xx_tim.o
    0x08000b62   0x08000b62   0x00000018   Code   RO         4263    i.TIM_Cmd           stm32f4xx_tim.o
    0x08000b7a   0x08000b7a   0x00000022   Code   RO         4284    i.TIM_GetITStatus   stm32f4xx_tim.o
    0x08000b9c   0x08000b9c   0x00000004   Code   RO         4329    i.TIM_SetCounter    stm32f4xx_tim.o
    0x08000ba0   0x08000ba0   0x00000040   Code   RO         5422    i.USART1_IRQHandler  zigbee.o
    0x08000be0   0x08000be0   0x00000040   Code   RO         5509    i.USART6_IRQHandler  wifi.o
    0x08000c20   0x08000c20   0x0000001a   Code   RO         4820    i.USART_GetFlagStatus  stm32f4xx_usart.o
    0x08000c3a   0x08000c3a   0x00000054   Code   RO         4821    i.USART_GetITStatus  stm32f4xx_usart.o
    0x08000c8e   0x08000c8e   0x0000000a   Code   RO         4831    i.USART_ReceiveData  stm32f4xx_usart.o
    0x08000c98   0x08000c98   0x00000008   Code   RO         4834    i.USART_SendData    stm32f4xx_usart.o
    0x08000ca0   0x08000ca0   0x00000020   Code   RO         5072    i.USART_TestSendData  main.o
    0x08000cc0   0x08000cc0   0x00000004   Code   RO          142    i.UsageFault_Handler  stm32f4xx_it.o
    0x08000cc4   0x08000cc4   0x00000010   Code   RO         5773    i.__0printf$bare    mc_w.l(printfb.o)
    0x08000cd4   0x08000cd4   0x0000000e   Code   RO         6078    i.__scatterload_copy  mc_w.l(handlers.o)
    0x08000ce2   0x08000ce2   0x00000002   Code   RO         6079    i.__scatterload_null  mc_w.l(handlers.o)
    0x08000ce4   0x08000ce4   0x0000000e   Code   RO         6080    i.__scatterload_zeroinit  mc_w.l(handlers.o)
    0x08000cf2   0x08000cf2   0x00000022   Code   RO         5780    i._printf_core      mc_w.l(printfb.o)
    0x08000d14   0x08000d14   0x00000010   Code   RO         5073    i.fputc             main.o
    0x08000d24   0x08000d24   0x0000003c   Code   RO         5074    i.main              main.o
    0x08000d60   0x08000d60   0x00000020   Data   RO         6076    Region$$Table       anon$$obj.o


    Execution Region RW_IRAM1 (Exec base: 0x20000000, Load base: 0x08000d80, Size: 0x00000840, Max: 0x00018000, ABSOLUTE, COMPRESSED[0x00000100])

    Exec Addr    Load Addr    Size         Type   Attr      Idx    E Section Name        Object

    0x20000000   COMPRESSED   0x00000014   Data   RW            7    .data               system_stm32f4xx.o
    0x20000014   COMPRESSED   0x00000400   Data   RW         5075    .data               main.o
    0x20000414   COMPRESSED   0x00000009   Data   RW         5284    .data               lightsensor.o
    0x2000041d   COMPRESSED   0x00000001   PAD
    0x2000041e   COMPRESSED   0x00000004   Data   RW         5429    .data               zigbee.o
    0x20000422   COMPRESSED   0x00000004   Data   RW         5516    .data               wifi.o
    0x20000426   COMPRESSED   0x00000002   PAD
    0x20000428   COMPRESSED   0x00000004   Data   RW         6052    .data               mc_w.l(stdout.o)
    0x2000042c        -       0x00000014   Zero   RW         5283    .bss                lightsensor.o
    0x20000440        -       0x00000400   Zero   RW          124    STACK               startup_stm32f401xx.o


==============================================================================

Image component sizes


      Code (inc. data)   RO Data    RW Data    ZI Data      Debug   Object Name

       200         44          0          0          0       1633   button.o
       148         14          0          0          0       1142   delay.o
       866         22          0          0          0       7605   display.o
        76         12          0          9         20       1371   lightsensor.o
       108          8          0       1024          0       3483   main.o
        20         10          0          0          0        555   misc.o
        36          8        404          0       1024        856   startup_stm32f401xx.o
        56          0          0          0          0       3087   stm32f4xx_adc.o
       182         32          0          0          0       3837   stm32f4xx_dma.o
        36         10          0          0          0       1184   stm32f4xx_exti.o
       170          0          0          0          0       2944   stm32f4xx_gpio.o
        26          0          0          0          0       4410   stm32f4xx_it.o
        32          6          0          0          0        613   stm32f4xx_rcc.o
        68          0          0          0          0       3045   stm32f4xx_tim.o
       128          0          0          0          0       3319   stm32f4xx_usart.o
       336         32          0         20          0     272017   system_stm32f4xx.o
       144         38          0          4          0       2048   wifi.o
       144         38          0          4          0       2070   zigbee.o

    ----------------------------------------------------------------------
      2794        274        436       1064       1044     315219   Object Totals
         0          0         32          0          0          0   (incl. Generated)
        18          0          0          3          0          0   (incl. Padding)

    ----------------------------------------------------------------------

      Code (inc. data)   RO Data    RW Data    ZI Data      Debug   Library Member Name

        86          0          0          0          0          0   __dczerorl2.o
         0          0          0          0          0          0   entry.o
         0          0          0          0          0          0   entry10a.o
         0          0          0          0          0          0   entry11a.o
         4          0          0          0          0          0   entry12b.o
         8          4          0          0          0          0   entry2.o
         4          0          0          0          0          0   entry5.o
         0          0          0          0          0          0   entry7b.o
         0          0          0          0          0          0   entry8b.o
         8          4          0          0          0          0   entry9a.o
        30          0          0          0          0          0   handlers.o
        36          8          0          0          0         68   init.o
        50          8          0          0          0        152   printfb.o
         0          0          0          4          0          0   stdout.o

    ----------------------------------------------------------------------
       226         24          0          4          0        220   Library Totals
         0          0          0          0          0          0   (incl. Padding)

    ----------------------------------------------------------------------

      Code (inc. data)   RO Data    RW Data    ZI Data      Debug   Library Name

       226         24          0          4          0        220   mc_w.l

    ----------------------------------------------------------------------
       226         24          0          4          0        220   Library Totals

    ----------------------------------------------------------------------

==============================================================================


      Code (inc. data)   RO Data    RW Data    ZI Data      Debug   

      3020        298        436       1068       1044     310271   Grand Totals
      3020        298        436        256       1044     310271   ELF Image Totals (compressed)
      3020        298        436        256          0          0   ROM Totals

==============================================================================

    Total RO  Size (Code + RO Data)                 3456 (   3.38kB)
    Total RW  Size (RW Data + ZI Data)              2112 (   2.06kB)
    Total ROM Size (Code + RO Data + RW Data)       3712 (   3.63kB)

==============================================================================

