Component: ARM Compiler 5.06 update 7 (build 960) Tool: armlink [4d3601]

==============================================================================

Section Cross References

    system_stm32f4xx.o(i.SystemCoreClockUpdate) refers to system_stm32f4xx.o(.data) for SystemCoreClock
    system_stm32f4xx.o(i.SystemInit) refers to system_stm32f4xx.o(i.SetSysClock) for SetSysClock
    startup_stm32f401xx.o(RESET) refers to startup_stm32f401xx.o(STACK) for __initial_sp
    startup_stm32f401xx.o(RESET) refers to startup_stm32f401xx.o(.text) for Reset_Handler
    startup_stm32f401xx.o(RESET) refers to stm32f4xx_it.o(i.NMI_Handler) for NMI_Handler
    startup_stm32f401xx.o(RESET) refers to stm32f4xx_it.o(i.HardFault_Handler) for HardFault_Handler
    startup_stm32f401xx.o(RESET) refers to stm32f4xx_it.o(i.MemManage_Handler) for MemManage_Handler
    startup_stm32f401xx.o(RESET) refers to stm32f4xx_it.o(i.BusFault_Handler) for BusFault_Handler
    startup_stm32f401xx.o(RESET) refers to stm32f4xx_it.o(i.UsageFault_Handler) for UsageFault_Handler
    startup_stm32f401xx.o(RESET) refers to stm32f4xx_it.o(i.SVC_Handler) for SVC_Handler
    startup_stm32f401xx.o(RESET) refers to stm32f4xx_it.o(i.DebugMon_Handler) for DebugMon_Handler
    startup_stm32f401xx.o(RESET) refers to stm32f4xx_it.o(i.PendSV_Handler) for PendSV_Handler
    startup_stm32f401xx.o(RESET) refers to stm32f4xx_it.o(i.SysTick_Handler) for SysTick_Handler
    startup_stm32f401xx.o(RESET) refers to lightsensor.o(i.ADC_IRQHandler) for ADC_IRQHandler
    startup_stm32f401xx.o(RESET) refers to button.o(i.EXTI9_5_IRQHandler) for EXTI9_5_IRQHandler
    startup_stm32f401xx.o(RESET) refers to button.o(i.TIM3_IRQHandler) for TIM3_IRQHandler
    startup_stm32f401xx.o(RESET) refers to button.o(i.TIM4_IRQHandler) for TIM4_IRQHandler
    startup_stm32f401xx.o(RESET) refers to zigbee.o(i.USART1_IRQHandler) for USART1_IRQHandler
    startup_stm32f401xx.o(RESET) refers to wifi.o(i.DMA2_Stream1_IRQHandler) for DMA2_Stream1_IRQHandler
    startup_stm32f401xx.o(RESET) refers to zigbee.o(i.DMA2_Stream5_IRQHandler) for DMA2_Stream5_IRQHandler
    startup_stm32f401xx.o(RESET) refers to wifi.o(i.DMA2_Stream6_IRQHandler) for DMA2_Stream6_IRQHandler
    startup_stm32f401xx.o(RESET) refers to zigbee.o(i.DMA2_Stream7_IRQHandler) for DMA2_Stream7_IRQHandler
    startup_stm32f401xx.o(RESET) refers to wifi.o(i.USART6_IRQHandler) for USART6_IRQHandler
    startup_stm32f401xx.o(.text) refers to system_stm32f4xx.o(i.SystemInit) for SystemInit
    startup_stm32f401xx.o(.text) refers to entry.o(.ARM.Collect$$$$00000000) for __main
    stm32f4xx_adc.o(i.ADC_DeInit) refers to stm32f4xx_rcc.o(i.RCC_APB2PeriphResetCmd) for RCC_APB2PeriphResetCmd
    stm32f4xx_can.o(i.CAN_DeInit) refers to stm32f4xx_rcc.o(i.RCC_APB1PeriphResetCmd) for RCC_APB1PeriphResetCmd
    stm32f4xx_can.o(i.CAN_GetITStatus) refers to stm32f4xx_can.o(i.CheckITStatus) for CheckITStatus
    stm32f4xx_cryp.o(i.CRYP_DeInit) refers to stm32f4xx_rcc.o(i.RCC_AHB2PeriphResetCmd) for RCC_AHB2PeriphResetCmd
    stm32f4xx_cryp_aes.o(i.CRYP_AES_CBC) refers to stm32f4xx_cryp.o(i.CRYP_KeyStructInit) for CRYP_KeyStructInit
    stm32f4xx_cryp_aes.o(i.CRYP_AES_CBC) refers to stm32f4xx_cryp.o(i.CRYP_FIFOFlush) for CRYP_FIFOFlush
    stm32f4xx_cryp_aes.o(i.CRYP_AES_CBC) refers to stm32f4xx_cryp.o(i.CRYP_Init) for CRYP_Init
    stm32f4xx_cryp_aes.o(i.CRYP_AES_CBC) refers to stm32f4xx_cryp.o(i.CRYP_KeyInit) for CRYP_KeyInit
    stm32f4xx_cryp_aes.o(i.CRYP_AES_CBC) refers to stm32f4xx_cryp.o(i.CRYP_Cmd) for CRYP_Cmd
    stm32f4xx_cryp_aes.o(i.CRYP_AES_CBC) refers to stm32f4xx_cryp.o(i.CRYP_GetFlagStatus) for CRYP_GetFlagStatus
    stm32f4xx_cryp_aes.o(i.CRYP_AES_CBC) refers to stm32f4xx_cryp.o(i.CRYP_IVInit) for CRYP_IVInit
    stm32f4xx_cryp_aes.o(i.CRYP_AES_CBC) refers to stm32f4xx_cryp.o(i.CRYP_GetCmdStatus) for CRYP_GetCmdStatus
    stm32f4xx_cryp_aes.o(i.CRYP_AES_CBC) refers to stm32f4xx_cryp.o(i.CRYP_DataIn) for CRYP_DataIn
    stm32f4xx_cryp_aes.o(i.CRYP_AES_CBC) refers to stm32f4xx_cryp.o(i.CRYP_DataOut) for CRYP_DataOut
    stm32f4xx_cryp_aes.o(i.CRYP_AES_CCM) refers to stm32f4xx_cryp.o(i.CRYP_KeyStructInit) for CRYP_KeyStructInit
    stm32f4xx_cryp_aes.o(i.CRYP_AES_CCM) refers to stm32f4xx_cryp.o(i.CRYP_FIFOFlush) for CRYP_FIFOFlush
    stm32f4xx_cryp_aes.o(i.CRYP_AES_CCM) refers to stm32f4xx_cryp.o(i.CRYP_KeyInit) for CRYP_KeyInit
    stm32f4xx_cryp_aes.o(i.CRYP_AES_CCM) refers to stm32f4xx_cryp.o(i.CRYP_IVInit) for CRYP_IVInit
    stm32f4xx_cryp_aes.o(i.CRYP_AES_CCM) refers to stm32f4xx_cryp.o(i.CRYP_Init) for CRYP_Init
    stm32f4xx_cryp_aes.o(i.CRYP_AES_CCM) refers to stm32f4xx_cryp.o(i.CRYP_PhaseConfig) for CRYP_PhaseConfig
    stm32f4xx_cryp_aes.o(i.CRYP_AES_CCM) refers to stm32f4xx_cryp.o(i.CRYP_DataIn) for CRYP_DataIn
    stm32f4xx_cryp_aes.o(i.CRYP_AES_CCM) refers to stm32f4xx_cryp.o(i.CRYP_Cmd) for CRYP_Cmd
    stm32f4xx_cryp_aes.o(i.CRYP_AES_CCM) refers to stm32f4xx_cryp.o(i.CRYP_GetCmdStatus) for CRYP_GetCmdStatus
[...]
    Removing stm32f4xx_rcc.o(i.RCC_APB1PeriphResetCmd), (32 bytes).
    Removing stm32f4xx_rcc.o(i.RCC_APB2PeriphClockLPModeCmd), (32 bytes).
    Removing stm32f4xx_rcc.o(i.RCC_APB2PeriphResetCmd), (32 bytes).
    Removing stm32f4xx_rcc.o(i.RCC_AdjustHSICalibrationValue), (24 bytes).
    Removing stm32f4xx_rcc.o(i.RCC_BackupResetCmd), (12 bytes).
    Removing stm32f4xx_rcc.o(i.RCC_ClearFlag), (20 bytes).
    Removing stm32f4xx_rcc.o(i.RCC_ClearITPendingBit), (12 bytes).
    Removing stm32f4xx_rcc.o(i.RCC_ClockSecuritySystemCmd), (12 bytes).
    Removing stm32f4xx_rcc.o(i.RCC_DeInit), (92 bytes).
    Removing stm32f4xx_rcc.o(i.RCC_GetFlagStatus), (64 bytes).
    Removing stm32f4xx_rcc.o(i.RCC_GetITStatus), (24 bytes).
    Removing stm32f4xx_rcc.o(i.RCC_GetSYSCLKSource), (16 bytes).
    Removing stm32f4xx_rcc.o(i.RCC_HCLKConfig), (24 bytes).
    Removing stm32f4xx_rcc.o(i.RCC_HSEConfig), (16 bytes).
    Removing stm32f4xx_rcc.o(i.RCC_HSICmd), (12 bytes).
    Removing stm32f4xx_rcc.o(i.RCC_I2SCLKConfig), (12 bytes).
    Removing stm32f4xx_rcc.o(i.RCC_ITConfig), (32 bytes).
    Removing stm32f4xx_rcc.o(i.RCC_LSEConfig), (44 bytes).
    Removing stm32f4xx_rcc.o(i.RCC_LSEModeConfig), (36 bytes).
    Removing stm32f4xx_rcc.o(i.RCC_LSICmd), (12 bytes).
    Removing stm32f4xx_rcc.o(i.RCC_LTDCCLKDivConfig), (24 bytes).
    Removing stm32f4xx_rcc.o(i.RCC_MCO1Config), (28 bytes).
    Removing stm32f4xx_rcc.o(i.RCC_MCO2Config), (28 bytes).
    Removing stm32f4xx_rcc.o(i.RCC_PCLK1Config), (24 bytes).
    Removing stm32f4xx_rcc.o(i.RCC_PCLK2Config), (24 bytes).
    Removing stm32f4xx_rcc.o(i.RCC_PLLCmd), (12 bytes).
    Removing stm32f4xx_rcc.o(i.RCC_PLLConfig), (36 bytes).
    Removing stm32f4xx_rcc.o(i.RCC_PLLI2SCmd), (12 bytes).
    Removing stm32f4xx_rcc.o(i.RCC_PLLI2SConfig), (16 bytes).
    Removing stm32f4xx_rcc.o(i.RCC_PLLSAICmd), (12 bytes).
    Removing stm32f4xx_rcc.o(i.RCC_PLLSAIConfig), (24 bytes).
    Removing stm32f4xx_rcc.o(i.RCC_RTCCLKCmd), (12 bytes).
    Removing stm32f4xx_rcc.o(i.RCC_RTCCLKConfig), (60 bytes).
    Removing stm32f4xx_rcc.o(i.RCC_SAIPLLI2SClkDivConfig), (28 bytes).
    Removing stm32f4xx_rcc.o(i.RCC_SAIPLLSAIClkDivConfig), (28 bytes).
    Removing stm32f4xx_rcc.o(i.RCC_SYSCLKConfig), (24 bytes).
    Removing stm32f4xx_rcc.o(i.RCC_TIMCLKPresConfig), (12 bytes).
    Removing stm32f4xx_rcc.o(i.RCC_WaitForHSEStartUp), (56 bytes).
    Removing stm32f4xx_sdio.o(.rev16_text), (4 bytes).
    Removing stm32f4xx_sdio.o(.revsh_text), (4 bytes).
    Removing stm32f4xx_sdio.o(.rrx_text), (6 bytes).
    Removing stm32f4xx_sdio.o(i.SDIO_CEATAITCmd), (16 bytes).
    Removing stm32f4xx_sdio.o(i.SDIO_ClearFlag), (12 bytes).
    Removing stm32f4xx_sdio.o(i.SDIO_ClearITPendingBit), (12 bytes).
    Removing stm32f4xx_sdio.o(i.SDIO_ClockCmd), (12 bytes).
    Removing stm32f4xx_sdio.o(i.SDIO_CmdStructInit), (14 bytes).
    Removing stm32f4xx_sdio.o(i.SDIO_CommandCompletionCmd), (12 bytes).
    Removing stm32f4xx_sdio.o(i.SDIO_DMACmd), (12 bytes).
    Removing stm32f4xx_sdio.o(i.SDIO_DataConfig), (52 bytes).
    Removing stm32f4xx_sdio.o(i.SDIO_DataStructInit), (20 bytes).
    Removing stm32f4xx_sdio.o(i.SDIO_DeInit), (22 bytes).
    Removing stm32f4xx_sdio.o(i.SDIO_GetCommandResponse), (12 bytes).
    Removing stm32f4xx_sdio.o(i.SDIO_GetDataCounter), (12 bytes).
    Removing stm32f4xx_sdio.o(i.SDIO_GetFIFOCount), (12 bytes).
    Removing stm32f4xx_sdio.o(i.SDIO_GetFlagStatus), (24 bytes).
    Removing stm32f4xx_sdio.o(i.SDIO_GetITStatus), (24 bytes).
    Removing stm32f4xx_sdio.o(i.SDIO_GetPowerState), (16 bytes).
    Removing stm32f4xx_sdio.o(i.SDIO_GetResponse), (24 bytes).
    Removing stm32f4xx_sdio.o(i.SDIO_ITConfig), (32 bytes).
    Removing stm32f4xx_sdio.o(i.SDIO_Init), (48 bytes).
    Removing stm32f4xx_sdio.o(i.SDIO_ReadData), (12 bytes).
    Removing stm32f4xx_sdio.o(i.SDIO_SendCEATACmd), (12 bytes).
    Removing stm32f4xx_sdio.o(i.SDIO_SendCommand), (44 bytes).
    Removing stm32f4xx_sdio.o(i.SDIO_SendSDIOSuspendCmd), (12 bytes).
    Removing stm32f4xx_sdio.o(i.SDIO_SetPowerState), (12 bytes).
    Removing stm32f4xx_sdio.o(i.SDIO_SetSDIOOperation), (12 bytes).
    Removing stm32f4xx_sdio.o(i.SDIO_SetSDIOReadWaitMode), (12 bytes).
    Removing stm32f4xx_sdio.o(i.SDIO_StartSDIOReadWait), (12 bytes).
    Removing stm32f4xx_sdio.o(i.SDIO_StopSDIOReadWait), (12 bytes).
    Removing stm32f4xx_sdio.o(i.SDIO_StructInit), (16 bytes).
    Removing stm32f4xx_sdio.o(i.SDIO_WriteData), (12 bytes).
    Removing stm32f4xx_spdifrx.o(.rev16_text), (4 bytes).
    Removing stm32f4xx_spdifrx.o(.revsh_text), (4 bytes).
    Removing stm32f4xx_spdifrx.o(.rrx_text), (6 bytes).
    Removing stm32f4xx_spi.o(.rev16_text), (4 bytes).
    Removing stm32f4xx_spi.o(.revsh_text), (4 bytes).
    Removing stm32f4xx_spi.o(.rrx_text), (6 bytes).
    Removing stm32f4xx_spi.o(i.I2S_Cmd), (24 bytes).
    Removing stm32f4xx_spi.o(i.I2S_FullDuplexConfig), (80 bytes).
    Removing stm32f4xx_spi.o(i.I2S_Init), (408 bytes).
    Removing stm32f4xx_spi.o(i.I2S_StructInit), (20 bytes).
    Removing stm32f4xx_spi.o(i.SPI_BiDirectionalLineConfig), (28 bytes).
    Removing stm32f4xx_spi.o(i.SPI_CalculateCRC), (24 bytes).
    Removing stm32f4xx_spi.o(i.SPI_Cmd), (24 bytes).
    Removing stm32f4xx_spi.o(i.SPI_DataSizeConfig), (18 bytes).
    Removing stm32f4xx_spi.o(i.SPI_GetCRC), (16 bytes).
    Removing stm32f4xx_spi.o(i.SPI_GetCRCPolynomial), (6 bytes).
    Removing stm32f4xx_spi.o(i.SPI_I2S_ClearFlag), (6 bytes).
    Removing stm32f4xx_spi.o(i.SPI_I2S_ClearITPendingBit), (20 bytes).
    Removing stm32f4xx_spi.o(i.SPI_I2S_DMACmd), (18 bytes).
    Removing stm32f4xx_spi.o(i.SPI_I2S_DeInit), (176 bytes).
    Removing stm32f4xx_spi.o(i.SPI_I2S_GetFlagStatus), (18 bytes).
    Removing stm32f4xx_spi.o(i.SPI_I2S_GetITStatus), (52 bytes).
    Removing stm32f4xx_spi.o(i.SPI_I2S_ITConfig), (32 bytes).
    Removing stm32f4xx_spi.o(i.SPI_I2S_ReceiveData), (6 bytes).
    Removing stm32f4xx_spi.o(i.SPI_I2S_SendData), (4 bytes).
    Removing stm32f4xx_spi.o(i.SPI_Init), (60 bytes).
    Removing stm32f4xx_spi.o(i.SPI_NSSInternalSoftwareConfig), (30 bytes).
    Removing stm32f4xx_spi.o(i.SPI_SSOutputCmd), (24 bytes).
    Removing stm32f4xx_spi.o(i.SPI_StructInit), (24 bytes).
    Removing stm32f4xx_spi.o(i.SPI_TIModeCmd), (24 bytes).
    Removing stm32f4xx_spi.o(i.SPI_TransmitCRC), (10 bytes).
    Removing stm32f4xx_syscfg.o(.rev16_text), (4 bytes).
    Removing stm32f4xx_syscfg.o(.revsh_text), (4 bytes).
    Removing stm32f4xx_syscfg.o(.rrx_text), (6 bytes).
    Removing stm32f4xx_syscfg.o(i.SYSCFG_CompensationCellCmd), (12 bytes).
    Removing stm32f4xx_syscfg.o(i.SYSCFG_DeInit), (22 bytes).
    Removing stm32f4xx_syscfg.o(i.SYSCFG_ETH_MediaInterfaceConfig), (12 bytes).
    Removing stm32f4xx_syscfg.o(i.SYSCFG_EXTILineConfig), (64 bytes).
    Removing stm32f4xx_syscfg.o(i.SYSCFG_GetCompensationCellStatus), (24 bytes).
    Removing stm32f4xx_syscfg.o(i.SYSCFG_MemoryRemapConfig), (12 bytes).
    Removing stm32f4xx_syscfg.o(i.SYSCFG_MemorySwappingBank), (12 bytes).
    Removing stm32f4xx_tim.o(.rev16_text), (4 bytes).
    Removing stm32f4xx_tim.o(.revsh_text), (4 bytes).
    Removing stm32f4xx_tim.o(.rrx_text), (6 bytes).
    Removing stm32f4xx_tim.o(i.TI1_Config), (58 bytes).
    Removing stm32f4xx_tim.o(i.TI2_Config), (80 bytes).
    Removing stm32f4xx_tim.o(i.TI3_Config), (72 bytes).
    Removing stm32f4xx_tim.o(i.TI4_Config), (80 bytes).
    Removing stm32f4xx_tim.o(i.TIM_ARRPreloadConfig), (24 bytes).
    Removing stm32f4xx_tim.o(i.TIM_BDTRConfig), (32 bytes).
    Removing stm32f4xx_tim.o(i.TIM_BDTRStructInit), (18 bytes).
    Removing stm32f4xx_tim.o(i.TIM_CCPreloadControl), (24 bytes).
    Removing stm32f4xx_tim.o(i.TIM_CCxCmd), (30 bytes).
    Removing stm32f4xx_tim.o(i.TIM_CCxNCmd), (30 bytes).
    Removing stm32f4xx_tim.o(i.TIM_ClearFlag), (6 bytes).
    Removing stm32f4xx_tim.o(i.TIM_ClearOC1Ref), (18 bytes).
    Removing stm32f4xx_tim.o(i.TIM_ClearOC2Ref), (24 bytes).
    Removing stm32f4xx_tim.o(i.TIM_ClearOC3Ref), (18 bytes).
    Removing stm32f4xx_tim.o(i.TIM_ClearOC4Ref), (24 bytes).
    Removing stm32f4xx_tim.o(i.TIM_CounterModeConfig), (18 bytes).
    Removing stm32f4xx_tim.o(i.TIM_CtrlPWMOutputs), (30 bytes).
    Removing stm32f4xx_tim.o(i.TIM_DMACmd), (18 bytes).
    Removing stm32f4xx_tim.o(i.TIM_DMAConfig), (10 bytes).
    Removing stm32f4xx_tim.o(i.TIM_DeInit), (400 bytes).
    Removing stm32f4xx_tim.o(i.TIM_ETRClockMode1Config), (54 bytes).
    Removing stm32f4xx_tim.o(i.TIM_ETRClockMode2Config), (32 bytes).
    Removing stm32f4xx_tim.o(i.TIM_ETRConfig), (28 bytes).
    Removing stm32f4xx_tim.o(i.TIM_EncoderInterfaceConfig), (66 bytes).
    Removing stm32f4xx_tim.o(i.TIM_ForcedOC1Config), (18 bytes).
    Removing stm32f4xx_tim.o(i.TIM_ForcedOC2Config), (26 bytes).
    Removing stm32f4xx_tim.o(i.TIM_ForcedOC3Config), (18 bytes).
    Removing stm32f4xx_tim.o(i.TIM_ForcedOC4Config), (26 bytes).
    Removing stm32f4xx_tim.o(i.TIM_GenerateEvent), (4 bytes).
    Removing stm32f4xx_tim.o(i.TIM_GetCapture1), (6 bytes).
    Removing stm32f4xx_tim.o(i.TIM_GetCapture2), (6 bytes).
    Removing stm32f4xx_tim.o(i.TIM_GetCapture3), (6 bytes).
    Removing stm32f4xx_tim.o(i.TIM_GetCapture4), (6 bytes).
    Removing stm32f4xx_tim.o(i.TIM_GetCounter), (6 bytes).
    Removing stm32f4xx_tim.o(i.TIM_GetFlagStatus), (18 bytes).
    Removing stm32f4xx_tim.o(i.TIM_GetPrescaler), (6 bytes).
    Removing stm32f4xx_tim.o(i.TIM_ICInit), (110 bytes).
    Removing stm32f4xx_tim.o(i.TIM_ICStructInit), (18 bytes).
    Removing stm32f4xx_tim.o(i.TIM_ITConfig), (18 bytes).
    Removing stm32f4xx_tim.o(i.TIM_ITRxExternalClockConfig), (24 bytes).
    Removing stm32f4xx_tim.o(i.TIM_InternalClockConfig), (12 bytes).
    Removing stm32f4xx_tim.o(i.TIM_OC1FastConfig), (18 bytes).
    Removing stm32f4xx_tim.o(i.TIM_OC1Init), (124 bytes).
    Removing stm32f4xx_tim.o(i.TIM_OC1NPolarityConfig), (18 bytes).
    Removing stm32f4xx_tim.o(i.TIM_OC1PolarityConfig), (18 bytes).
    Removing stm32f4xx_tim.o(i.TIM_OC1PreloadConfig), (18 bytes).
    Removing stm32f4xx_tim.o(i.TIM_OC2FastConfig), (26 bytes).
    Removing stm32f4xx_tim.o(i.TIM_OC2Init), (164 bytes).
    Removing stm32f4xx_tim.o(i.TIM_OC2NPolarityConfig), (26 bytes).
    Removing stm32f4xx_tim.o(i.TIM_OC2PolarityConfig), (26 bytes).
    Removing stm32f4xx_tim.o(i.TIM_OC2PreloadConfig), (26 bytes).
    Removing stm32f4xx_tim.o(i.TIM_OC3FastConfig), (18 bytes).
    Removing stm32f4xx_tim.o(i.TIM_OC3Init), (160 bytes).
    Removing stm32f4xx_tim.o(i.TIM_OC3NPolarityConfig), (26 bytes).
    Removing stm32f4xx_tim.o(i.TIM_OC3PolarityConfig), (26 bytes).
    Removing stm32f4xx_tim.o(i.TIM_OC3PreloadConfig), (18 bytes).
    Removing stm32f4xx_tim.o(i.TIM_OC4FastConfig), (26 bytes).
    Removing stm32f4xx_tim.o(i.TIM_OC4Init), (120 bytes).
    Removing stm32f4xx_tim.o(i.TIM_OC4PolarityConfig), (26 bytes).
    Removing stm32f4xx_tim.o(i.TIM_OC4PreloadConfig), (26 bytes).
    Removing stm32f4xx_tim.o(i.TIM_OCStructInit), (20 bytes).
    Removing stm32f4xx_tim.o(i.TIM_PWMIConfig), (124 bytes).
    Removing stm32f4xx_tim.o(i.TIM_PrescalerConfig), (6 bytes).
    Removing stm32f4xx_tim.o(i.TIM_RemapConfig), (6 bytes).
    Removing stm32f4xx_tim.o(i.TIM_SelectCCDMA), (24 bytes).
    Removing stm32f4xx_tim.o(i.TIM_SelectCOM), (24 bytes).
    Removing stm32f4xx_tim.o(i.TIM_SelectHallSensor), (24 bytes).
    Removing stm32f4xx_tim.o(i.TIM_SelectInputTrigger), (18 bytes).
    Removing stm32f4xx_tim.o(i.TIM_SelectMasterSlaveMode), (18 bytes).
    Removing stm32f4xx_tim.o(i.TIM_SelectOCxM), (86 bytes).
    Removing stm32f4xx_tim.o(i.TIM_SelectOnePulseMode), (18 bytes).
    Removing stm32f4xx_tim.o(i.TIM_SelectOutputTrigger), (18 bytes).
    Removing stm32f4xx_tim.o(i.TIM_SelectSlaveMode), (18 bytes).
    Removing stm32f4xx_tim.o(i.TIM_SetAutoreload), (4 bytes).
    Removing stm32f4xx_tim.o(i.TIM_SetClockDivision), (18 bytes).
    Removing stm32f4xx_tim.o(i.TIM_SetCompare1), (4 bytes).
    Removing stm32f4xx_tim.o(i.TIM_SetCompare2), (4 bytes).
    Removing stm32f4xx_tim.o(i.TIM_SetCompare3), (4 bytes).
    Removing stm32f4xx_tim.o(i.TIM_SetCompare4), (4 bytes).
    Removing stm32f4xx_tim.o(i.TIM_SetIC1Prescaler), (18 bytes).
    Removing stm32f4xx_tim.o(i.TIM_SetIC2Prescaler), (26 bytes).
    Removing stm32f4xx_tim.o(i.TIM_SetIC3Prescaler), (18 bytes).
    Removing stm32f4xx_tim.o(i.TIM_SetIC4Prescaler), (26 bytes).
    Removing stm32f4xx_tim.o(i.TIM_TIxExternalClockConfig), (62 bytes).
    Removing stm32f4xx_tim.o(i.TIM_TimeBaseInit), (132 bytes).
    Removing stm32f4xx_tim.o(i.TIM_TimeBaseStructInit), (18 bytes).
    Removing stm32f4xx_tim.o(i.TIM_UpdateDisableConfig), (24 bytes).
    Removing stm32f4xx_tim.o(i.TIM_UpdateRequestConfig), (24 bytes).
    Removing stm32f4xx_usart.o(.rev16_text), (4 bytes).
    Removing stm32f4xx_usart.o(.revsh_text), (4 bytes).
    Removing stm32f4xx_usart.o(.rrx_text), (6 bytes).
    Removing stm32f4xx_usart.o(i.USART_ClearFlag), (18 bytes).
    Removing stm32f4xx_usart.o(i.USART_ClearITPendingBit), (30 bytes).
    Removing stm32f4xx_usart.o(i.USART_ClockInit), (32 bytes).
    Removing stm32f4xx_usart.o(i.USART_ClockStructInit), (12 bytes).
    Removing stm32f4xx_usart.o(i.USART_DeInit), (240 bytes).
    Removing stm32f4xx_usart.o(i.USART_GetFlagStatus), (26 bytes).
    Removing stm32f4xx_usart.o(i.USART_HalfDuplexCmd), (24 bytes).
    Removing stm32f4xx_usart.o(i.USART_IrDACmd), (24 bytes).
    Removing stm32f4xx_usart.o(i.USART_IrDAConfig), (18 bytes).
    Removing stm32f4xx_usart.o(i.USART_LINBreakDetectLengthConfig), (18 bytes).
    Removing stm32f4xx_usart.o(i.USART_LINCmd), (24 bytes).
    Removing stm32f4xx_usart.o(i.USART_OneBitMethodCmd), (24 bytes).
    Removing stm32f4xx_usart.o(i.USART_OverSampling8Cmd), (22 bytes).
    Removing stm32f4xx_usart.o(i.USART_ReceiverWakeUpCmd), (24 bytes).
    Removing stm32f4xx_usart.o(i.USART_SendBreak), (10 bytes).
    Removing stm32f4xx_usart.o(i.USART_SendData), (8 bytes).
    Removing stm32f4xx_usart.o(i.USART_SetAddress), (18 bytes).
    Removing stm32f4xx_usart.o(i.USART_SetGuardTime), (16 bytes).
    Removing stm32f4xx_usart.o(i.USART_SetPrescaler), (16 bytes).
    Removing stm32f4xx_usart.o(i.USART_SmartCardCmd), (24 bytes).
    Removing stm32f4xx_usart.o(i.USART_SmartCardNACKCmd), (24 bytes).
    Removing stm32f4xx_usart.o(i.USART_StructInit), (24 bytes).
    Removing stm32f4xx_usart.o(i.USART_WakeUpConfig), (18 bytes).
    Removing stm32f4xx_wwdg.o(.rev16_text), (4 bytes).
    Removing stm32f4xx_wwdg.o(.revsh_text), (4 bytes).
    Removing stm32f4xx_wwdg.o(.rrx_text), (6 bytes).
    Removing stm32f4xx_wwdg.o(i.WWDG_ClearFlag), (12 bytes).
    Removing stm32f4xx_wwdg.o(i.WWDG_DeInit), (22 bytes).
    Removing stm32f4xx_wwdg.o(i.WWDG_Enable), (16 bytes).
    Removing stm32f4xx_wwdg.o(i.WWDG_EnableIT), (12 bytes).
    Removing stm32f4xx_wwdg.o(i.WWDG_GetFlagStatus), (20 bytes).
    Removing stm32f4xx_wwdg.o(i.WWDG_SetCounter), (16 bytes).
    Removing stm32f4xx_wwdg.o(i.WWDG_SetPrescaler), (24 bytes).
    Removing stm32f4xx_wwdg.o(i.WWDG_SetWindowValue), (40 bytes).
    Removing main.o(.rev16_text), (4 bytes).
    Removing main.o(.revsh_text), (4 bytes).
    Removing main.o(.rrx_text), (6 bytes).
    Removing main.o(i.USART_TestInit), (160 bytes).
    Removing main.o(i.USART_TestSendData), (32 bytes).
    Removing main.o(i.fputc), (16 bytes).
    Removing main.o(.data), (512 bytes).
    Removing delay.o(.rev16_text), (4 bytes).
    Removing delay.o(.revsh_text), (4 bytes).
    Removing delay.o(.rrx_text), (6 bytes).
    Removing button.o(.rev16_text), (4 bytes).
    Removing button.o(.revsh_text), (4 bytes).
    Removing button.o(.rrx_text), (6 bytes).
    Removing button.o(i.Button_Init), (204 bytes).
    Removing button.o(i.TIM3_Init), (84 bytes).
    Removing button.o(i.TIM4_Init), (84 bytes).
    Removing signaloutput.o(.rev16_text), (4 bytes).
    Removing signaloutput.o(.revsh_text), (4 bytes).
    Removing signaloutput.o(.rrx_text), (6 bytes).
    Removing signaloutput.o(i.Fan_GetState), (12 bytes).
    Removing signaloutput.o(i.Fan_Init), (52 bytes).
    Removing signaloutput.o(i.Fan_Start), (28 bytes).
    Removing signaloutput.o(i.Fan_Stop), (28 bytes).
    Removing signaloutput.o(i.Light_GetState), (12 bytes).
    Removing signaloutput.o(i.Light_Init), (52 bytes).
    Removing signaloutput.o(i.Light_Start), (28 bytes).
    Removing signaloutput.o(i.Light_Stop), (28 bytes).
    Removing signaloutput.o(i.SignalOutput_Init), (12 bytes).
    Removing signaloutput.o(.data), (2 bytes).
    Removing lightsensor.o(.rev16_text), (4 bytes).
    Removing lightsensor.o(.revsh_text), (4 bytes).
    Removing lightsensor.o(.rrx_text), (6 bytes).
    Removing lightsensor.o(i.LightSensor_GetState), (36 bytes).
    Removing lightsensor.o(i.LightSensor_GetValue), (104 bytes).
    Removing lightsensor.o(i.LightSensor_Init), (172 bytes).
    Removing temperaturehumiditysensor.o(.rev16_text), (4 bytes).
    Removing temperaturehumiditysensor.o(.revsh_text), (4 bytes).
    Removing temperaturehumiditysensor.o(.rrx_text), (6 bytes).
    Removing temperaturehumiditysensor.o(i.Pin_Input), (40 bytes).
    Removing temperaturehumiditysensor.o(i.Pin_Output), (52 bytes).
    Removing temperaturehumiditysensor.o(i.Sensor_Check), (60 bytes).
    Removing temperaturehumiditysensor.o(i.Sensor_Convert), (100 bytes).
    Removing temperaturehumiditysensor.o(i.Sensor_GetHumidity), (256 bytes).
    Removing temperaturehumiditysensor.o(i.Sensor_GetTemperature), (92 bytes).
    Removing temperaturehumiditysensor.o(i.Sensor_Getstate), (76 bytes).
    Removing temperaturehumiditysensor.o(i.Sensor_ReadBit), (68 bytes).
    Removing temperaturehumiditysensor.o(i.Sensor_ReadByte), (32 bytes).
    Removing temperaturehumiditysensor.o(i.Sensor_Reset), (44 bytes).
    Removing temperaturehumiditysensor.o(i.Sensor_WriteBit), (76 bytes).
    Removing temperaturehumiditysensor.o(i.Sensor_WriteByte), (28 bytes).
    Removing temperaturehumiditysensor.o(i.TemperatureHumiditySensor_Init), (68 bytes).
    Removing temperaturehumiditysensor.o(.data), (20 bytes).
    Removing zigbee.o(.rev16_text), (4 bytes).
    Removing zigbee.o(.revsh_text), (4 bytes).
    Removing zigbee.o(.rrx_text), (6 bytes).
    Removing zigbee.o(i.ZigBee_ReceiveByte), (48 bytes).
    Removing zigbee.o(i.ZigBee_TransmitByte), (48 bytes).
    Removing wifi.o(.rev16_text), (4 bytes).
    Removing wifi.o(.revsh_text), (4 bytes).
    Removing wifi.o(.rrx_text), (6 bytes).
    Removing wifi.o(i.WiFi_ReceiveByte), (48 bytes).
    Removing wifi.o(i.WiFi_TransmitByte), (48 bytes).
    Removing audio.o(.rev16_text), (4 bytes).
    Removing audio.o(.revsh_text), (4 bytes).
    Removing audio.o(.rrx_text), (6 bytes).
    Removing audio.o(i.Audio_Init), (100 bytes).
    Removing audio.o(i.Audio_Loop), (12 bytes).
    Removing audio.o(i.Audio_Play), (12 bytes).
    Removing audio.o(i.Audio_PlayAfter), (20 bytes).
    Removing audio.o(i.Audio_Stop), (12 bytes).
    Removing audio.o(i.Audio_Transmit16Bits), (34 bytes).
    Removing audio.o(i.Audio_TransmitByte), (112 bytes).
    Removing audio.o(i.Audio_Volume), (18 bytes).
    Removing display.o(.rev16_text), (4 bytes).
    Removing display.o(.revsh_text), (4 bytes).
    Removing display.o(.rrx_text), (6 bytes).
    Removing display.o(i.Display_DrawBMP), (84 bytes).
    Removing display.o(i.Display_LightUp), (64 bytes).
    Removing display.o(i.Display_Off), (28 bytes).
    Removing display.o(i.Display_On), (28 bytes).
    Removing communicate.o(.rev16_text), (4 bytes).
    Removing communicate.o(.revsh_text), (4 bytes).
    Removing communicate.o(.rrx_text), (6 bytes).
    Removing communicate.o(i.Communicate_WiFiTX), (36 bytes).
    Removing f2d.o(.text), (38 bytes).
    Removing cdrcmple.o(.text), (48 bytes).
    Removing dadd.o(.text), (334 bytes).
    Removing dmul.o(.text), (228 bytes).
    Removing ddiv.o(.text), (222 bytes).
    Removing dfixul.o(.text), (48 bytes).
    Removing depilogue.o(.text), (186 bytes).

863 unused section(s) (total 38094 bytes) removed from the image.

==============================================================================

Image Symbol Table

    Local Symbols

    Symbol Name                              Value     Ov Type        Size  Object(Section)

    ../clib/microlib/division.c              0x00000000   Number         0  uldiv.o ABSOLUTE
    ../clib/microlib/division.c              0x00000000   Number         0  uidiv.o ABSOLUTE
    ../clib/microlib/init/entry.s            0x00000000   Number         0  entry5.o ABSOLUTE
    ../clib/microlib/init/entry.s            0x00000000   Number         0  entry11b.o ABSOLUTE
    ../clib/microlib/init/entry.s            0x00000000   Number         0  entry11a.o ABSOLUTE
    ../clib/microlib/init/entry.s            0x00000000   Number         0  entry10b.o ABSOLUTE
    ../clib/microlib/init/entry.s            0x00000000   Number         0  entry10a.o ABSOLUTE
    ../clib/microlib/init/entry.s            0x00000000   Number         0  entry9b.o ABSOLUTE
    ../clib/microlib/init/entry.s            0x00000000   Number         0  entry12a.o ABSOLUTE
    ../clib/microlib/init/entry.s            0x00000000   Number         0  entry9a.o ABSOLUTE
    ../clib/microlib/init/entry.s            0x00000000   Number         0  entry8b.o ABSOLUTE
    ../clib/microlib/init/entry.s            0x00000000   Number         0  entry2.o ABSOLUTE
    ../clib/microlib/init/entry.s            0x00000000   Number         0  entry12b.o ABSOLUTE
    ../clib/microlib/init/entry.s            0x00000000   Number         0  entry8a.o ABSOLUTE
    ../clib/microlib/init/entry.s            0x00000000   Number         0  entry7b.o ABSOLUTE
    ../clib/microlib/init/entry.s            0x00000000   Number         0  entry7a.o ABSOLUTE
    ../clib/microlib/init/entry.s            0x00000000   Number         0  entry.o ABSOLUTE
    ../clib/microlib/longlong.c              0x00000000   Number         0  llushr.o ABSOLUTE
    ../clib/microlib/longlong.c              0x00000000   Number         0  llsshr.o ABSOLUTE
    ../clib/microlib/longlong.c              0x00000000   Number         0  llshl.o ABSOLUTE
    ../clib/microlib/printf/printf.c         0x00000000   Number         0  printf8.o ABSOLUTE
    ../clib/microlib/printf/printf.c         0x00000000   Number         0  printf5.o ABSOLUTE
    ../clib/microlib/printf/printf.c         0x00000000   Number         0  printf4.o ABSOLUTE
    ../clib/microlib/printf/printf.c         0x00000000   Number         0  printf3.o ABSOLUTE
    ../clib/microlib/printf/printf.c         0x00000000   Number         0  printf1.o ABSOLUTE
    ../clib/microlib/printf/printf.c         0x00000000   Number         0  printfa.o ABSOLUTE
    ../clib/microlib/printf/printf.c         0x00000000   Number         0  printf6.o ABSOLUTE
    ../clib/microlib/printf/printf.c         0x00000000   Number         0  printf0.o ABSOLUTE
    ../clib/microlib/printf/printf.c         0x00000000   Number         0  printfb.o ABSOLUTE
    ../clib/microlib/printf/printf.c         0x00000000   Number         0  printf2.o ABSOLUTE
    ../clib/microlib/printf/printf.c         0x00000000   Number         0  printf7.o ABSOLUTE
    ../clib/microlib/printf/stubs.s          0x00000000   Number         0  stubs.o ABSOLUTE
    ../clib/microlib/stdio/streams.c         0x00000000   Number         0  stdout.o ABSOLUTE
    ../clib/microlib/string/memcpy.c         0x00000000   Number         0  memcpyb.o ABSOLUTE
    ../clib/microlib/string/memcpy.c         0x00000000   Number         0  memcpya.o ABSOLUTE
    ../clib/microlib/string/strcpy.c         0x00000000   Number         0  strcpy.o ABSOLUTE
    ../clib/microlib/string/strlen.c         0x00000000   Number         0  strlen.o ABSOLUTE
    ../clib/microlib/string/strstr.c         0x00000000   Number         0  strstr.o ABSOLUTE
    ../clib/microlib/stubs.s                 0x00000000   Number         0  iusefp.o ABSOLUTE
    ../fplib/microlib/f2d.c                  0x00000000   Number         0  f2d.o ABSOLUTE
    ../fplib/microlib/fpadd.c                0x00000000   Number         0  dadd.o ABSOLUTE
    ../fplib/microlib/fpdiv.c                0x00000000   Number         0  ddiv.o ABSOLUTE
    ../fplib/microlib/fpepilogue.c           0x00000000   Number         0  depilogue.o ABSOLUTE
    ../fplib/microlib/fpfix.c                0x00000000   Number         0  dfixul.o ABSOLUTE
    ../fplib/microlib/fpmul.c                0x00000000   Number         0  dmul.o ABSOLUTE
    ..\..\1_Library\Audio.c                  0x00000000   Number         0  audio.o ABSOLUTE
    ..\..\1_Library\Button.c                 0x00000000   Number         0  button.o ABSOLUTE
    ..\..\1_Library\Communicate.c            0x00000000   Number         0  communicate.o ABSOLUTE
    ..\..\1_Library\Delay.c                  0x00000000   Number         0  delay.o ABSOLUTE
    ..\..\1_Library\Display.c                0x00000000   Number         0  display.o ABSOLUTE
    ..\..\1_Library\LightSensor.c            0x00000000   Number         0  lightsensor.o ABSOLUTE
    ..\..\1_Library\SignalOutput.c           0x00000000   Number         0  signaloutput.o ABSOLUTE
    ..\..\1_Library\TemperatureHumiditySensor.c 0x00000000   Number         0  temperaturehumiditysensor.o ABSOLUTE
    ..\..\1_Library\WiFi.c                   0x00000000   Number         0  wifi.o ABSOLUTE
    ..\..\1_Library\ZigBee.c                 0x00000000   Number         0  zigbee.o ABSOLUTE
    ..\CMSIS\startup_stm32f401xx.s           0x00000000   Number         0  startup_stm32f401xx.o ABSOLUTE
    ..\CMSIS\system_stm32f4xx.c              0x00000000   Number         0  system_stm32f4xx.o ABSOLUTE
    ..\Driver\stm32f4xx_it.c                 0x00000000   Number         0  stm32f4xx_it.o ABSOLUTE
    ..\Library\src\misc.c                    0x00000000   Number         0  misc.o ABSOLUTE
    ..\Library\src\stm32f4xx_adc.c           0x00000000   Number         0  stm32f4xx_adc.o ABSOLUTE
    ..\Library\src\stm32f4xx_can.c           0x00000000   Number         0  stm32f4xx_can.o ABSOLUTE
    ..\Library\src\stm32f4xx_cec.c           0x00000000   Number         0  stm32f4xx_cec.o ABSOLUTE
    ..\Library\src\stm32f4xx_crc.c           0x00000000   Number         0  stm32f4xx_crc.o ABSOLUTE
    ..\Library\src\stm32f4xx_cryp.c          0x00000000   Number         0  stm32f4xx_cryp.o ABSOLUTE
    ..\Library\src\stm32f4xx_cryp_aes.c      0x00000000   Number         0  stm32f4xx_cryp_aes.o ABSOLUTE
    ..\Library\src\stm32f4xx_cryp_des.c      0x00000000   Number         0  stm32f4xx_cryp_des.o ABSOLUTE
    ..\Library\src\stm32f4xx_cryp_tdes.c     0x00000000   Number         0  stm32f4xx_cryp_tdes.o ABSOLUTE
    ..\Library\src\stm32f4xx_dac.c           0x00000000   Number         0  stm32f4xx_dac.o ABSOLUTE
    ..\Library\src\stm32f4xx_dbgmcu.c        0x00000000   Number         0  stm32f4xx_dbgmcu.o ABSOLUTE
    ..\Library\src\stm32f4xx_dcmi.c          0x00000000   Number         0  stm32f4xx_dcmi.o ABSOLUTE
    ..\Library\src\stm32f4xx_dfsdm.c         0x00000000   Number         0  stm32f4xx_dfsdm.o ABSOLUTE
    ..\Library\src\stm32f4xx_dma.c           0x00000000   Number         0  stm32f4xx_dma.o ABSOLUTE
    ..\Library\src\stm32f4xx_dma2d.c         0x00000000   Number         0  stm32f4xx_dma2d.o ABSOLUTE
    ..\Library\src\stm32f4xx_dsi.c           0x00000000   Number         0  stm32f4xx_dsi.o ABSOLUTE
    ..\Library\src\stm32f4xx_exti.c          0x00000000   Number         0  stm32f4xx_exti.o ABSOLUTE
    ..\Library\src\stm32f4xx_flash.c         0x00000000   Number         0  stm32f4xx_flash.o ABSOLUTE
    ..\Library\src\stm32f4xx_flash_ramfunc.c 0x00000000   Number         0  stm32f4xx_flash_ramfunc.o ABSOLUTE
    ..\Library\src\stm32f4xx_fmpi2c.c        0x00000000   Number         0  stm32f4xx_fmpi2c.o ABSOLUTE
    ..\Library\src\stm32f4xx_gpio.c          0x00000000   Number         0  stm32f4xx_gpio.o ABSOLUTE
    ..\Library\src\stm32f4xx_hash.c          0x00000000   Number         0  stm32f4xx_hash.o ABSOLUTE
    ..\Library\src\stm32f4xx_hash_md5.c      0x00000000   Number         0  stm32f4xx_hash_md5.o ABSOLUTE
    ..\Library\src\stm32f4xx_hash_sha1.c     0x00000000   Number         0  stm32f4xx_hash_sha1.o ABSOLUTE
    ..\Library\src\stm32f4xx_i2c.c           0x00000000   Number         0  stm32f4xx_i2c.o ABSOLUTE
    ..\Library\src\stm32f4xx_iwdg.c          0x00000000   Number         0  stm32f4xx_iwdg.o ABSOLUTE
    ..\Library\src\stm32f4xx_lptim.c         0x00000000   Number         0  stm32f4xx_lptim.o ABSOLUTE
    ..\Library\src\stm32f4xx_ltdc.c          0x00000000   Number         0  stm32f4xx_ltdc.o ABSOLUTE
    ..\Library\src\stm32f4xx_pwr.c           0x00000000   Number         0  stm32f4xx_pwr.o ABSOLUTE
    ..\Library\src\stm32f4xx_qspi.c          0x00000000   Number         0  stm32f4xx_qspi.o ABSOLUTE
    ..\Library\src\stm32f4xx_rcc.c           0x00000000   Number         0  stm32f4xx_rcc.o ABSOLUTE
    ..\Library\src\stm32f4xx_rng.c           0x00000000   Number         0  stm32f4xx_rng.o ABSOLUTE
    ..\Library\src\stm32f4xx_rtc.c           0x00000000   Number         0  stm32f4xx_rtc.o ABSOLUTE
    ..\Library\src\stm32f4xx_sai.c           0x00000000   Number         0  stm32f4xx_sai.o ABSOLUTE
    ..\Library\src\stm32f4xx_sdio.c          0x00000000   Number         0  stm32f4xx_sdio.o ABSOLUTE
    ..\Library\src\stm32f4xx_spdifrx.c       0x00000000   Number         0  stm32f4xx_spdifrx.o ABSOLUTE
    ..\Library\src\stm32f4xx_spi.c           0x00000000   Number         0  stm32f4xx_spi.o ABSOLUTE
    ..\Library\src\stm32f4xx_syscfg.c        0x00000000   Number         0  stm32f4xx_syscfg.o ABSOLUTE
    ..\Library\src\stm32f4xx_tim.c           0x00000000   Number         0  stm32f4xx_tim.o ABSOLUTE
    ..\Library\src\stm32f4xx_usart.c         0x00000000   Number         0  stm32f4xx_usart.o ABSOLUTE
    ..\Library\src\stm32f4xx_wwdg.c          0x00000000   Number         0  stm32f4xx_wwdg.o ABSOLUTE
    ..\User\main.c                           0x00000000   Number         0  main.o ABSOLUTE
    ..\\..\\1_Library\\Audio.c               0x00000000   Number         0  audio.o ABSOLUTE
    ..\\..\\1_Library\\Button.c              0x00000000   Number         0  button.o ABSOLUTE
    ..\\..\\1_Library\\Communicate.c         0x00000000   Number         0  communicate.o ABSOLUTE
    ..\\..\\1_Library\\Delay.c               0x00000000   Number         0  delay.o ABSOLUTE
    ..\\..\\1_Library\\Display.c             0x00000000   Number         0  display.o ABSOLUTE
    ..\\..\\1_Library\\LightSensor.c         0x00000000   Number         0  lightsensor.o ABSOLUTE
    ..\\..\\1_Library\\SignalOutput.c        0x00000000   Number         0  signaloutput.o ABSOLUTE
    ..\\..\\1_Library\\TemperatureHumiditySensor.c 0x00000000   Number         0  temperaturehumiditysensor.o ABSOLUTE
    ..\\..\\1_Library\\WiFi.c                0x00000000   Number         0  wifi.o ABSOLUTE
    ..\\..\\1_Library\\ZigBee.c              0x00000000   Number         0  zigbee.o ABSOLUTE
    ..\\CMSIS\\system_stm32f4xx.c            0x00000000   Number         0  system_stm32f4xx.o ABSOLUTE
    ..\\Driver\\stm32f4xx_it.c               0x00000000   Number         0  stm32f4xx_it.o ABSOLUTE
    ..\\Library\\src\\misc.c                 0x00000000   Number         0  misc.o ABSOLUTE
    ..\\Library\\src\\stm32f4xx_adc.c        0x00000000   Number         0  stm32f4xx_adc.o ABSOLUTE
    ..\\Library\\src\\stm32f4xx_can.c        0x00000000   Number         0  stm32f4xx_can.o ABSOLUTE
    ..\\Library\\src\\stm32f4xx_cec.c        0x00000000   Number         0  stm32f4xx_cec.o ABSOLUTE
    ..\\Library\\src\\stm32f4xx_crc.c        0x00000000   Number         0  stm32f4xx_crc.o ABSOLUTE
    ..\\Library\\src\\stm32f4xx_cryp.c       0x00000000   Number         0  stm32f4xx_cryp.o ABSOLUTE
    ..\\Library\\src\\stm32f4xx_cryp_aes.c   0x00000000   Number         0  stm32f4xx_cryp_aes.o ABSOLUTE
    ..\\Library\\src\\stm32f4xx_cryp_des.c   0x00000000   Number         0  stm32f4xx_cryp_des.o ABSOLUTE
    ..\\Library\\src\\stm32f4xx_cryp_tdes.c  0x00000000   Number         0  stm32f4xx_cryp_tdes.o ABSOLUTE
    ..\\Library\\src\\stm32f4xx_dac.c        0x00000000   Number         0  stm32f4xx_dac.o ABSOLUTE
    ..\\Library\\src\\stm32f4xx_dbgmcu.c     0x00000000   Number         0  stm32f4xx_dbgmcu.o ABSOLUTE
    ..\\Library\\src\\stm32f4xx_dcmi.c       0x00000000   Number         0  stm32f4xx_dcmi.o ABSOLUTE
    ..\\Library\\src\\stm32f4xx_dfsdm.c      0x00000000   Number         0  stm32f4xx_dfsdm.o ABSOLUTE
    ..\\Library\\src\\stm32f4xx_dma.c        0x00000000   Number         0  stm32f4xx_dma.o ABSOLUTE
    ..\\Library\\src\\stm32f4xx_dma2d.c      0x00000000   Number         0  stm32f4xx_dma2d.o ABSOLUTE
    ..\\Library\\src\\stm32f4xx_dsi.c        0x00000000   Number         0  stm32f4xx_dsi.o ABSOLUTE
    ..\\Library\\src\\stm32f4xx_exti.c       0x00000000   Number         0  stm32f4xx_exti.o ABSOLUTE
    ..\\Library\\src\\stm32f4xx_flash.c      0x00000000   Number         0  stm32f4xx_flash.o ABSOLUTE
    ..\\Library\\src\\stm32f4xx_flash_ramfunc.c 0x00000000   Number         0  stm32f4xx_flash_ramfunc.o ABSOLUTE
    ..\\Library\\src\\stm32f4xx_fmpi2c.c     0x00000000   Number         0  stm32f4xx_fmpi2c.o ABSOLUTE
    ..\\Library\\src\\stm32f4xx_gpio.c       0x00000000   Number         0  stm32f4xx_gpio.o ABSOLUTE
    ..\\Library\\src\\stm32f4xx_hash.c       0x00000000   Number         0  stm32f4xx_hash.o ABSOLUTE
    ..\\Library\\src\\stm32f4xx_hash_md5.c   0x00000000   Number         0  stm32f4xx_hash_md5.o ABSOLUTE
    ..\\Library\\src\\stm32f4xx_hash_sha1.c  0x00000000   Number         0  stm32f4xx_hash_sha1.o ABSOLUTE
    ..\\Library\\src\\stm32f4xx_i2c.c        0x00000000   Number         0  stm32f4xx_i2c.o ABSOLUTE
    ..\\Library\\src\\stm32f4xx_iwdg.c       0x00000000   Number         0  stm32f4xx_iwdg.o ABSOLUTE
    ..\\Library\\src\\stm32f4xx_lptim.c      0x00000000   Number         0  stm32f4xx_lptim.o ABSOLUTE
    ..\\Library\\src\\stm32f4xx_ltdc.c       0x00000000   Number         0  stm32f4xx_ltdc.o ABSOLUTE
    ..\\Library\\src\\stm32f4xx_pwr.c        0x00000000   Number         0  stm32f4xx_pwr.o ABSOLUTE
    ..\\Library\\src\\stm32f4xx_qspi.c       0x00000000   Number         0  stm32f4xx_qspi.o ABSOLUTE
    ..\\Library\\src\\stm32f4xx_rcc.c        0x00000000   Number         0  stm32f4xx_rcc.o ABSOLUTE
    ..\\Library\\src\\stm32f4xx_rng.c        0x00000000   Number         0  stm32f4xx_rng.o ABSOLUTE
    ..\\Library\\src\\stm32f4xx_rtc.c        0x00000000   Number         0  stm32f4xx_rtc.o ABSOLUTE
    ..\\Library\\src\\stm32f4xx_sai.c        0x00000000   Number         0  stm32f4xx_sai.o ABSOLUTE
    ..\\Library\\src\\stm32f4xx_sdio.c       0x00000000   Number         0  stm32f4xx_sdio.o ABSOLUTE
    ..\\Library\\src\\stm32f4xx_spdifrx.c    0x00000000   Number         0  stm32f4xx_spdifrx.o ABSOLUTE
    ..\\Library\\src\\stm32f4xx_spi.c        0x00000000   Number         0  stm32f4xx_spi.o ABSOLUTE
    ..\\Library\\src\\stm32f4xx_syscfg.c     0x00000000   Number         0  stm32f4xx_syscfg.o ABSOLUTE
    ..\\Library\\src\\stm32f4xx_tim.c        0x00000000   Number         0  stm32f4xx_tim.o ABSOLUTE
    ..\\Library\\src\\stm32f4xx_usart.c      0x00000000   Number         0  stm32f4xx_usart.o ABSOLUTE
    ..\\Library\\src\\stm32f4xx_wwdg.c       0x00000000   Number         0  stm32f4xx_wwdg.o ABSOLUTE
    ..\\User\\main.c                         0x00000000   Number         0  main.o ABSOLUTE
    cdrcmple.s                               0x00000000   Number         0  cdrcmple.o ABSOLUTE
    dc.s                                     0x00000000   Number         0  dc.o ABSOLUTE
    handlers.s                               0x00000000   Number         0  handlers.o ABSOLUTE
    init.s                                   0x00000000   Number         0  init.o ABSOLUTE
    RESET                                    0x08000000   Section      404  startup_stm32f401xx.o(RESET)
    .ARM.Collect$$$$00000000                 0x08000194   Section        0  entry.o(.ARM.Collect$$$$00000000)
    .ARM.Collect$$$$00000001                 0x08000194   Section        4  entry2.o(.ARM.Collect$$$$00000001)
    .ARM.Collect$$$$00000004                 0x08000198   Section        4  entry5.o(.ARM.Collect$$$$00000004)
    .ARM.Collect$$$$00000008                 0x0800019c   Section        0  entry7b.o(.ARM.Collect$$$$00000008)
    .ARM.Collect$$$$0000000A                 0x0800019c   Section        0  entry8b.o(.ARM.Collect$$$$0000000A)
    .ARM.Collect$$$$0000000B                 0x0800019c   Section        8  entry9a.o(.ARM.Collect$$$$0000000B)
    .ARM.Collect$$$$0000000E                 0x080001a4   Section        4  entry12b.o(.ARM.Collect$$$$0000000E)
    .ARM.Collect$$$$0000000F                 0x080001a8   Section        0  entry10a.o(.ARM.Collect$$$$0000000F)
    .ARM.Collect$$$$00000011                 0x080001a8   Section        0  entry11a.o(.ARM.Collect$$$$00000011)
    .ARM.Collect$$$$00002712                 0x080001a8   Section        4  entry2.o(.ARM.Collect$$$$00002712)
    __lit__00000000                          0x080001a8   Data           4  entry2.o(.ARM.Collect$$$$00002712)
    .text                                    0x080001ac   Section       36  startup_stm32f401xx.o(.text)
    $v0                                      0x080001ac   Number         0  startup_stm32f401xx.o(.text)
    .text                                    0x080001d0   Section        0  memcpya.o(.text)
    .text                                    0x080001f4   Section        0  strstr.o(.text)
    .text                                    0x08000218   Section        0  strlen.o(.text)
    .text                                    0x08000226   Section        0  strcpy.o(.text)
    .text                                    0x08000238   Section        0  uldiv.o(.text)
    .text                                    0x0800029c   Section       36  init.o(.text)
    .text                                    0x080002c0   Section        0  llshl.o(.text)
    .text                                    0x080002de   Section        0  llushr.o(.text)
    i.ADC_ClearITPendingBit                  0x080002fe   Section        0  stm32f4xx_adc.o(i.ADC_ClearITPendingBit)
    i.ADC_GetConversionValue                 0x08000308   Section        0  stm32f4xx_adc.o(i.ADC_GetConversionValue)
    i.ADC_GetITStatus                        0x08000310   Section        0  stm32f4xx_adc.o(i.ADC_GetITStatus)
    i.ADC_IRQHandler                         0x08000338   Section        0  lightsensor.o(i.ADC_IRQHandler)
    i.BusFault_Handler                       0x08000384   Section        0  stm32f4xx_it.o(i.BusFault_Handler)
    i.Communicate_Init                       0x08000388   Section        0  communicate.o(i.Communicate_Init)
    i.Communicate_WiFiCheck                  0x080004b8   Section        0  communicate.o(i.Communicate_WiFiCheck)
    i.Communicate_WiFiConfig                 0x080004e0   Section        0  communicate.o(i.Communicate_WiFiConfig)
    i.Communicate_WiFiRX                     0x080007f4   Section        0  communicate.o(i.Communicate_WiFiRX)
    i.Communicate_ZigBeeCheck                0x0800081c   Section        0  communicate.o(i.Communicate_ZigBeeCheck)
    i.Communicate_ZigBeeConfig               0x08000844   Section        0  communicate.o(i.Communicate_ZigBeeConfig)
    i.Communicate_ZigBeeRX                   0x0800099c   Section        0  communicate.o(i.Communicate_ZigBeeRX)
    i.Communicate_ZigBeeTX                   0x080009c4   Section        0  communicate.o(i.Communicate_ZigBeeTX)
    i.DMA2_Stream1_IRQHandler                0x08000a84   Section        0  wifi.o(i.DMA2_Stream1_IRQHandler)
    i.DMA2_Stream5_IRQHandler                0x08000ab4   Section        0  zigbee.o(i.DMA2_Stream5_IRQHandler)
    i.DMA2_Stream6_IRQHandler                0x08000ae4   Section        0  wifi.o(i.DMA2_Stream6_IRQHandler)
    i.DMA2_Stream7_IRQHandler                0x08000b0c   Section        0  zigbee.o(i.DMA2_Stream7_IRQHandler)
    i.DMA_ClearITPendingBit                  0x08000b34   Section        0  stm32f4xx_dma.o(i.DMA_ClearITPendingBit)
    i.DMA_Cmd                                0x08000b68   Section        0  stm32f4xx_dma.o(i.DMA_Cmd)
    i.DMA_GetCurrDataCounter                 0x08000b7e   Section        0  stm32f4xx_dma.o(i.DMA_GetCurrDataCounter)
    i.DMA_GetITStatus                        0x08000b88   Section        0  stm32f4xx_dma.o(i.DMA_GetITStatus)
    i.DMA_ITConfig                           0x08000bec   Section        0  stm32f4xx_dma.o(i.DMA_ITConfig)
    i.DMA_Init                               0x08000c28   Section        0  stm32f4xx_dma.o(i.DMA_Init)
    i.DMA_SetCurrDataCounter                 0x08000c80   Section        0  stm32f4xx_dma.o(i.DMA_SetCurrDataCounter)
    i.DebugMon_Handler                       0x08000c84   Section        0  stm32f4xx_it.o(i.DebugMon_Handler)
    i.Delay_ms                               0x08000c88   Section        0  delay.o(i.Delay_ms)
    i.Delay_us                               0x08000cd0   Section        0  delay.o(i.Delay_us)
    i.Display_Clear                          0x08000d1c   Section        0  display.o(i.Display_Clear)
    i.Display_HardwareInit                   0x08000d5c   Section        0  display.o(i.Display_HardwareInit)
    i.Display_Init                           0x08000dc0   Section        0  display.o(i.Display_Init)
    i.Display_SetPosition                    0x08000ea0   Section        0  display.o(i.Display_SetPosition)
    i.Display_ShowChar                       0x08000ecc   Section        0  display.o(i.Display_ShowChar)
    i.Display_ShowString                     0x08000f88   Section        0  display.o(i.Display_ShowString)
    i.EXTI9_5_IRQHandler                     0x08001008   Section        0  button.o(i.EXTI9_5_IRQHandler)
    i.EXTI_ClearITPendingBit                 0x08001040   Section        0  stm32f4xx_exti.o(i.EXTI_ClearITPendingBit)
    i.EXTI_GetITStatus                       0x0800104c   Section        0  stm32f4xx_exti.o(i.EXTI_GetITStatus)
    i.GPIO_Init                              0x08001064   Section        0  stm32f4xx_gpio.o(i.GPIO_Init)
    i.GPIO_PinAFConfig                       0x080010f4   Section        0  stm32f4xx_gpio.o(i.GPIO_PinAFConfig)
    i.GPIO_ReadInputDataBit                  0x0800113a   Section        0  stm32f4xx_gpio.o(i.GPIO_ReadInputDataBit)
    i.GPIO_ResetBits                         0x0800114c   Section        0  stm32f4xx_gpio.o(i.GPIO_ResetBits)
    i.GPIO_SetBits                           0x08001150   Section        0  stm32f4xx_gpio.o(i.GPIO_SetBits)
    i.HardFault_Handler                      0x08001154   Section        0  stm32f4xx_it.o(i.HardFault_Handler)
    i.I2C_CheckACK                           0x08001158   Section        0  display.o(i.I2C_CheckACK)
    i.I2C_Start                              0x080011a8   Section        0  display.o(i.I2C_Start)
    i.I2C_Stop                               0x080011dc   Section        0  display.o(i.I2C_Stop)
    i.I2C_TransmitByte                       0x08001210   Section        0  display.o(i.I2C_TransmitByte)
    i.I2C_TransmitDataCommand                0x0800126c   Section        0  display.o(i.I2C_TransmitDataCommand)
    i.MemManage_Handler                      0x080012b8   Section        0  stm32f4xx_it.o(i.MemManage_Handler)
    i.NMI_Handler                            0x080012bc   Section        0  stm32f4xx_it.o(i.NMI_Handler)
    i.NVIC_Init                              0x080012c0   Section        0  misc.o(i.NVIC_Init)
    i.NVIC_PriorityGroupConfig               0x08001338   Section        0  misc.o(i.NVIC_PriorityGroupConfig)
    i.PendSV_Handler                         0x0800134c   Section        0  stm32f4xx_it.o(i.PendSV_Handler)
    i.RCC_AHB1PeriphClockCmd                 0x08001350   Section        0  stm32f4xx_rcc.o(i.RCC_AHB1PeriphClockCmd)
    i.RCC_APB2PeriphClockCmd                 0x08001370   Section        0  stm32f4xx_rcc.o(i.RCC_APB2PeriphClockCmd)
    i.RCC_GetClocksFreq                      0x08001390   Section        0  stm32f4xx_rcc.o(i.RCC_GetClocksFreq)
    i.SVC_Handler                            0x08001478   Section        0  stm32f4xx_it.o(i.SVC_Handler)
    i.SetSysClock                            0x0800147c   Section        0  system_stm32f4xx.o(i.SetSysClock)
    SetSysClock                              0x0800147d   Thumb Code   216  system_stm32f4xx.o(i.SetSysClock)
    i.SysTick_Handler                        0x08001564   Section        0  stm32f4xx_it.o(i.SysTick_Handler)
    i.SystemInit                             0x08001568   Section        0  system_stm32f4xx.o(i.SystemInit)
    i.TIM3_IRQHandler                        0x080015d0   Section        0  button.o(i.TIM3_IRQHandler)
    i.TIM4_IRQHandler                        0x0800163c   Section        0  button.o(i.TIM4_IRQHandler)
    i.TIM_ClearITPendingBit                  0x080016a8   Section        0  stm32f4xx_tim.o(i.TIM_ClearITPendingBit)
    i.TIM_Cmd                                0x080016ae   Section        0  stm32f4xx_tim.o(i.TIM_Cmd)
    i.TIM_GetITStatus                        0x080016c6   Section        0  stm32f4xx_tim.o(i.TIM_GetITStatus)
    i.TIM_SetCounter                         0x080016e8   Section        0  stm32f4xx_tim.o(i.TIM_SetCounter)
    i.USART1_DMAReceiveInit                  0x080016ec   Section        0  zigbee.o(i.USART1_DMAReceiveInit)
    i.USART1_DMATransmitInit                 0x08001784   Section        0  zigbee.o(i.USART1_DMATransmitInit)
    i.USART1_IRQHandler                      0x08001818   Section        0  zigbee.o(i.USART1_IRQHandler)
    i.USART1_Init                            0x08001858   Section        0  zigbee.o(i.USART1_Init)
    i.USART6_DMAReceiveInit                  0x080018d8   Section        0  wifi.o(i.USART6_DMAReceiveInit)
    i.USART6_DMATransmitInit                 0x08001970   Section        0  wifi.o(i.USART6_DMATransmitInit)
    i.USART6_IRQHandler                      0x08001a04   Section        0  wifi.o(i.USART6_IRQHandler)
    i.USART6_Init                            0x08001a44   Section        0  wifi.o(i.USART6_Init)
    i.USART_Cmd                              0x08001ac4   Section        0  stm32f4xx_usart.o(i.USART_Cmd)
    i.USART_DMACmd                           0x08001adc   Section        0  stm32f4xx_usart.o(i.USART_DMACmd)
    i.USART_GetITStatus                      0x08001aee   Section        0  stm32f4xx_usart.o(i.USART_GetITStatus)
    i.USART_ITConfig                         0x08001b42   Section        0  stm32f4xx_usart.o(i.USART_ITConfig)
    i.USART_Init                             0x08001b8c   Section        0  stm32f4xx_usart.o(i.USART_Init)
    i.USART_ReceiveData                      0x08001c60   Section        0  stm32f4xx_usart.o(i.USART_ReceiveData)
    i.UsageFault_Handler                     0x08001c6a   Section        0  stm32f4xx_it.o(i.UsageFault_Handler)
    i.WiFi_Init                              0x08001c70   Section        0  wifi.o(i.WiFi_Init)
    i.WiFi_ReceiveString                     0x08001cec   Section        0  wifi.o(i.WiFi_ReceiveString)
    i.WiFi_TransmitString                    0x08001d2c   Section        0  wifi.o(i.WiFi_TransmitString)
    i.ZigBee_Init                            0x08001d84   Section        0  zigbee.o(i.ZigBee_Init)
    i.ZigBee_ReceiveString                   0x08001e00   Section        0  zigbee.o(i.ZigBee_ReceiveString)
    i.ZigBee_TransmitString                  0x08001e40   Section        0  zigbee.o(i.ZigBee_TransmitString)
    i.__0sprintf$8                           0x08001e98   Section        0  printf8.o(i.__0sprintf$8)
    i.__scatterload_copy                     0x08001ec0   Section       14  handlers.o(i.__scatterload_copy)
    i.__scatterload_null                     0x08001ece   Section        2  handlers.o(i.__scatterload_null)
    i.__scatterload_zeroinit                 0x08001ed0   Section       14  handlers.o(i.__scatterload_zeroinit)
    i._printf_core                           0x08001ee0   Section        0  printf8.o(i._printf_core)
    _printf_core                             0x08001ee1   Thumb Code   984  printf8.o(i._printf_core)
    i._printf_post_padding                   0x080022e4   Section        0  printf8.o(i._printf_post_padding)
    _printf_post_padding                     0x080022e5   Thumb Code    36  printf8.o(i._printf_post_padding)
    i._printf_pre_padding                    0x08002308   Section        0  printf8.o(i._printf_pre_padding)
    _printf_pre_padding                      0x08002309   Thumb Code    46  printf8.o(i._printf_pre_padding)
    i._sputc                                 0x08002336   Section        0  printf8.o(i._sputc)
    _sputc                                   0x08002337   Thumb Code    10  printf8.o(i._sputc)
    i.main                                   0x08002340   Section        0  main.o(i.main)
    .constdata                               0x080023ec   Section      256  main.o(.constdata)
    .constdata                               0x080024ec   Section     2072  display.o(.constdata)
    .data                                    0x20000000   Section       20  system_stm32f4xx.o(.data)
    .data                                    0x20000014   Section       16  stm32f4xx_rcc.o(.data)
    APBAHBPrescTable                         0x20000014   Data          16  stm32f4xx_rcc.o(.data)
    .data                                    0x20000024   Section        9  lightsensor.o(.data)
    num                                      0x2000002c   Data           1  lightsensor.o(.data)
    .data                                    0x2000002e   Section        4  zigbee.o(.data)
    .data                                    0x20000032   Section        4  wifi.o(.data)
    .data                                    0x20000036   Section       44  communicate.o(.data)
    .bss                                     0x20000064   Section       20  lightsensor.o(.bss)
    .bss                                     0x20000078   Section     1024  communicate.o(.bss)
    STACK                                    0x20000478   Section     1024  startup_stm32f401xx.o(STACK)

    Global Symbols

    Symbol Name                              Value     Ov Type        Size  Object(Section)

    BuildAttributes$$THM_ISAv4$E$P$D$K$B$S$7EM$VFPi3$EXTD16$VFPS$VFMA$PE$A:L22UL41UL21$X:L11$S22US41US21$IEEE1$IW$USESV6$~STKCKD$USESV7$~SHL$OSPACE$ROPI$EBA8$MICROLIB$REQ8$PRES8$EABIv2 0x00000000   Number         0  anon$$obj.o ABSOLUTE
    __ARM_use_no_argv                        0x00000000   Number         0  main.o ABSOLUTE
    _printf_a                                0x00000000   Number         0  stubs.o ABSOLUTE
    _printf_c                                0x00000000   Number         0  stubs.o ABSOLUTE
    _printf_charcount                        0x00000000   Number         0  stubs.o ABSOLUTE
    _printf_d                                0x00000000   Number         0  stubs.o ABSOLUTE
    _printf_e                                0x00000000   Number         0  stubs.o ABSOLUTE
    _printf_f                                0x00000000   Number         0  stubs.o ABSOLUTE
    _printf_flags                            0x00000000   Number         0  stubs.o ABSOLUTE
    _printf_fp_dec                           0x00000000   Number         0  stubs.o ABSOLUTE
    _printf_fp_hex                           0x00000000   Number         0  stubs.o ABSOLUTE
    _printf_g                                0x00000000   Number         0  stubs.o ABSOLUTE
    _printf_i                                0x00000000   Number         0  stubs.o ABSOLUTE
    _printf_int_dec                          0x00000000   Number         0  stubs.o ABSOLUTE
    _printf_l                                0x00000000   Number         0  stubs.o ABSOLUTE
    _printf_lc                               0x00000000   Number         0  stubs.o ABSOLUTE
    _printf_ll                               0x00000000   Number         0  stubs.o ABSOLUTE
    _printf_lld                              0x00000000   Number         0  stubs.o ABSOLUTE
    _printf_lli                              0x00000000   Number         0  stubs.o ABSOLUTE
    _printf_llo                              0x00000000   Number         0  stubs.o ABSOLUTE
    _printf_llu                              0x00000000   Number         0  stubs.o ABSOLUTE
    _printf_llx                              0x00000000   Number         0  stubs.o ABSOLUTE
    _printf_longlong_dec                     0x00000000   Number         0  stubs.o ABSOLUTE
    _printf_longlong_hex                     0x00000000   Number         0  stubs.o ABSOLUTE
    _printf_longlong_oct                     0x00000000   Number         0  stubs.o ABSOLUTE
    _printf_ls                               0x00000000   Number         0  stubs.o ABSOLUTE
    _printf_mbtowc                           0x00000000   Number         0  stubs.o ABSOLUTE
    _printf_n                                0x00000000   Number         0  stubs.o ABSOLUTE
    _printf_o                                0x00000000   Number         0  stubs.o ABSOLUTE
    _printf_p                                0x00000000   Number         0  stubs.o ABSOLUTE
    _printf_percent                          0x00000000   Number         0  stubs.o ABSOLUTE
    _printf_pre_padding                      0x00000000   Number         0  stubs.o ABSOLUTE
    _printf_return_value                     0x00000000   Number         0  stubs.o ABSOLUTE
    _printf_s                                0x00000000   Number         0  stubs.o ABSOLUTE
    _printf_sizespec                         0x00000000   Number         0  stubs.o ABSOLUTE
    _printf_str                              0x00000000   Number         0  stubs.o ABSOLUTE
    _printf_truncate_signed                  0x00000000   Number         0  stubs.o ABSOLUTE
    _printf_truncate_unsigned                0x00000000   Number         0  stubs.o ABSOLUTE
    _printf_u                                0x00000000   Number         0  stubs.o ABSOLUTE
    _printf_wc                               0x00000000   Number         0  stubs.o ABSOLUTE
    _printf_wctomb                           0x00000000   Number         0  stubs.o ABSOLUTE
    _printf_widthprec                        0x00000000   Number         0  stubs.o ABSOLUTE
    _printf_x                                0x00000000   Number         0  stubs.o ABSOLUTE
    __arm_fini_                               - Undefined Weak Reference
    __cpp_initialize__aeabi_                  - Undefined Weak Reference
    __cxa_finalize                            - Undefined Weak Reference
    __decompress                              - Undefined Weak Reference
    _clock_init                               - Undefined Weak Reference
    _microlib_exit                            - Undefined Weak Reference
    __Vectors_Size                           0x00000194   Number         0  startup_stm32f401xx.o ABSOLUTE
    __Vectors                                0x08000000   Data           4  startup_stm32f401xx.o(RESET)
    __Vectors_End                            0x08000194   Data           0  startup_stm32f401xx.o(RESET)
    __main                                   0x08000195   Thumb Code     0  entry.o(.ARM.Collect$$$$00000000)
    _main_stk                                0x08000195   Thumb Code     0  entry2.o(.ARM.Collect$$$$00000001)
    _main_scatterload                        0x08000199   Thumb Code     0  entry5.o(.ARM.Collect$$$$00000004)
    __main_after_scatterload                 0x0800019d   Thumb Code     0  entry5.o(.ARM.Collect$$$$00000004)
    _main_clock                              0x0800019d   Thumb Code     0  entry7b.o(.ARM.Collect$$$$00000008)
    _main_cpp_init                           0x0800019d   Thumb Code     0  entry8b.o(.ARM.Collect$$$$0000000A)
    _main_init                               0x0800019d   Thumb Code     0  entry9a.o(.ARM.Collect$$$$0000000B)
    __rt_lib_shutdown_fini                   0x080001a5   Thumb Code     0  entry12b.o(.ARM.Collect$$$$0000000E)
    __rt_final_cpp                           0x080001a9   Thumb Code     0  entry10a.o(.ARM.Collect$$$$0000000F)
    __rt_final_exit                          0x080001a9   Thumb Code     0  entry11a.o(.ARM.Collect$$$$00000011)
    Reset_Handler                            0x080001ad   Thumb Code     8  startup_stm32f401xx.o(.text)
    DMA1_Stream0_IRQHandler                  0x080001c7   Thumb Code     0  startup_stm32f401xx.o(.text)
    DMA1_Stream1_IRQHandler                  0x080001c7   Thumb Code     0  startup_stm32f401xx.o(.text)
    DMA1_Stream2_IRQHandler                  0x080001c7   Thumb Code     0  startup_stm32f401xx.o(.text)
    DMA1_Stream3_IRQHandler                  0x080001c7   Thumb Code     0  startup_stm32f401xx.o(.text)
    DMA1_Stream4_IRQHandler                  0x080001c7   Thumb Code     0  startup_stm32f401xx.o(.text)
    DMA1_Stream5_IRQHandler                  0x080001c7   Thumb Code     0  startup_stm32f401xx.o(.text)
    DMA1_Stream6_IRQHandler                  0x080001c7   Thumb Code     0  startup_stm32f401xx.o(.text)
    DMA1_Stream7_IRQHandler                  0x080001c7   Thumb Code     0  startup_stm32f401xx.o(.text)
    DMA2_Stream0_IRQHandler                  0x080001c7   Thumb Code     0  startup_stm32f401xx.o(.text)
    DMA2_Stream2_IRQHandler                  0x080001c7   Thumb Code     0  startup_stm32f401xx.o(.text)
    DMA2_Stream3_IRQHandler                  0x080001c7   Thumb Code     0  startup_stm32f401xx.o(.text)
    DMA2_Stream4_IRQHandler                  0x080001c7   Thumb Code     0  startup_stm32f401xx.o(.text)
    EXTI0_IRQHandler                         0x080001c7   Thumb Code     0  startup_stm32f401xx.o(.text)
    EXTI15_10_IRQHandler                     0x080001c7   Thumb Code     0  startup_stm32f401xx.o(.text)
    EXTI1_IRQHandler                         0x080001c7   Thumb Code     0  startup_stm32f401xx.o(.text)
    EXTI2_IRQHandler                         0x080001c7   Thumb Code     0  startup_stm32f401xx.o(.text)
    EXTI3_IRQHandler                         0x080001c7   Thumb Code     0  startup_stm32f401xx.o(.text)
    EXTI4_IRQHandler                         0x080001c7   Thumb Code     0  startup_stm32f401xx.o(.text)
    FLASH_IRQHandler                         0x080001c7   Thumb Code     0  startup_stm32f401xx.o(.text)
    FPU_IRQHandler                           0x080001c7   Thumb Code     0  startup_stm32f401xx.o(.text)
    I2C1_ER_IRQHandler                       0x080001c7   Thumb Code     0  startup_stm32f401xx.o(.text)
    I2C1_EV_IRQHandler                       0x080001c7   Thumb Code     0  startup_stm32f401xx.o(.text)
    I2C2_ER_IRQHandler                       0x080001c7   Thumb Code     0  startup_stm32f401xx.o(.text)
    I2C2_EV_IRQHandler                       0x080001c7   Thumb Code     0  startup_stm32f401xx.o(.text)
    I2C3_ER_IRQHandler                       0x080001c7   Thumb Code     0  startup_stm32f401xx.o(.text)
    I2C3_EV_IRQHandler                       0x080001c7   Thumb Code     0  startup_stm32f401xx.o(.text)
    OTG_FS_IRQHandler                        0x080001c7   Thumb Code     0  startup_stm32f401xx.o(.text)
    OTG_FS_WKUP_IRQHandler                   0x080001c7   Thumb Code     0  startup_stm32f401xx.o(.text)
    PVD_IRQHandler                           0x080001c7   Thumb Code     0  startup_stm32f401xx.o(.text)
    RCC_IRQHandler                           0x080001c7   Thumb Code     0  startup_stm32f401xx.o(.text)
    RTC_Alarm_IRQHandler                     0x080001c7   Thumb Code     0  startup_stm32f401xx.o(.text)
    RTC_WKUP_IRQHandler                      0x080001c7   Thumb Code     0  startup_stm32f401xx.o(.text)
    SDIO_IRQHandler                          0x080001c7   Thumb Code     0  startup_stm32f401xx.o(.text)
    SPI1_IRQHandler                          0x080001c7   Thumb Code     0  startup_stm32f401xx.o(.text)
    SPI2_IRQHandler                          0x080001c7   Thumb Code     0  startup_stm32f401xx.o(.text)
    SPI3_IRQHandler                          0x080001c7   Thumb Code     0  startup_stm32f401xx.o(.text)
    SPI4_IRQHandler                          0x080001c7   Thumb Code     0  startup_stm32f401xx.o(.text)
    TAMP_STAMP_IRQHandler                    0x080001c7   Thumb Code     0  startup_stm32f401xx.o(.text)
    TIM1_BRK_TIM9_IRQHandler                 0x080001c7   Thumb Code     0  startup_stm32f401xx.o(.text)
    TIM1_CC_IRQHandler                       0x080001c7   Thumb Code     0  startup_stm32f401xx.o(.text)
    TIM1_TRG_COM_TIM11_IRQHandler            0x080001c7   Thumb Code     0  startup_stm32f401xx.o(.text)
    TIM1_UP_TIM10_IRQHandler                 0x080001c7   Thumb Code     0  startup_stm32f401xx.o(.text)
    TIM2_IRQHandler                          0x080001c7   Thumb Code     0  startup_stm32f401xx.o(.text)
    TIM5_IRQHandler                          0x080001c7   Thumb Code     0  startup_stm32f401xx.o(.text)
    USART2_IRQHandler                        0x080001c7   Thumb Code     0  startup_stm32f401xx.o(.text)
    WWDG_IRQHandler                          0x080001c7   Thumb Code     0  startup_stm32f401xx.o(.text)
    __aeabi_memcpy                           0x080001d1   Thumb Code    36  memcpya.o(.text)
    __aeabi_memcpy4                          0x080001d1   Thumb Code     0  memcpya.o(.text)
    __aeabi_memcpy8                          0x080001d1   Thumb Code     0  memcpya.o(.text)
    strstr                                   0x080001f5   Thumb Code    36  strstr.o(.text)
    strlen                                   0x08000219   Thumb Code    14  strlen.o(.text)
    strcpy                                   0x08000227   Thumb Code    18  strcpy.o(.text)
    __aeabi_uldivmod                         0x08000239   Thumb Code    98  uldiv.o(.text)
    __scatterload                            0x0800029d   Thumb Code    28  init.o(.text)
    __scatterload_rt2                        0x0800029d   Thumb Code     0  init.o(.text)
    __aeabi_llsl                             0x080002c1   Thumb Code    30  llshl.o(.text)
    _ll_shift_l                              0x080002c1   Thumb Code     0  llshl.o(.text)
    __aeabi_llsr                             0x080002df   Thumb Code    32  llushr.o(.text)
    _ll_ushift_r                             0x080002df   Thumb Code     0  llushr.o(.text)
    ADC_ClearITPendingBit                    0x080002ff   Thumb Code    10  stm32f4xx_adc.o(i.ADC_ClearITPendingBit)
    ADC_GetConversionValue                   0x08000309   Thumb Code     8  stm32f4xx_adc.o(i.ADC_GetConversionValue)
    ADC_GetITStatus                          0x08000311   Thumb Code    38  stm32f4xx_adc.o(i.ADC_GetITStatus)
    ADC_IRQHandler                           0x08000339   Thumb Code    64  lightsensor.o(i.ADC_IRQHandler)
    BusFault_Handler                         0x08000385   Thumb Code     4  stm32f4xx_it.o(i.BusFault_Handler)
    Communicate_Init                         0x08000389   Thumb Code   246  communicate.o(i.Communicate_Init)
    Communicate_WiFiCheck                    0x080004b9   Thumb Code    36  communicate.o(i.Communicate_WiFiCheck)
    Communicate_WiFiConfig                   0x080004e1   Thumb Code   548  communicate.o(i.Communicate_WiFiConfig)
    Communicate_WiFiRX                       0x080007f5   Thumb Code    36  communicate.o(i.Communicate_WiFiRX)
    Communicate_ZigBeeCheck                  0x0800081d   Thumb Code    36  communicate.o(i.Communicate_ZigBeeCheck)
    Communicate_ZigBeeConfig                 0x08000845   Thumb Code   234  communicate.o(i.Communicate_ZigBeeConfig)
    Communicate_ZigBeeRX                     0x0800099d   Thumb Code    36  communicate.o(i.Communicate_ZigBeeRX)
    Communicate_ZigBeeTX                     0x080009c5   Thumb Code   118  communicate.o(i.Communicate_ZigBeeTX)
    DMA2_Stream1_IRQHandler                  0x08000a85   Thumb Code    36  wifi.o(i.DMA2_Stream1_IRQHandler)
    DMA2_Stream5_IRQHandler                  0x08000ab5   Thumb Code    36  zigbee.o(i.DMA2_Stream5_IRQHandler)
    DMA2_Stream6_IRQHandler                  0x08000ae5   Thumb Code    28  wifi.o(i.DMA2_Stream6_IRQHandler)
    DMA2_Stream7_IRQHandler                  0x08000b0d   Thumb Code    28  zigbee.o(i.DMA2_Stream7_IRQHandler)
    DMA_ClearITPendingBit                    0x08000b35   Thumb Code    38  stm32f4xx_dma.o(i.DMA_ClearITPendingBit)
    DMA_Cmd                                  0x08000b69   Thumb Code    22  stm32f4xx_dma.o(i.DMA_Cmd)
    DMA_GetCurrDataCounter                   0x08000b7f   Thumb Code     8  stm32f4xx_dma.o(i.DMA_GetCurrDataCounter)
    DMA_GetITStatus                          0x08000b89   Thumb Code    82  stm32f4xx_dma.o(i.DMA_GetITStatus)
    DMA_ITConfig                             0x08000bed   Thumb Code    58  stm32f4xx_dma.o(i.DMA_ITConfig)
    DMA_Init                                 0x08000c29   Thumb Code    82  stm32f4xx_dma.o(i.DMA_Init)
    DMA_SetCurrDataCounter                   0x08000c81   Thumb Code     4  stm32f4xx_dma.o(i.DMA_SetCurrDataCounter)
    DebugMon_Handler                         0x08000c85   Thumb Code     2  stm32f4xx_it.o(i.DebugMon_Handler)
    Delay_ms                                 0x08000c89   Thumb Code    68  delay.o(i.Delay_ms)
    Delay_us                                 0x08000cd1   Thumb Code    66  delay.o(i.Delay_us)
    Display_Clear                            0x08000d1d   Thumb Code    64  display.o(i.Display_Clear)
    Display_HardwareInit                     0x08000d5d   Thumb Code    96  display.o(i.Display_HardwareInit)
    Display_Init                             0x08000dc1   Thumb Code   224  display.o(i.Display_Init)
    Display_SetPosition                      0x08000ea1   Thumb Code    42  display.o(i.Display_SetPosition)
    Display_ShowChar                         0x08000ecd   Thumb Code   178  display.o(i.Display_ShowChar)
    Display_ShowString                       0x08000f89   Thumb Code   126  display.o(i.Display_ShowString)
    EXTI9_5_IRQHandler                       0x08001009   Thumb Code    48  button.o(i.EXTI9_5_IRQHandler)
    EXTI_ClearITPendingBit                   0x08001041   Thumb Code     6  stm32f4xx_exti.o(i.EXTI_ClearITPendingBit)
    EXTI_GetITStatus                         0x0800104d   Thumb Code    20  stm32f4xx_exti.o(i.EXTI_GetITStatus)
    GPIO_Init                                0x08001065   Thumb Code   144  stm32f4xx_gpio.o(i.GPIO_Init)
    GPIO_PinAFConfig                         0x080010f5   Thumb Code    70  stm32f4xx_gpio.o(i.GPIO_PinAFConfig)
    GPIO_ReadInputDataBit                    0x0800113b   Thumb Code    18  stm32f4xx_gpio.o(i.GPIO_ReadInputDataBit)
    GPIO_ResetBits                           0x0800114d   Thumb Code     4  stm32f4xx_gpio.o(i.GPIO_ResetBits)
    GPIO_SetBits                             0x08001151   Thumb Code     4  stm32f4xx_gpio.o(i.GPIO_SetBits)
    HardFault_Handler                        0x08001155   Thumb Code     4  stm32f4xx_it.o(i.HardFault_Handler)
    I2C_CheckACK                             0x08001159   Thumb Code    74  display.o(i.I2C_CheckACK)
    I2C_Start                                0x080011a9   Thumb Code    48  display.o(i.I2C_Start)
    I2C_Stop                                 0x080011dd   Thumb Code    48  display.o(i.I2C_Stop)
    I2C_TransmitByte                         0x08001211   Thumb Code    88  display.o(i.I2C_TransmitByte)
    I2C_TransmitDataCommand                  0x0800126d   Thumb Code    76  display.o(i.I2C_TransmitDataCommand)
    MemManage_Handler                        0x080012b9   Thumb Code     4  stm32f4xx_it.o(i.MemManage_Handler)
    NMI_Handler                              0x080012bd   Thumb Code     2  stm32f4xx_it.o(i.NMI_Handler)
    NVIC_Init                                0x080012c1   Thumb Code   106  misc.o(i.NVIC_Init)
    NVIC_PriorityGroupConfig                 0x08001339   Thumb Code    10  misc.o(i.NVIC_PriorityGroupConfig)
    PendSV_Handler                           0x0800134d   Thumb Code     2  stm32f4xx_it.o(i.PendSV_Handler)
    RCC_AHB1PeriphClockCmd                   0x08001351   Thumb Code    26  stm32f4xx_rcc.o(i.RCC_AHB1PeriphClockCmd)
    RCC_APB2PeriphClockCmd                   0x08001371   Thumb Code    26  stm32f4xx_rcc.o(i.RCC_APB2PeriphClockCmd)
    RCC_GetClocksFreq                        0x08001391   Thumb Code   214  stm32f4xx_rcc.o(i.RCC_GetClocksFreq)
    SVC_Handler                              0x08001479   Thumb Code     2  stm32f4xx_it.o(i.SVC_Handler)
    SysTick_Handler                          0x08001565   Thumb Code     2  stm32f4xx_it.o(i.SysTick_Handler)
    SystemInit                               0x08001569   Thumb Code    88  system_stm32f4xx.o(i.SystemInit)
    TIM3_IRQHandler                          0x080015d1   Thumb Code    90  button.o(i.TIM3_IRQHandler)
    TIM4_IRQHandler                          0x0800163d   Thumb Code    90  button.o(i.TIM4_IRQHandler)
    TIM_ClearITPendingBit                    0x080016a9   Thumb Code     6  stm32f4xx_tim.o(i.TIM_ClearITPendingBit)
    TIM_Cmd                                  0x080016af   Thumb Code    24  stm32f4xx_tim.o(i.TIM_Cmd)
    TIM_GetITStatus                          0x080016c7   Thumb Code    34  stm32f4xx_tim.o(i.TIM_GetITStatus)
    TIM_SetCounter                           0x080016e9   Thumb Code     4  stm32f4xx_tim.o(i.TIM_SetCounter)
    USART1_DMAReceiveInit                    0x080016ed   Thumb Code   140  zigbee.o(i.USART1_DMAReceiveInit)
    USART1_DMATransmitInit                   0x08001785   Thumb Code   134  zigbee.o(i.USART1_DMATransmitInit)
    USART1_IRQHandler                        0x08001819   Thumb Code    50  zigbee.o(i.USART1_IRQHandler)
    USART1_Init                              0x08001859   Thumb Code   124  zigbee.o(i.USART1_Init)
    USART6_DMAReceiveInit                    0x080018d9   Thumb Code   140  wifi.o(i.USART6_DMAReceiveInit)
    USART6_DMATransmitInit                   0x08001971   Thumb Code   134  wifi.o(i.USART6_DMATransmitInit)
    USART6_IRQHandler                        0x08001a05   Thumb Code    50  wifi.o(i.USART6_IRQHandler)
    USART6_Init                              0x08001a45   Thumb Code   124  wifi.o(i.USART6_Init)
    USART_Cmd                                0x08001ac5   Thumb Code    24  stm32f4xx_usart.o(i.USART_Cmd)
    USART_DMACmd                             0x08001add   Thumb Code    18  stm32f4xx_usart.o(i.USART_DMACmd)
    USART_GetITStatus                        0x08001aef   Thumb Code    84  stm32f4xx_usart.o(i.USART_GetITStatus)
    USART_ITConfig                           0x08001b43   Thumb Code    74  stm32f4xx_usart.o(i.USART_ITConfig)
    USART_Init                               0x08001b8d   Thumb Code   204  stm32f4xx_usart.o(i.USART_Init)
    USART_ReceiveData                        0x08001c61   Thumb Code    10  stm32f4xx_usart.o(i.USART_ReceiveData)
    UsageFault_Handler                       0x08001c6b   Thumb Code     4  stm32f4xx_it.o(i.UsageFault_Handler)
    WiFi_Init                                0x08001c71   Thumb Code   120  wifi.o(i.WiFi_Init)
    WiFi_ReceiveString                       0x08001ced   Thumb Code    54  wifi.o(i.WiFi_ReceiveString)
    WiFi_TransmitString                      0x08001d2d   Thumb Code    78  wifi.o(i.WiFi_TransmitString)
    ZigBee_Init                              0x08001d85   Thumb Code   120  zigbee.o(i.ZigBee_Init)
    ZigBee_ReceiveString                     0x08001e01   Thumb Code    54  zigbee.o(i.ZigBee_ReceiveString)
    ZigBee_TransmitString                    0x08001e41   Thumb Code    78  zigbee.o(i.ZigBee_TransmitString)
    __0sprintf$8                             0x08001e99   Thumb Code    34  printf8.o(i.__0sprintf$8)
    __1sprintf$8                             0x08001e99   Thumb Code     0  printf8.o(i.__0sprintf$8)
    __2sprintf                               0x08001e99   Thumb Code     0  printf8.o(i.__0sprintf$8)
    __scatterload_copy                       0x08001ec1   Thumb Code    14  handlers.o(i.__scatterload_copy)
    __scatterload_null                       0x08001ecf   Thumb Code     2  handlers.o(i.__scatterload_null)
    __scatterload_zeroinit                   0x08001ed1   Thumb Code    14  handlers.o(i.__scatterload_zeroinit)
    main                                     0x08002341   Thumb Code   142  main.o(i.main)
    F6x8                                     0x080024ec   Data         552  display.o(.constdata)
    F8X16                                    0x08002714   Data        1520  display.o(.constdata)
    Region$$Table$$Base                      0x08002d04   Number         0  anon$$obj.o(Region$$Table)
    Region$$Table$$Limit                     0x08002d24   Number         0  anon$$obj.o(Region$$Table)
    SystemCoreClock                          0x20000000   Data           4  system_stm32f4xx.o(.data)
    AHBPrescTable                            0x20000004   Data          16  system_stm32f4xx.o(.data)
    Threshold                                0x20000024   Data           4  lightsensor.o(.data)
    ConvertRatio                             0x20000028   Data           4  lightsensor.o(.data)
    ZigBeeStringReceive_Flag                 0x2000002e   Data           1  zigbee.o(.data)
    ZigBeeStringTransmit_Flag                0x2000002f   Data           1  zigbee.o(.data)
    ZigBeeDataLength                         0x20000030   Data           2  zigbee.o(.data)
    WiFiStringReceive_Flag                   0x20000032   Data           1  wifi.o(.data)
    WiFiStringTransmit_Flag                  0x20000033   Data           1  wifi.o(.data)
    WiFiDataLength                           0x20000034   Data           2  wifi.o(.data)
    ZigBee_ID                                0x20000036   Data           1  communicate.o(.data)
    WiFi_Name                                0x20000037   Data          11  communicate.o(.data)
    WiFi_Password                            0x20000042   Data          11  communicate.o(.data)
    Socket_IP                                0x2000004d   Data          18  communicate.o(.data)
    Socket_Port                              0x20000060   Data           2  communicate.o(.data)
    Data                                     0x20000064   Data          20  lightsensor.o(.bss)
    ZigBee_TXBuffer                          0x20000078   Data         256  communicate.o(.bss)
    ZigBee_RXBuffer                          0x20000178   Data         256  communicate.o(.bss)
    WiFi_TXBuffer                            0x20000278   Data         256  communicate.o(.bss)
    WiFi_RXBuffer                            0x20000378   Data         256  communicate.o(.bss)
    __initial_sp                             0x20000878   Data           0  startup_stm32f401xx.o(STACK)



==============================================================================

Memory Map of the image

  Image Entry point : 0x08000195

  Load Region LR_IROM1 (Base: 0x08000000, Size: 0x00002d88, Max: 0x00080000, ABSOLUTE)

    Execution Region ER_IROM1 (Exec base: 0x08000000, Load base: 0x08000000, Size: 0x00002d24, Max: 0x00080000, ABSOLUTE)

    Exec Addr    Load Addr    Size         Type   Attr      Idx    E Section Name        Object

    0x08000000   0x08000000   0x00000194   Data   RO          126    RESET               startup_stm32f401xx.o
    0x08000194   0x08000194   0x00000000   Code   RO         5855  * .ARM.Collect$$$$00000000  mc_w.l(entry.o)
    0x08000194   0x08000194   0x00000004   Code   RO         6133    .ARM.Collect$$$$00000001  mc_w.l(entry2.o)
    0x08000198   0x08000198   0x00000004   Code   RO         6136    .ARM.Collect$$$$00000004  mc_w.l(entry5.o)
    0x0800019c   0x0800019c   0x00000000   Code   RO         6138    .ARM.Collect$$$$00000008  mc_w.l(entry7b.o)
    0x0800019c   0x0800019c   0x00000000   Code   RO         6140    .ARM.Collect$$$$0000000A  mc_w.l(entry8b.o)
    0x0800019c   0x0800019c   0x00000008   Code   RO         6141    .ARM.Collect$$$$0000000B  mc_w.l(entry9a.o)
    0x080001a4   0x080001a4   0x00000004   Code   RO         6148    .ARM.Collect$$$$0000000E  mc_w.l(entry12b.o)
    0x080001a8   0x080001a8   0x00000000   Code   RO         6143    .ARM.Collect$$$$0000000F  mc_w.l(entry10a.o)
    0x080001a8   0x080001a8   0x00000000   Code   RO         6145    .ARM.Collect$$$$00000011  mc_w.l(entry11a.o)
    0x080001a8   0x080001a8   0x00000004   Code   RO         6134    .ARM.Collect$$$$00002712  mc_w.l(entry2.o)
    0x080001ac   0x080001ac   0x00000024   Code   RO          127    .text               startup_stm32f401xx.o
    0x080001d0   0x080001d0   0x00000024   Code   RO         5858    .text               mc_w.l(memcpya.o)
    0x080001f4   0x080001f4   0x00000024   Code   RO         5860    .text               mc_w.l(strstr.o)
    0x08000218   0x08000218   0x0000000e   Code   RO         5862    .text               mc_w.l(strlen.o)
    0x08000226   0x08000226   0x00000012   Code   RO         5864    .text               mc_w.l(strcpy.o)
    0x08000238   0x08000238   0x00000062   Code   RO         6152    .text               mc_w.l(uldiv.o)
    0x0800029a   0x0800029a   0x00000002   PAD
    0x0800029c   0x0800029c   0x00000024   Code   RO         6163    .text               mc_w.l(init.o)
    0x080002c0   0x080002c0   0x0000001e   Code   RO         6165    .text               mc_w.l(llshl.o)
    0x080002de   0x080002de   0x00000020   Code   RO         6167    .text               mc_w.l(llushr.o)
    0x080002fe   0x080002fe   0x0000000a   Code   RO          302    i.ADC_ClearITPendingBit  stm32f4xx_adc.o
    0x08000308   0x08000308   0x00000008   Code   RO          315    i.ADC_GetConversionValue  stm32f4xx_adc.o
    0x08000310   0x08000310   0x00000026   Code   RO          317    i.ADC_GetITStatus   stm32f4xx_adc.o
    0x08000336   0x08000336   0x00000002   PAD
    0x08000338   0x08000338   0x0000004c   Code   RO         5280    i.ADC_IRQHandler    lightsensor.o
    0x08000384   0x08000384   0x00000004   Code   RO          134    i.BusFault_Handler  stm32f4xx_it.o
    0x08000388   0x08000388   0x00000130   Code   RO         5779    i.Communicate_Init  communicate.o
    0x080004b8   0x080004b8   0x00000028   Code   RO         5780    i.Communicate_WiFiCheck  communicate.o
    0x080004e0   0x080004e0   0x00000314   Code   RO         5781    i.Communicate_WiFiConfig  communicate.o
    0x080007f4   0x080007f4   0x00000028   Code   RO         5782    i.Communicate_WiFiRX  communicate.o
    0x0800081c   0x0800081c   0x00000028   Code   RO         5784    i.Communicate_ZigBeeCheck  communicate.o
    0x08000844   0x08000844   0x00000158   Code   RO         5785    i.Communicate_ZigBeeConfig  communicate.o
    0x0800099c   0x0800099c   0x00000028   Code   RO         5786    i.Communicate_ZigBeeRX  communicate.o
    0x080009c4   0x080009c4   0x000000c0   Code   RO         5787    i.Communicate_ZigBeeTX  communicate.o
    0x08000a84   0x08000a84   0x00000030   Code   RO         5512    i.DMA2_Stream1_IRQHandler  wifi.o
    0x08000ab4   0x08000ab4   0x00000030   Code   RO         5425    i.DMA2_Stream5_IRQHandler  zigbee.o
    0x08000ae4   0x08000ae4   0x00000028   Code   RO         5513    i.DMA2_Stream6_IRQHandler  wifi.o
    0x08000b0c   0x08000b0c   0x00000028   Code   RO         5426    i.DMA2_Stream7_IRQHandler  zigbee.o
    0x08000b34   0x08000b34   0x00000034   Code   RO         1335    i.DMA_ClearITPendingBit  stm32f4xx_dma.o
    0x08000b68   0x08000b68   0x00000016   Code   RO         1336    i.DMA_Cmd           stm32f4xx_dma.o
    0x08000b7e   0x08000b7e   0x00000008   Code   RO         1342    i.DMA_GetCurrDataCounter  stm32f4xx_dma.o
    0x08000b86   0x08000b86   0x00000002   PAD
    0x08000b88   0x08000b88   0x00000064   Code   RO         1346    i.DMA_GetITStatus   stm32f4xx_dma.o
    0x08000bec   0x08000bec   0x0000003a   Code   RO         1347    i.DMA_ITConfig      stm32f4xx_dma.o
    0x08000c26   0x08000c26   0x00000002   PAD
    0x08000c28   0x08000c28   0x00000058   Code   RO         1348    i.DMA_Init          stm32f4xx_dma.o
    0x08000c80   0x08000c80   0x00000004   Code   RO         1351    i.DMA_SetCurrDataCounter  stm32f4xx_dma.o
    0x08000c84   0x08000c84   0x00000002   Code   RO          135    i.DebugMon_Handler  stm32f4xx_it.o
    0x08000c86   0x08000c86   0x00000002   PAD
    0x08000c88   0x08000c88   0x00000048   Code   RO         5121    i.Delay_ms          delay.o
    0x08000cd0   0x08000cd0   0x0000004c   Code   RO         5122    i.Delay_us          delay.o
    0x08000d1c   0x08000d1c   0x00000040   Code   RO         5665    i.Display_Clear     display.o
    0x08000d5c   0x08000d5c   0x00000064   Code   RO         5667    i.Display_HardwareInit  display.o
    0x08000dc0   0x08000dc0   0x000000e0   Code   RO         5668    i.Display_Init      display.o
    0x08000ea0   0x08000ea0   0x0000002a   Code   RO         5672    i.Display_SetPosition  display.o
    0x08000eca   0x08000eca   0x00000002   PAD
    0x08000ecc   0x08000ecc   0x000000bc   Code   RO         5673    i.Display_ShowChar  display.o
    0x08000f88   0x08000f88   0x0000007e   Code   RO         5674    i.Display_ShowString  display.o
    0x08001006   0x08001006   0x00000002   PAD
    0x08001008   0x08001008   0x00000038   Code   RO         5152    i.EXTI9_5_IRQHandler  button.o
    0x08001040   0x08001040   0x0000000c   Code   RO         1623    i.EXTI_ClearITPendingBit  stm32f4xx_exti.o
    0x0800104c   0x0800104c   0x00000018   Code   RO         1627    i.EXTI_GetITStatus  stm32f4xx_exti.o
    0x08001064   0x08001064   0x00000090   Code   RO         2001    i.GPIO_Init         stm32f4xx_gpio.o
    0x080010f4   0x080010f4   0x00000046   Code   RO         2002    i.GPIO_PinAFConfig  stm32f4xx_gpio.o
    0x0800113a   0x0800113a   0x00000012   Code   RO         2005    i.GPIO_ReadInputDataBit  stm32f4xx_gpio.o
    0x0800114c   0x0800114c   0x00000004   Code   RO         2008    i.GPIO_ResetBits    stm32f4xx_gpio.o
    0x08001150   0x08001150   0x00000004   Code   RO         2009    i.GPIO_SetBits      stm32f4xx_gpio.o
    0x08001154   0x08001154   0x00000004   Code   RO          136    i.HardFault_Handler  stm32f4xx_it.o
    0x08001158   0x08001158   0x00000050   Code   RO         5675    i.I2C_CheckACK      display.o
    0x080011a8   0x080011a8   0x00000034   Code   RO         5676    i.I2C_Start         display.o
    0x080011dc   0x080011dc   0x00000034   Code   RO         5677    i.I2C_Stop          display.o
    0x08001210   0x08001210   0x0000005c   Code   RO         5678    i.I2C_TransmitByte  display.o
    0x0800126c   0x0800126c   0x0000004c   Code   RO         5679    i.I2C_TransmitDataCommand  display.o
    0x080012b8   0x080012b8   0x00000004   Code   RO          137    i.MemManage_Handler  stm32f4xx_it.o
    0x080012bc   0x080012bc   0x00000002   Code   RO          138    i.NMI_Handler       stm32f4xx_it.o
    0x080012be   0x080012be   0x00000002   PAD
    0x080012c0   0x080012c0   0x00000078   Code   RO          249    i.NVIC_Init         misc.o
    0x08001338   0x08001338   0x00000014   Code   RO          250    i.NVIC_PriorityGroupConfig  misc.o
    0x0800134c   0x0800134c   0x00000002   Code   RO          139    i.PendSV_Handler    stm32f4xx_it.o
    0x0800134e   0x0800134e   0x00000002   PAD
    0x08001350   0x08001350   0x00000020   Code   RO         3492    i.RCC_AHB1PeriphClockCmd  stm32f4xx_rcc.o
    0x08001370   0x08001370   0x00000020   Code   RO         3501    i.RCC_APB2PeriphClockCmd  stm32f4xx_rcc.o
    0x08001390   0x08001390   0x000000e8   Code   RO         3510    i.RCC_GetClocksFreq  stm32f4xx_rcc.o
    0x08001478   0x08001478   0x00000002   Code   RO          140    i.SVC_Handler       stm32f4xx_it.o
    0x0800147a   0x0800147a   0x00000002   PAD
    0x0800147c   0x0800147c   0x000000e8   Code   RO            4    i.SetSysClock       system_stm32f4xx.o
    0x08001564   0x08001564   0x00000002   Code   RO          141    i.SysTick_Handler   stm32f4xx_it.o
    0x08001566   0x08001566   0x00000002   PAD
    0x08001568   0x08001568   0x00000068   Code   RO            6    i.SystemInit        system_stm32f4xx.o
    0x080015d0   0x080015d0   0x0000006c   Code   RO         5153    i.TIM3_IRQHandler   button.o
    0x0800163c   0x0800163c   0x0000006c   Code   RO         5155    i.TIM4_IRQHandler   button.o
    0x080016a8   0x080016a8   0x00000006   Code   RO         4258    i.TIM_ClearITPendingBit  stm32f4xx_tim.o
    0x080016ae   0x080016ae   0x00000018   Code   RO         4263    i.TIM_Cmd           stm32f4xx_tim.o
    0x080016c6   0x080016c6   0x00000022   Code   RO         4284    i.TIM_GetITStatus   stm32f4xx_tim.o
    0x080016e8   0x080016e8   0x00000004   Code   RO         4329    i.TIM_SetCounter    stm32f4xx_tim.o
    0x080016ec   0x080016ec   0x00000098   Code   RO         5427    i.USART1_DMAReceiveInit  zigbee.o
    0x08001784   0x08001784   0x00000094   Code   RO         5428    i.USART1_DMATransmitInit  zigbee.o
    0x08001818   0x08001818   0x00000040   Code   RO         5429    i.USART1_IRQHandler  zigbee.o
    0x08001858   0x08001858   0x00000080   Code   RO         5430    i.USART1_Init       zigbee.o
    0x080018d8   0x080018d8   0x00000098   Code   RO         5514    i.USART6_DMAReceiveInit  wifi.o
    0x08001970   0x08001970   0x00000094   Code   RO         5515    i.USART6_DMATransmitInit  wifi.o
    0x08001a04   0x08001a04   0x00000040   Code   RO         5516    i.USART6_IRQHandler  wifi.o
    0x08001a44   0x08001a44   0x00000080   Code   RO         5517    i.USART6_Init       wifi.o
    0x08001ac4   0x08001ac4   0x00000018   Code   RO         4817    i.USART_Cmd         stm32f4xx_usart.o
    0x08001adc   0x08001adc   0x00000012   Code   RO         4818    i.USART_DMACmd      stm32f4xx_usart.o
    0x08001aee   0x08001aee   0x00000054   Code   RO         4821    i.USART_GetITStatus  stm32f4xx_usart.o
    0x08001b42   0x08001b42   0x0000004a   Code   RO         4823    i.USART_ITConfig    stm32f4xx_usart.o
    0x08001b8c   0x08001b8c   0x000000d4   Code   RO         4824    i.USART_Init        stm32f4xx_usart.o
    0x08001c60   0x08001c60   0x0000000a   Code   RO         4831    i.USART_ReceiveData  stm32f4xx_usart.o
    0x08001c6a   0x08001c6a   0x00000004   Code   RO          142    i.UsageFault_Handler  stm32f4xx_it.o
    0x08001c6e   0x08001c6e   0x00000002   PAD
    0x08001c70   0x08001c70   0x0000007c   Code   RO         5518    i.WiFi_Init         wifi.o
    0x08001cec   0x08001cec   0x00000040   Code   RO         5520    i.WiFi_ReceiveString  wifi.o
    0x08001d2c   0x08001d2c   0x00000058   Code   RO         5522    i.WiFi_TransmitString  wifi.o
    0x08001d84   0x08001d84   0x0000007c   Code   RO         5431    i.ZigBee_Init       zigbee.o
    0x08001e00   0x08001e00   0x00000040   Code   RO         5433    i.ZigBee_ReceiveString  zigbee.o
    0x08001e40   0x08001e40   0x00000058   Code   RO         5435    i.ZigBee_TransmitString  zigbee.o
    0x08001e98   0x08001e98   0x00000028   Code   RO         6077    i.__0sprintf$8      mc_w.l(printf8.o)
    0x08001ec0   0x08001ec0   0x0000000e   Code   RO         6175    i.__scatterload_copy  mc_w.l(handlers.o)
    0x08001ece   0x08001ece   0x00000002   Code   RO         6176    i.__scatterload_null  mc_w.l(handlers.o)
    0x08001ed0   0x08001ed0   0x0000000e   Code   RO         6177    i.__scatterload_zeroinit  mc_w.l(handlers.o)
    0x08001ede   0x08001ede   0x00000002   PAD
    0x08001ee0   0x08001ee0   0x00000404   Code   RO         6082    i._printf_core      mc_w.l(printf8.o)
    0x080022e4   0x080022e4   0x00000024   Code   RO         6083    i._printf_post_padding  mc_w.l(printf8.o)
    0x08002308   0x08002308   0x0000002e   Code   RO         6084    i._printf_pre_padding  mc_w.l(printf8.o)
    0x08002336   0x08002336   0x0000000a   Code   RO         6086    i._sputc            mc_w.l(printf8.o)
    0x08002340   0x08002340   0x000000ac   Code   RO         5074    i.main              main.o
    0x080023ec   0x080023ec   0x00000100   Data   RO         5075    .constdata          main.o
    0x080024ec   0x080024ec   0x00000818   Data   RO         5680    .constdata          display.o
    0x08002d04   0x08002d04   0x00000020   Data   RO         6173    Region$$Table       anon$$obj.o


    Execution Region RW_IRAM1 (Exec base: 0x20000000, Load base: 0x08002d24, Size: 0x00000878, Max: 0x00018000, ABSOLUTE)

    Exec Addr    Load Addr    Size         Type   Attr      Idx    E Section Name        Object

    0x20000000   0x08002d24   0x00000014   Data   RW            7    .data               system_stm32f4xx.o
    0x20000014   0x08002d38   0x00000010   Data   RW         3540    .data               stm32f4xx_rcc.o
    0x20000024   0x08002d48   0x00000009   Data   RW         5285    .data               lightsensor.o
    0x2000002d   0x08002d51   0x00000001   PAD
    0x2000002e   0x08002d52   0x00000004   Data   RW         5436    .data               zigbee.o
    0x20000032   0x08002d56   0x00000004   Data   RW         5523    .data               wifi.o
    0x20000036   0x08002d5a   0x0000002c   Data   RW         5789    .data               communicate.o
    0x20000062   0x08002d86   0x00000002   PAD
    0x20000064        -       0x00000014   Zero   RW         5284    .bss                lightsensor.o
    0x20000078        -       0x00000400   Zero   RW         5788    .bss                communicate.o
    0x20000478        -       0x00000400   Zero   RW          124    STACK               startup_stm32f401xx.o


==============================================================================

Image component sizes


      Code (inc. data)   RO Data    RW Data    ZI Data      Debug   Object Name

       272         44          0          0          0       1809   button.o
      1788        498          0         44       1024       7498   communicate.o
       148         14          0          0          0       1142   delay.o
      1096         32       2072          0          0       9108   display.o
        76         12          0          9         20       1371   lightsensor.o
       172         30        256          0          0        707   main.o
       140         24          0          0          0       1607   misc.o
        36          8        404          0       1024        856   startup_stm32f401xx.o
        56          0          0          0          0       3087   stm32f4xx_adc.o
       332         38          0          0          0       5772   stm32f4xx_dma.o
        36         10          0          0          0       1184   stm32f4xx_exti.o
       240          0          0          0          0       3655   stm32f4xx_gpio.o
        26          0          0          0          0       4410   stm32f4xx_it.o
       296         30          0         16          0       4178   stm32f4xx_rcc.o
        68          0          0          0          0       3045   stm32f4xx_tim.o
       422          8          0          0          0       5029   stm32f4xx_usart.o
       336         32          0         20          0     288917   system_stm32f4xx.o
       856         92          0          4          0       6970   wifi.o
       856         92          0          4          0       7054   zigbee.o

    ----------------------------------------------------------------------
      7274        964       2764        100       2068     357399   Object Totals
         0          0         32          0          0          0   (incl. Generated)
        22          0          0          3          0          0   (incl. Padding)

    ----------------------------------------------------------------------

      Code (inc. data)   RO Data    RW Data    ZI Data      Debug   Library Member Name

         0          0          0          0          0          0   entry.o
         0          0          0          0          0          0   entry10a.o
         0          0          0          0          0          0   entry11a.o
         4          0          0          0          0          0   entry12b.o
         8          4          0          0          0          0   entry2.o
         4          0          0          0          0          0   entry5.o
         0          0          0          0          0          0   entry7b.o
         0          0          0          0          0          0   entry8b.o
         8          4          0          0          0          0   entry9a.o
        30          0          0          0          0          0   handlers.o
        36          8          0          0          0         68   init.o
        30          0          0          0          0         68   llshl.o
        32          0          0          0          0         68   llushr.o
        36          0          0          0          0         68   memcpya.o
      1160         50          0          0          0        420   printf8.o
        18          0          0          0          0         68   strcpy.o
        14          0          0          0          0         68   strlen.o
        36          0          0          0          0         80   strstr.o
        98          0          0          0          0         92   uldiv.o

    ----------------------------------------------------------------------
      1518         66          0          0          0       1000   Library Totals
         4          0          0          0          0          0   (incl. Padding)

    ----------------------------------------------------------------------

      Code (inc. data)   RO Data    RW Data    ZI Data      Debug   Library Name

      1514         66          0          0          0       1000   mc_w.l

    ----------------------------------------------------------------------
      1518         66          0          0          0       1000   Library Totals

    ----------------------------------------------------------------------

==============================================================================


      Code (inc. data)   RO Data    RW Data    ZI Data      Debug   

      8792       1030       2764        100       2068     349935   Grand Totals
      8792       1030       2764        100       2068     349935   ELF Image Totals
      8792       1030       2764        100          0          0   ROM Totals

==============================================================================

    Total RO  Size (Code + RO Data)                11556 (  11.29kB)
    Total RW  Size (RW Data + ZI Data)              2168 (   2.12kB)
    Total ROM Size (Code + RO Data + RW Data)      11656 (  11.38kB)

==============================================================================

