(---------------------------------------------------------------------)
(                                                                     )
(    Allegro Netrev Import Logic                                      )
(                                                                     )
(    Drawing          : SHOWERHOST.brd                                )
(    Software Version : 17.2S079                                      )
(    Date/Time        : Fri Apr 29 10:45:08 2022                      )
(                                                                     )
(---------------------------------------------------------------------)


------ Directives ------------

Ripup etch:                  No
Ripup delete first segment:  No
Ripup retain bondwire:       No
Ripup symbols:               Always
Missing symbol has error:    No
DRC update:                  Yes
Schematic directory:         'D:/PKU/SmartPublicBathroom/Project/2_ShowerHost/Hardware/2_PCB'
Design Directory:            'D:/PKU/SmartPublicBathroom/Project/2_ShowerHost/Hardware/2_PCB'
Old design name:             'D:/PKU/SmartPublicBathroom/Project/2_ShowerHost/Hardware/2_PCB/SHOWERHOST.brd'
New design name:             'D:/PKU/SmartPublicBathroom/Project/2_ShowerHost/Hardware/2_PCB/SHOWERHOST.brd'

CmdLine: netrev -$ -i D:/PKU/SmartPublicBathroom/Project/2_ShowerHost/Hardware/2_PCB -y 1 -h -q netrev_constraint_report.xml D:/PKU/SmartPublicBathroom/Project/2_ShowerHost/Hardware/2_PCB/#Taaaaak16708.tmp

------ Preparing to read pst files ------

Starting to read D:/PKU/SmartPublicBathroom/Project/2_ShowerHost/Hardware/2_PCB/pstchip.dat 
   Finished reading D:/PKU/SmartPublicBathroom/Project/2_ShowerHost/Hardware/2_PCB/pstchip.dat (00:00:00.03)
Starting to read D:/PKU/SmartPublicBathroom/Project/2_ShowerHost/Hardware/2_PCB/pstxprt.dat 
   Finished reading D:/PKU/SmartPublicBathroom/Project/2_ShowerHost/Hardware/2_PCB/pstxprt.dat (00:00:00.00)
Starting to read D:/PKU/SmartPublicBathroom/Project/2_ShowerHost/Hardware/2_PCB/pstxnet.dat 
   Finished reading D:/PKU/SmartPublicBathroom/Project/2_ShowerHost/Hardware/2_PCB/pstxnet.dat (00:00:00.00)

------ Oversights/Warnings/Errors ------


------ Library Paths ------
MODULEPATH =  . 
           d:/cadence/spb_17.2/share/local/pcb/modules 

PSMPATH =  D:/PKU/SmartPublicBathroom/Project/2_ShowerHost/Hardware/3_Library/Footprint/lib_footprint/ 
           . 
           symbols 
           .. 
           ../symbols 
           D:/Cadence/SPB_17.2/share/local/pcb/symbols 
           D:/Cadence/SPB_17.2/share/pcb/pcb_lib/symbols 
           D:/Cadence/SPB_17.2/share/pcb/allegrolib/symbols 

PADPATH =  D:/PKU/SmartPublicBathroom/Project/2_ShowerHost/Hardware/3_Library/Footprint/lib_footprint/ 
           . 
           symbols 
           .. 
           ../symbols 
           D:/Cadence/SPB_17.2/share/local/pcb/padstacks 
           D:/Cadence/SPB_17.2/share/pcb/pcb_lib/symbols 
           D:/Cadence/SPB_17.2/share/pcb/allegrolib/symbols 


------ Summary Statistics ------


netrev run on Apr 29 10:45:08 2022
   DESIGN NAME : 'SHOWERHOST'
   PACKAGING ON Nov 12 2021 16:47:14

   COMPILE 'logic'
   CHECK_PIN_NAMES OFF
   CROSS_REFERENCE OFF
   FEEDBACK OFF
   INCREMENTAL OFF
   INTERFACE_TYPE PHYSICAL
   MAX_ERRORS 500
   MERGE_MINIMUM 5
   NET_NAME_CHARS '#%&()*+-./:=>?@[]^_`|'
   NET_NAME_LENGTH 24
   OVERSIGHTS ON
   REPLACE_CHECK OFF
   SINGLE_NODE_NETS ON
   SPLIT_MINIMUM 0
   SUPPRESS   20
   WARNINGS ON

 No error detected
 No oversight detected
 No warning detected

cpu time      0:00:48
elapsed time  0:00:00

